#0 building with "desktop-linux" instance using docker driver

#1 [internal] load build definition from fix.Dockerfile
#1 transferring dockerfile: 933B done
#1 DONE 0.0s

#2 [internal] load metadata for docker.io/library/golang:1.13
#2 DONE 0.6s

#3 [internal] load .dockerignore
#3 transferring context: 2B done
#3 DONE 0.0s

#4 [1/7] FROM docker.io/library/golang:1.13@sha256:8ebb6d5a48deef738381b56b1d4cd33d99a5d608e0d03c5fe8dfa3f68d41a1f8
#4 resolve docker.io/library/golang:1.13@sha256:8ebb6d5a48deef738381b56b1d4cd33d99a5d608e0d03c5fe8dfa3f68d41a1f8 0.0s done
#4 DONE 0.0s

#5 [2/7] RUN git init -q /go/src/istio.io/istio
#5 CACHED

#6 [3/7] WORKDIR /go/src/istio.io/istio
#6 CACHED

#7 [4/7] RUN git remote add origin https://github.com/istio/istio.git &&     git fetch -q --depth 1 origin c6e9130227497ab064dd571a1409236d17aa2ef3 &&     git checkout -q FETCH_HEAD
#7 CACHED

#8 [5/7] RUN echo 'replace bitbucket.org/ww/goautoneg => github.com/munnerz/goautoneg v0.0.0-20191010083416-a7dc8b61c822' >> go.mod
#8 DONE 0.2s

#9 [6/7] RUN go test ./pkg/envoy -c -o /go/gobench.test
#9 7.535 go: downloading github.com/howeyc/fsnotify v0.9.0
#9 7.535 go: downloading istio.io/pkg v0.0.0-20191008025934-66d669f9a3fd
#9 7.535 go: downloading github.com/envoyproxy/go-control-plane v0.9.1-0.20191002184426-9d865299d2ff
#9 7.538 go: downloading github.com/ghodss/yaml v1.0.0
#9 7.566 go: downloading github.com/gogo/protobuf v1.3.0
#9 7.567 go: downloading github.com/hashicorp/go-multierror v1.0.0
#9 7.570 go: downloading istio.io/api v0.0.0-20191009011736-593785242b9d
#9 7.621 go: downloading github.com/onsi/gomega v1.5.0
#9 7.625 go: extracting github.com/ghodss/yaml v1.0.0
#9 7.638 go: downloading gopkg.in/yaml.v2 v2.2.2
#9 7.647 go: extracting github.com/hashicorp/go-multierror v1.0.0
#9 7.650 go: downloading github.com/golang/protobuf v1.3.2
#9 7.736 go: extracting github.com/howeyc/fsnotify v0.9.0
#9 7.871 go: extracting github.com/onsi/gomega v1.5.0
#9 7.914 go: extracting gopkg.in/yaml.v2 v2.2.2
#9 8.171 go: extracting istio.io/pkg v0.0.0-20191008025934-66d669f9a3fd
#9 8.458 go: extracting github.com/envoyproxy/go-control-plane v0.9.1-0.20191002184426-9d865299d2ff
#9 8.593 go: downloading github.com/juju/errors v0.0.0-20190207033735-e65537c515d7
#9 9.057 go: extracting istio.io/api v0.0.0-20191009011736-593785242b9d
#9 9.175 go: downloading go.uber.org/zap v1.10.0
#9 9.182 go: downloading google.golang.org/grpc v1.24.0
#9 9.184 go: downloading istio.io/gogo-genproto v0.0.0-20190930162913-45029607206a
#9 9.725 go: extracting github.com/golang/protobuf v1.3.2
#9 9.755 go: downloading cloud.google.com/go v0.38.0
#9 9.755 go: downloading golang.org/x/net v0.0.0-20190827160401-ba9fcec4b297
#9 9.757 go: downloading github.com/cenkalti/backoff v2.0.0+incompatible
#9 10.17 go: extracting github.com/juju/errors v0.0.0-20190207033735-e65537c515d7
#9 10.17 go: downloading github.com/census-instrumentation/opencensus-proto v0.2.1
#9 10.21 go: extracting go.uber.org/zap v1.10.0
#9 10.23 go: downloading github.com/natefinch/lumberjack v2.0.0+incompatible
#9 10.24 go: extracting github.com/gogo/protobuf v1.3.0
#9 10.42 go: extracting github.com/census-instrumentation/opencensus-proto v0.2.1
#9 10.43 go: downloading github.com/envoyproxy/protoc-gen-validate v0.1.0
#9 10.44 go: downloading google.golang.org/genproto v0.0.0-20190819201941-24fa4b261c55
#9 10.45 go: downloading go.uber.org/atomic v1.4.0
#9 10.65 go: extracting github.com/cenkalti/backoff v2.0.0+incompatible
#9 10.69 go: extracting istio.io/gogo-genproto v0.0.0-20190930162913-45029607206a
#9 10.74 go: extracting google.golang.org/grpc v1.24.0
#9 10.81 go: downloading go.uber.org/multierr v1.1.0
#9 10.86 go: downloading github.com/spf13/cobra v0.0.5
#9 10.91 go: extracting github.com/natefinch/lumberjack v2.0.0+incompatible
#9 10.92 go: downloading github.com/hashicorp/errwrap v1.0.0
#9 11.59 go: extracting go.uber.org/atomic v1.4.0
#9 10.56 go: extracting github.com/hashicorp/errwrap v1.0.0
#9 10.58 go: downloading github.com/pkg/errors v0.8.1
#9 10.66 go: extracting github.com/envoyproxy/protoc-gen-validate v0.1.0
#9 10.70 go: extracting golang.org/x/net v0.0.0-20190827160401-ba9fcec4b297
#9 10.72 go: downloading golang.org/x/sys v0.0.0-20190616124812-15dcb6c0061f
#9 10.78 go: downloading golang.org/x/text v0.3.2
#9 10.82 go: downloading github.com/mitchellh/copystructure v1.0.0
#9 11.24 go: extracting go.uber.org/multierr v1.1.0
#9 11.25 go: downloading go.opencensus.io v0.21.0
#9 11.36 go: extracting github.com/spf13/cobra v0.0.5
#9 12.12 go: extracting github.com/pkg/errors v0.8.1
#9 12.60 go: extracting github.com/mitchellh/copystructure v1.0.0
#9 12.60 go: downloading github.com/mitchellh/reflectwalk v1.0.1
#9 12.65 go: extracting cloud.google.com/go v0.38.0
#9 12.83 go: downloading golang.org/x/oauth2 v0.0.0-20190604053449-0f29369cfe45
#9 13.72 go: extracting github.com/mitchellh/reflectwalk v1.0.1
#9 14.59 go: extracting golang.org/x/oauth2 v0.0.0-20190604053449-0f29369cfe45
#9 14.60 go: extracting go.opencensus.io v0.21.0
#9 14.64 go: downloading github.com/spf13/pflag v1.0.5
#9 14.73 go: extracting golang.org/x/text v0.3.2
#9 15.26 go: extracting github.com/spf13/pflag v1.0.5
#9 15.72 go: extracting golang.org/x/sys v0.0.0-20190616124812-15dcb6c0061f
#9 16.83 go: extracting google.golang.org/genproto v0.0.0-20190819201941-24fa4b261c55
#9 17.20 go: finding github.com/envoyproxy/go-control-plane v0.9.1-0.20191002184426-9d865299d2ff
#9 17.20 go: finding github.com/golang/protobuf v1.3.2
#9 17.20 go: finding github.com/ghodss/yaml v1.0.0
#9 17.20 go: finding istio.io/api v0.0.0-20191009011736-593785242b9d
#9 17.20 go: finding github.com/hashicorp/go-multierror v1.0.0
#9 17.20 go: finding istio.io/pkg v0.0.0-20191008025934-66d669f9a3fd
#9 17.20 go: finding github.com/howeyc/fsnotify v0.9.0
#9 17.20 go: finding github.com/gogo/protobuf v1.3.0
#9 17.21 go: finding github.com/juju/errors v0.0.0-20190207033735-e65537c515d7
#9 17.22 go: finding golang.org/x/oauth2 v0.0.0-20190604053449-0f29369cfe45
#9 17.26 go: finding cloud.google.com/go v0.38.0
#9 17.27 go: finding github.com/hashicorp/errwrap v1.0.0
#9 17.27 go: finding github.com/envoyproxy/protoc-gen-validate v0.1.0
#9 17.33 go: finding gopkg.in/yaml.v2 v2.2.2
#9 17.33 go: finding github.com/natefinch/lumberjack v2.0.0+incompatible
#9 17.33 go: finding github.com/spf13/cobra v0.0.5
#9 17.33 go: finding go.uber.org/zap v1.10.0
#9 17.39 go: finding github.com/mitchellh/copystructure v1.0.0
#9 17.39 go: finding google.golang.org/grpc v1.24.0
#9 17.39 go: finding github.com/census-instrumentation/opencensus-proto v0.2.1
#9 17.40 go: finding github.com/spf13/pflag v1.0.5
#9 17.41 go: finding go.uber.org/multierr v1.1.0
#9 17.41 go: finding go.uber.org/atomic v1.4.0
#9 17.41 go: finding google.golang.org/genproto v0.0.0-20190819201941-24fa4b261c55
#9 17.41 go: finding golang.org/x/net v0.0.0-20190827160401-ba9fcec4b297
#9 17.45 go: finding go.opencensus.io v0.21.0
#9 17.46 go: finding istio.io/gogo-genproto v0.0.0-20190930162913-45029607206a
#9 17.49 go: finding github.com/mitchellh/reflectwalk v1.0.1
#9 17.49 go: finding golang.org/x/text v0.3.2
#9 17.49 go: finding golang.org/x/sys v0.0.0-20190616124812-15dcb6c0061f
#9 17.66 go: finding github.com/onsi/gomega v1.5.0
#9 17.66 go: finding github.com/pkg/errors v0.8.1
#9 17.66 go: finding github.com/cenkalti/backoff v2.0.0+incompatible
#9 DONE 23.2s

#10 [7/7] RUN go list -m all > /go/dep_versions.txt &&     { git rev-parse HEAD; git hash-object pkg/envoy/agent.go pkg/envoy/agent_test.go; } > /go/blob_check.txt
#10 0.398 go: finding bitbucket.org/bertimus9/systemstat v0.0.0-20180207000608-0eeff89b0690
#10 0.724 go: finding github.com/munnerz/goautoneg v0.0.0-20191010083416-a7dc8b61c822
#10 0.766 go: finding contrib.go.opencensus.io/exporter/ocagent v0.4.12
#10 0.882 go: finding contrib.go.opencensus.io/exporter/prometheus v0.1.0
#10 0.955 go: finding contrib.go.opencensus.io/exporter/stackdriver v0.6.0
#10 1.045 go: finding contrib.go.opencensus.io/exporter/zipkin v0.1.1
#10 1.116 go: finding fortio.org/fortio v1.3.0
#10 1.186 go: finding git.apache.org/thrift.git v0.12.0
#10 1.271 go: finding github.com/Azure/azure-sdk-for-go v21.4.0+incompatible
#10 1.336 go: finding github.com/Azure/go-ansiterm v0.0.0-20170929234023-d6e3b3328b78
#10 1.378 go: finding github.com/Azure/go-autorest v12.0.0+incompatible
#10 1.482 go: finding github.com/BurntSushi/toml v0.3.1
#10 1.550 go: finding github.com/BurntSushi/xgb v0.0.0-20160522181843-27f122750802
#10 1.598 go: finding github.com/DATA-DOG/go-sqlmock v1.3.3
#10 1.714 go: finding github.com/DataDog/datadog-go v2.2.0+incompatible
#10 1.772 go: finding github.com/GoogleCloudPlatform/k8s-cloud-provider v0.0.0-20181220005116-f8e995905100
#10 1.857 go: finding github.com/JeffAshton/win_pdh v0.0.0-20161109143554-76bb4ee9f0ab
#10 1.927 go: finding github.com/Jeffail/gabs v1.1.1
#10 2.023 go: finding github.com/MakeNowJust/heredoc v0.0.0-20171113091838-e9091a26100e
#10 2.105 go: finding github.com/Masterminds/goutils v1.1.0
#10 2.219 go: finding github.com/Masterminds/semver v1.4.2
#10 2.285 go: finding github.com/Masterminds/sprig v2.14.1+incompatible
#10 2.365 go: finding github.com/Microsoft/go-winio v0.4.12
#10 2.431 go: finding github.com/Microsoft/hcsshim v0.8.6
#10 2.513 go: finding github.com/NYTimes/gziphandler v1.0.1
#10 2.617 go: finding github.com/Nvveen/Gotty v0.0.0-20120604004816-cd527374f1e5
#10 2.696 go: finding github.com/OneOfOne/xxhash v1.2.2
#10 2.739 go: finding github.com/PuerkitoBio/purell v1.1.1
#10 2.779 go: finding github.com/PuerkitoBio/urlesc v0.0.0-20170810143723-de5bf2ad4578
#10 2.834 go: finding github.com/Rican7/retry v0.1.0
#10 2.952 go: finding github.com/SAP/go-hdb v0.14.1
#10 3.103 go: finding github.com/SermoDigital/jose v0.9.1
#10 3.168 go: finding github.com/Shopify/sarama v1.19.0
#10 3.249 go: finding github.com/Shopify/toxiproxy v2.1.4+incompatible
#10 3.334 go: finding github.com/alecthomas/template v0.0.0-20160405071501-a0175ee3bccc
#10 3.446 go: finding github.com/alecthomas/units v0.0.0-20151022065526-2efee857e7cf
#10 3.509 go: finding github.com/alicebob/gopher-json v0.0.0-20180125190556-5a6b3ba71ee6
#10 3.603 go: finding github.com/alicebob/miniredis v0.0.0-20180201100744-9d52b1fc8da9
#10 3.677 go: finding github.com/anmitsu/go-shlex v0.0.0-20161002113705-648efa622239
#10 3.762 go: finding github.com/antlr/antlr4 v0.0.0-20190223165740-dade65a895c2
#10 3.835 go: finding github.com/aokoli/goutils v1.0.1
#10 3.900 go: finding github.com/apache/thrift v0.12.0
#10 3.978 go: finding github.com/appscode/jsonpatch v0.0.0-20190108182946-7c0e3b262f30
#10 4.047 go: finding github.com/armon/circbuf v0.0.0-20150827004946-bbbad097214e
#10 4.087 go: finding github.com/armon/consul-api v0.0.0-20180202201655-eb2c6b5be1b6
#10 4.133 go: finding github.com/armon/go-metrics v0.0.0-20190430140413-ec5e00d3c878
#10 4.235 go: finding github.com/armon/go-radix v1.0.0
#10 4.304 go: finding github.com/asaskevich/govalidator v0.0.0-20190424111038-f61b66f89f4a
#10 4.354 go: finding github.com/auth0/go-jwt-middleware v0.0.0-20170425171159-5493cabe49f7
#10 4.452 go: finding github.com/aws/aws-sdk-go v1.16.26
#10 4.519 go: finding github.com/bazelbuild/bazel-gazelle v0.0.0-20181012220611-c728ce9f663e
#10 4.583 go: finding github.com/bazelbuild/buildtools v0.0.0-20180226164855-80c7f0d45d7e
#10 4.659 go: finding github.com/beorn7/perks v1.0.0
#10 4.698 go: finding github.com/bitly/go-hostpool v0.0.0-20171023180738-a3a6125de932
#10 4.767 go: finding github.com/blang/semver v3.5.0+incompatible
#10 4.933 go: finding github.com/bmizerany/assert v0.0.0-20160611221934-b7ed37b82869
#10 5.052 go: finding github.com/boltdb/bolt v1.3.1
#10 5.128 go: finding github.com/bradfitz/go-smtpd v0.0.0-20170404230938-deb6d6237625
#10 5.219 go: finding github.com/cactus/go-statsd-client v3.1.1+incompatible
#10 5.305 go: finding github.com/cespare/prettybench v0.0.0-20150116022406-03b8cfe5406c
#10 5.374 go: finding github.com/cespare/xxhash v1.1.0
#10 5.449 go: finding github.com/chai2010/gettext-go v0.0.0-20170215093142-bf70f2a70fb1
#10 5.531 go: finding github.com/circonus-labs/circonus-gometrics v2.3.1+incompatible
#10 5.597 go: finding github.com/circonus-labs/circonusllhist v0.1.3
#10 5.660 go: finding github.com/client9/misspell v0.3.4
#10 5.709 go: finding github.com/cloudflare/cfssl v0.0.0-20180726162950-56268a613adf
#10 5.805 go: finding github.com/clusterhq/flocker-go v0.0.0-20160920122132-2b8b7259d313
#10 5.864 go: finding github.com/codahale/hdrhistogram v0.0.0-20161010025455-3a0bb77429bd
#10 5.934 go: finding github.com/codedellemc/goscaleio v0.0.0-20170830184815-20e2ce2cf885
#10 6.037 go: finding github.com/codegangsta/negroni v1.0.0
#10 6.113 go: finding github.com/container-storage-interface/spec v1.1.0
#10 6.187 go: finding github.com/containerd/console v0.0.0-20170925154832-84eeaae905fa
#10 6.265 go: finding github.com/containerd/containerd v1.0.2
#10 6.324 go: finding github.com/containerd/continuity v0.0.0-20190426062206-aaeac12a7ffc
#10 6.384 go: finding github.com/containerd/typeurl v0.0.0-20190228175220-2a93cfde8c20
#10 6.459 go: finding github.com/containernetworking/cni v0.6.0
#10 6.520 go: finding github.com/coreos/bbolt v1.3.3
#10 6.600 go: finding github.com/coreos/etcd v3.3.13+incompatible
#10 6.681 go: finding github.com/coreos/go-etcd v2.0.0+incompatible
#10 6.723 go: finding github.com/coreos/go-oidc v0.0.0-20180117170138-065b426bd416
#10 6.782 go: finding github.com/coreos/go-semver v0.3.0
#10 6.853 go: finding github.com/coreos/go-systemd v0.0.0-20181031085051-9002847aa142
#10 6.923 go: finding github.com/coreos/pkg v0.0.0-20180928190104-399ea9e2e55f
#10 7.007 go: finding github.com/coreos/prometheus-operator v0.29.0
#10 7.088 go: finding github.com/coreos/rkt v1.30.0
#10 7.167 go: finding github.com/cpuguy83/go-md2man v1.0.10
#10 7.214 go: finding github.com/cyphar/filepath-securejoin v0.2.2
#10 7.258 go: finding github.com/d2g/dhcp4 v0.0.0-20170904100407-a1d1b6c41b1c
#10 7.338 go: finding github.com/d2g/dhcp4client v0.0.0-20170829104524-6e570ed0a266
#10 7.410 go: finding github.com/d4l3k/messagediff v1.2.1
#10 7.449 go: finding github.com/davecgh/go-spew v1.1.1
#10 7.503 go: finding github.com/daviddengcn/go-colortext v0.0.0-20160507010035-511bcaf42ccd
#10 7.569 go: finding github.com/dchest/siphash v1.1.0
#10 7.631 go: finding github.com/denisenkom/go-mssqldb v0.0.0-20190423183735-731ef375ac02
#10 7.687 go: finding github.com/dgrijalva/jwt-go v3.2.0+incompatible
#10 7.733 go: finding github.com/dgryski/go-sip13 v0.0.0-20181026042036-e10d5fee7954
#10 7.798 go: finding github.com/dnaeon/go-vcr v1.0.1
#10 7.861 go: finding github.com/docker/distribution v2.7.1+incompatible
#10 7.936 go: finding github.com/docker/docker v1.13.1
#10 8.000 go: finding github.com/docker/go-connections v0.4.0
#10 8.041 go: finding github.com/docker/go-units v0.4.0
#10 8.105 go: finding github.com/docker/libnetwork v0.0.0-20180830151422-a9cd636e3789
#10 8.175 go: finding github.com/docker/spdystream v0.0.0-20181023171402-6480d4af844c
#10 8.247 go: finding github.com/docopt/docopt-go v0.0.0-20180111231733-ee0de3bc6815
#10 8.310 go: finding github.com/dropbox/godropbox v0.0.0-20190501155911-5749d3b71cbe
#10 8.373 go: finding github.com/dsnet/compress v0.0.1
#10 8.468 go: finding github.com/dsnet/golib v0.0.0-20171103203638-1ea166775780
#10 8.523 go: finding github.com/duosecurity/duo_api_golang v0.0.0-20190308151101-6c680f768e74
#10 8.605 go: finding github.com/eapache/go-resiliency v1.1.0
#10 8.715 go: finding github.com/eapache/go-xerial-snappy v0.0.0-20180814174437-776d5712da21
#10 8.781 go: finding github.com/eapache/queue v1.1.0
#10 8.845 go: finding github.com/elazarl/go-bindata-assetfs v1.0.0
#10 8.928 go: finding github.com/elazarl/goproxy v0.0.0-20190630181448-f1e96bc0f4c5
#10 9.039 go: finding github.com/elazarl/goproxy/ext v0.0.0-20190630181448-f1e96bc0f4c5
#10 9.095 go: finding github.com/emicklei/go-restful v2.9.3+incompatible
#10 9.169 go: finding github.com/emicklei/go-restful-swagger12 v0.0.0-20170926063155-7524189396c6
#10 9.263 go: finding github.com/euank/go-kmsg-parser v2.0.0+incompatible
#10 9.332 go: finding github.com/evanphx/json-patch v4.5.0+incompatible
#10 9.400 go: finding github.com/exponent-io/jsonpath v0.0.0-20151013193312-d6023ce2651d
#10 9.517 go: finding github.com/facebookgo/stack v0.0.0-20160209184415-751773369052
#10 9.563 go: finding github.com/facebookgo/stackerr v0.0.0-20150612192056-c2fcf88613f4
#10 9.624 go: finding github.com/fatih/camelcase v1.0.0
#10 9.662 go: finding github.com/fatih/structs v1.1.0
#10 9.703 go: finding github.com/fluent/fluent-logger-golang v1.3.0
#10 9.773 go: finding github.com/flynn/go-shlex v0.0.0-20150515145356-3f9db97f8568
#10 9.843 go: finding github.com/frankban/quicktest v1.4.1
#10 9.917 go: finding github.com/fsnotify/fsnotify v1.4.7
#10 9.969 go: finding github.com/garyburd/redigo v1.6.0
#10 10.04 go: finding github.com/gliderlabs/ssh v0.1.1
#10 10.22 go: finding github.com/globalsign/mgo v0.0.0-20181015135952-eeefdecb41b8
#10 10.28 go: finding github.com/go-kit/kit v0.8.0
#10 10.37 go: finding github.com/go-logfmt/logfmt v0.4.0
#10 10.44 go: finding github.com/go-logr/logr v0.1.0
#10 10.50 go: finding github.com/go-logr/zapr v0.1.1
#10 10.57 go: finding github.com/go-openapi/analysis v0.17.2
#10 10.64 go: finding github.com/go-openapi/errors v0.17.2
#10 10.71 go: finding github.com/go-openapi/jsonpointer v0.19.3
#10 10.76 go: finding github.com/go-openapi/jsonreference v0.19.2
#10 10.83 go: finding github.com/go-openapi/loads v0.17.2
#10 10.90 go: finding github.com/go-openapi/runtime v0.17.2
#10 10.96 go: finding github.com/go-openapi/spec v0.19.3
#10 11.03 go: finding github.com/go-openapi/strfmt v0.18.0
#10 11.10 go: finding github.com/go-openapi/swag v0.19.5
#10 11.17 go: finding github.com/go-openapi/validate v0.18.0
#10 11.23 go: finding github.com/go-ozzo/ozzo-validation v3.5.0+incompatible
#10 11.30 go: finding github.com/go-redis/redis v6.10.2+incompatible
#10 11.37 go: finding github.com/go-sql-driver/mysql v1.4.1
#10 11.43 go: finding github.com/go-stack/stack v1.8.0
#10 11.48 go: finding github.com/gobuffalo/envy v1.7.0
#10 11.62 go: finding github.com/gobuffalo/logger v1.0.0
#10 11.66 go: finding github.com/gobuffalo/packd v0.3.0
#10 11.74 go: finding github.com/gobuffalo/packr v1.30.1
#10 11.79 go: finding github.com/gobuffalo/packr/v2 v2.5.1
#10 11.84 go: finding github.com/gobwas/glob v0.2.3
#10 11.90 go: finding github.com/gocql/gocql v0.0.0-20190423091413-b99afaf3b163
#10 11.96 go: finding github.com/godbus/dbus v0.0.0-20151105175453-c7fdd8b5cd55
#10 12.04 go: finding github.com/gogo/googleapis v1.2.0
#10 12.10 go: finding github.com/istio/glog v0.0.0-20190424172949-d7cfb6fa2ccd
#10 12.16 go: finding github.com/golang/groupcache v0.0.0-20190129154638-5b532d6fd5ef
#10 12.26 go: finding github.com/golang/lint v0.0.0-20180702182130-06c8688daad7
#10 12.31 go: finding github.com/golang/mock v1.2.0
#10 12.46 go: finding github.com/golang/snappy v0.0.1
#10 12.56 go: finding github.com/golang/sync v0.0.0-20180314180146-1d60e4601c6f
#10 12.64 go: finding github.com/golangplus/bytes v0.0.0-20160111154220-45c989fe5450
#10 12.71 go: finding github.com/golangplus/fmt v0.0.0-20150411045040-2a5d6d7d2995
#10 13.01 go: finding github.com/golangplus/testing v0.0.0-20180327235837-af21d9c3145e
#10 13.09 go: finding github.com/google/btree v1.0.0
#10 13.17 go: finding github.com/google/cadvisor v0.33.2-0.20190411163913-9db8c7dee20a
#10 13.24 go: finding github.com/google/cel-go v0.2.0
#10 13.31 go: finding github.com/google/cel-spec v0.2.0
#10 13.39 go: finding github.com/google/certificate-transparency-go v1.0.21
#10 13.46 go: finding github.com/google/go-cmp v0.3.0
#10 13.51 go: finding github.com/google/go-github v17.0.0+incompatible
#10 13.57 go: finding github.com/google/go-querystring v1.0.0
#10 13.64 go: finding github.com/google/gofuzz v1.0.0
#10 13.69 go: finding github.com/google/martian v2.1.0+incompatible
#10 13.73 go: finding github.com/google/pprof v0.0.0-20181206194817-3ea8567a2e57
#10 13.79 go: finding github.com/google/uuid v1.1.1
#10 13.83 go: finding github.com/googleapis/gax-go v2.0.0+incompatible
#10 13.90 go: finding github.com/googleapis/gax-go/v2 v2.0.5
#10 13.95 go: finding github.com/googleapis/gnostic v0.3.1
#10 14.01 go: finding github.com/gophercloud/gophercloud v0.0.0-20190424031112-b9b92a825806
#10 14.08 go: finding github.com/gopherjs/gopherjs v0.0.0-20181017120253-0766667cb4d1
#10 14.15 go: finding github.com/gorilla/context v1.1.1
#10 14.22 go: finding github.com/gorilla/mux v1.7.2
#10 14.27 go: finding github.com/gorilla/websocket v1.4.0
#10 14.35 go: finding github.com/gotestyourself/gotestyourself v2.2.0+incompatible
#10 14.46 go: finding github.com/gregjones/httpcache v0.0.0-20190611155906-901d90724c79
#10 14.52 go: finding github.com/grpc-ecosystem/go-grpc-middleware v1.0.0
#10 14.60 go: finding github.com/grpc-ecosystem/go-grpc-prometheus v1.2.0
#10 14.66 go: finding github.com/grpc-ecosystem/grpc-gateway v1.8.5
#10 14.72 go: finding github.com/grpc-ecosystem/grpc-health-probe v0.2.0
#10 14.78 go: finding github.com/grpc-ecosystem/grpc-opentracing v0.0.0-20171214222146-0e7658f8ee99
#10 14.85 go: finding github.com/hailocab/go-hostpool v0.0.0-20160125115350-e80d13ce29ed
#10 14.89 go: finding github.com/hashicorp/consul v1.3.0
#10 14.95 go: finding github.com/hashicorp/go-cleanhttp v0.5.0
#10 15.02 go: finding github.com/hashicorp/go-hclog v0.9.0
#10 15.08 go: finding github.com/hashicorp/go-immutable-radix v1.0.0
#10 15.14 go: finding github.com/hashicorp/go-memdb v1.0.1
#10 15.21 go: finding github.com/hashicorp/go-msgpack v0.5.5
#10 15.30 go: finding github.com/hashicorp/go-plugin v1.0.0
#10 15.37 go: finding github.com/hashicorp/go-retryablehttp v0.5.3
#10 15.46 go: finding github.com/hashicorp/go-rootcerts v0.0.0-20160503143440-6bb64b370b90
#10 15.53 go: finding github.com/hashicorp/go-sockaddr v1.0.0
#10 15.58 go: finding github.com/hashicorp/go-uuid v1.0.1
#10 15.63 go: finding github.com/hashicorp/go-version v1.2.0
#10 15.67 go: finding github.com/hashicorp/golang-lru v0.5.1
#10 15.75 go: finding github.com/hashicorp/hcl v1.0.0
#10 15.80 go: finding github.com/hashicorp/memberlist v0.1.3
#10 15.86 go: finding github.com/hashicorp/serf v0.8.1
#10 15.94 go: finding github.com/hashicorp/vault v0.10.0
#10 16.01 go: finding github.com/hashicorp/yamux v0.0.0-20180604194846-3520598351bb
#10 16.09 go: finding github.com/heketi/heketi v0.0.0-20181109135656-558b29266ce0
#10 16.16 go: finding github.com/heketi/rest v0.0.0-20180404230133-aa6a65207413
#10 16.24 go: finding github.com/heketi/tests v0.0.0-20151005000721-f3775cbcefd6
#10 16.52 go: finding github.com/heketi/utils v0.0.0-20170317161834-435bc5bdfa64
#10 16.59 go: finding github.com/hpcloud/tail v1.0.0
#10 16.63 go: finding github.com/huandu/xstrings v1.2.0
#10 16.71 go: finding github.com/iancoleman/strcase v0.0.0-20180726023541-3605ed457bf7
#10 16.79 go: finding github.com/imdario/mergo v0.3.7
#10 16.88 go: finding github.com/inconshreveable/mousetrap v1.0.0
#10 16.94 go: finding github.com/jefferai/jsonx v1.0.0
#10 16.56 go: finding github.com/jellevandenhooff/dkim v0.0.0-20150330215556-f50fe3d243e1
#10 16.63 go: finding github.com/jmespath/go-jmespath v0.0.0-20180206201540-c2b33e8439af
#10 15.77 go: finding github.com/jmoiron/sqlx v1.2.0
#10 15.83 go: finding github.com/joho/godotenv v1.3.0
#10 15.87 go: finding github.com/jonboulle/clockwork v0.1.0
#10 15.97 go: finding github.com/json-iterator/go v1.1.7
#10 16.03 go: finding github.com/jstemmer/go-junit-report v0.0.0-20190106144839-af01ea7f8024
#10 16.95 go: finding github.com/jteeuwen/go-bindata v0.0.0-20151023091102-a0ff2567cfb7
#10 17.03 go: finding github.com/jtolds/gls v4.20.0+incompatible
#10 17.09 go: finding github.com/juju/loggo v0.0.0-20190212223446-d976af380377
#10 17.16 go: finding github.com/juju/testing v0.0.0-20190429233213-dfc56b8c09fc
#10 17.30 go: finding github.com/julienschmidt/httprouter v1.2.0
#10 17.37 go: finding github.com/kardianos/osext v0.0.0-20150410034420-8fef92e41e22
#10 17.45 go: finding github.com/karrick/godirwalk v1.10.12
#10 17.49 go: finding github.com/keybase/go-crypto v0.0.0-20190416182011-b785b22cc757
#10 17.55 go: finding github.com/kisielk/errcheck v1.2.0
#10 17.61 go: finding github.com/kisielk/gotool v1.0.0
#10 17.65 go: finding github.com/klauspost/compress v1.4.1
#10 17.77 go: finding github.com/klauspost/cpuid v1.2.0
#10 17.85 go: finding github.com/konsorten/go-windows-terminal-sequences v1.0.2
#10 17.92 go: finding github.com/kr/fs v0.0.0-20131111012553-2788f0dbd169
#10 17.98 go: finding github.com/kr/logfmt v0.0.0-20140226030751-b84e30acd515
#10 18.05 go: finding github.com/kr/pretty v0.1.0
#10 18.09 go: finding github.com/kr/pty v1.1.5
#10 18.17 go: finding github.com/kr/text v0.1.0
#10 18.20 go: finding github.com/kylelemons/godebug v1.1.0
#10 18.25 go: finding github.com/lestrrat-go/jwx v0.9.0
#10 18.31 go: finding github.com/lib/pq v1.2.0
#10 18.36 go: finding github.com/libopenstorage/openstorage v0.0.0-20170906232338-093a0c388875
#10 18.43 go: finding github.com/liggitt/tabwriter v0.0.0-20181228230101-89fcab3d43de
#10 18.46 go: finding github.com/lithammer/dedent v1.1.0
#10 18.52 go: finding github.com/lpabon/godbc v0.1.1
#10 18.59 go: finding github.com/magiconair/properties v1.8.0
#10 18.66 go: finding github.com/mailru/easyjson v0.0.0-20190626092158-b2ccc519800e
#10 18.75 go: finding github.com/markbates/inflect v1.0.4
#10 18.82 go: finding github.com/marstr/guid v0.0.0-20170427235115-8bdf7d1a087c
#10 18.88 go: finding github.com/martinlindhe/base36 v0.0.0-20180729042928-5cda0030da17
#10 18.97 go: finding github.com/mattbaird/jsonpatch v0.0.0-20171005235357-81af80346b1a
#10 19.06 go: finding github.com/mattn/go-shellwords v0.0.0-20180605041737-f8471b0a71de
#10 19.13 go: finding github.com/mattn/go-sqlite3 v1.10.0
#10 19.20 go: finding github.com/matttproud/golang_protobuf_extensions v1.0.1
#10 19.25 go: finding github.com/maxbrunsfeld/counterfeiter v0.0.0-20181017030959-1aadac120687
#10 19.32 go: finding github.com/mesos/mesos-go v0.0.9
#10 19.40 go: finding github.com/mholt/archiver v3.1.1+incompatible
#10 19.48 go: finding github.com/mholt/caddy v0.0.0-20180213163048-2de495001514
#10 19.55 go: finding github.com/miekg/dns v1.0.14
#10 19.60 go: finding github.com/mindprince/gonvml v0.0.0-20171110221305-fee913ce8fb2
#10 19.67 go: finding github.com/mistifyio/go-zfs v0.0.0-20151009155749-1b4ae6fb4e77
#10 19.74 go: finding github.com/mitchellh/go-homedir v1.1.0
#10 19.77 go: finding github.com/mitchellh/go-testing-interface v1.0.0
#10 19.83 go: finding github.com/mitchellh/go-wordwrap v1.0.0
#10 19.94 go: finding github.com/mitchellh/mapstructure v1.1.2
#10 20.00 go: finding github.com/modern-go/concurrent v0.0.0-20180306012644-bacd9c7ef1dd
#10 20.06 go: finding github.com/modern-go/reflect2 v1.0.1
#10 20.12 go: finding github.com/mohae/deepcopy v0.0.0-20170603005431-491d3605edfb
#10 20.21 go: finding github.com/morikuni/aec v0.0.0-20170113033406-39771216ff4c
#10 20.28 go: finding github.com/mrunalp/fileutils v0.0.0-20160930181131-4ee1cc9a8058
#10 20.39 go: finding github.com/munnerz/goautoneg v0.0.0-20120707110453-a547fc61f48d
#10 20.49 go: finding github.com/mvdan/xurls v0.0.0-20160110113200-1b768d7c393a
#10 20.56 go: finding github.com/mwitkow/go-conntrack v0.0.0-20161129095857-cc309e4a2223
#10 20.63 go: finding github.com/mxk/go-flowrate v0.0.0-20140419014527-cca7078d478f
#10 20.68 go: finding github.com/nwaples/rardecode v1.0.0
#10 20.74 go: finding github.com/oklog/run v1.0.0
#10 20.80 go: finding github.com/oklog/ulid v1.3.1
#10 20.87 go: finding github.com/onsi/ginkgo v1.8.0
#10 20.95 go: finding github.com/open-policy-agent/opa v0.8.2
#10 21.02 go: finding github.com/opencontainers/go-digest v1.0.0-rc1
#10 21.09 go: finding github.com/opencontainers/image-spec v1.0.1
#10 21.16 go: finding github.com/opencontainers/runc v0.1.1
#10 21.24 go: finding github.com/opencontainers/runtime-spec v1.0.0
#10 21.30 go: finding github.com/opencontainers/selinux v0.0.0-20170621221121-4a2974bf1ee9
#10 21.37 go: finding github.com/openshift/api v0.0.0-20190322043348-8741ff068a47
#10 21.44 go: finding github.com/openshift/origin v0.0.0-20160503220234-8f127d736703
#10 21.51 go: finding github.com/opentracing/opentracing-go v1.0.2
#10 21.58 go: finding github.com/openzipkin/zipkin-go v0.1.6
#10 21.64 go: finding github.com/operator-framework/operator-lifecycle-manager v0.0.0-20190128024246-5eb7ae5bdb7a
#10 21.71 go: finding github.com/operator-framework/operator-registry v1.0.4
#10 21.76 go: finding github.com/operator-framework/operator-sdk v0.10.0
#10 21.82 go: finding github.com/ory/dockertest v3.3.4+incompatible
#10 21.90 go: finding github.com/pascaldekloe/goe v0.1.0
#10 21.97 go: finding github.com/patrickmn/go-cache v2.1.0+incompatible
#10 22.03 go: finding github.com/pborman/uuid v1.2.0
#10 22.09 go: finding github.com/pelletier/go-toml v1.3.0
#10 22.18 go: finding github.com/petar/GoLLRB v0.0.0-20130427215148-53be0d36a84c
#10 22.25 go: finding github.com/peterbourgon/diskv v2.0.1+incompatible
#10 22.30 go: finding github.com/philhofer/fwd v1.0.0
#10 22.39 go: finding github.com/pierrec/lz4 v2.2.5+incompatible
#10 22.44 go: finding github.com/pkg/sftp v0.0.0-20160930220758-4d0e916071f6
#10 22.50 go: finding github.com/pmezard/go-difflib v1.0.0
#10 22.54 go: finding github.com/pquerna/cachecontrol v0.0.0-20180306154005-525d0eb5f91d
#10 22.62 go: finding github.com/pquerna/ffjson v0.0.0-20180717144149-af8b230fcd20
#10 22.68 go: finding github.com/prometheus/client_golang v0.9.3
#10 22.75 go: finding github.com/prometheus/client_model v0.0.0-20190812154241-14fe0d1b01d4
#10 22.86 go: finding github.com/prometheus/common v0.4.0
#10 22.92 go: finding github.com/prometheus/procfs v0.0.0-20190507164030-5867b95ac084
#10 23.00 go: finding github.com/prometheus/prom2json v1.2.1
#10 23.08 go: finding github.com/prometheus/tsdb v0.7.1
#10 23.14 go: finding github.com/quobyte/api v0.1.2
#10 23.20 go: finding github.com/rcrowley/go-metrics v0.0.0-20181016184325-3113b8401b8a
#10 23.26 go: finding github.com/remyoudompheng/bigfft v0.0.0-20170806203942-52369c62f446
#10 23.32 go: finding github.com/robfig/cron v0.0.0-20170526150127-736158dc09e1
#10 23.39 go: finding github.com/rogpeppe/fastuuid v0.0.0-20150106093220-6724a57986af
#10 23.45 go: finding github.com/rogpeppe/go-charset v0.0.0-20180617210344-2471d30d28b4
#10 23.51 go: finding github.com/rogpeppe/go-internal v1.3.0
#10 23.58 go: finding github.com/rubenv/sql-migrate v0.0.0-20190902133344-8926f37f0bc1
#10 23.65 go: finding github.com/rubiojr/go-vhd v0.0.0-20160810183302-0bfd3b39853c
#10 23.72 go: finding github.com/russross/blackfriday v1.5.2
#10 23.76 go: finding github.com/ryanuber/go-glob v0.0.0-20160226084822-572520ed46db
#10 23.82 go: finding github.com/satori/go.uuid v1.2.0
#10 23.87 go: finding github.com/sclevine/spec v1.0.0
#10 23.94 go: finding github.com/sean-/seed v0.0.0-20170313163322-e2103e2c3529
#10 23.99 go: finding github.com/seccomp/libseccomp-golang v0.0.0-20150813023252-1b506fc7c24e
#10 24.07 go: finding github.com/sergi/go-diff v1.0.0
#10 24.11 go: finding github.com/sethgrid/pester v0.0.0-20180227223404-ed9870dad317
#10 24.18 go: finding github.com/shurcooL/sanitized_anchor_name v1.0.0
#10 24.24 go: finding github.com/sigma/go-inotify v0.0.0-20181102212354-c87b6cf5033d
#10 24.29 go: finding github.com/signalfx/com_signalfx_metrics_protobuf v0.0.0-20170330202426-93e507b42f43
#10 24.37 go: finding github.com/signalfx/gohistogram v0.0.0-20160107210732-1ccfd2ff5083
#10 24.43 go: finding github.com/signalfx/golib v1.1.6
#10 24.51 go: finding github.com/sirupsen/logrus v1.4.2
#10 24.55 go: finding github.com/smartystreets/assertions v0.0.0-20180927180507-b2de0cb4f26d
#10 24.60 go: finding github.com/smartystreets/goconvey v0.0.0-20190330032615-68dc04aab96a
#10 24.67 go: finding github.com/soheilhy/cmux v0.1.4
#10 24.74 go: finding github.com/spaolacci/murmur3 v0.0.0-20180118202830-f09979ecbc72
#10 24.78 go: finding github.com/spf13/afero v1.2.2
#10 24.85 go: finding github.com/spf13/cast v1.3.0
#10 24.89 go: finding github.com/spf13/jwalterweatherman v1.1.0
#10 24.94 go: finding github.com/istio/viper v1.3.3-0.20190515210538-2789fed3109c
#10 25.06 go: finding github.com/stevvooe/resumable v0.0.0-20180830230917-22b14a53ba50
#10 25.16 go: finding github.com/storageos/go-api v0.0.0-20180912212459-343b3eff91fc
#10 25.23 go: finding github.com/stretchr/objx v0.2.0
#10 25.28 go: finding github.com/stretchr/testify v1.3.0
#10 25.32 go: finding github.com/syndtr/gocapability v0.0.0-20160928074757-e7cb7fa329f4
#10 25.40 go: finding github.com/tarm/serial v0.0.0-20180830185346-98f6abe2eb07
#10 25.46 go: finding github.com/technosophos/moniker v0.0.0-20180509230615-a5dbd03a2245
#10 25.52 go: finding github.com/tinylib/msgp v1.0.2
#10 25.58 go: finding github.com/tmc/grpc-websocket-proxy v0.0.0-20190109142713-0ad062ec5ee5
#10 25.67 go: finding github.com/tv42/httpunix v0.0.0-20150427012821-b75d8614f926
#10 25.76 go: finding github.com/uber/jaeger-client-go v0.0.0-20190228190846-ecf2d03a9e80
#10 25.85 go: finding github.com/uber/jaeger-lib v2.0.0+incompatible
#10 25.92 go: finding github.com/ugorji/go v1.1.1
#10 26.00 go: finding github.com/ugorji/go/codec v0.0.0-20181204163529-d75b2dcb6bc8
#10 26.08 go: finding github.com/ulikunitz/xz v0.5.6
#10 27.55 go: finding github.com/urfave/negroni v1.0.0
#10 27.60 go: finding github.com/vishvananda/netlink v0.0.0-20171020171820-b2de5d10e38e
#10 27.67 go: finding github.com/vishvananda/netns v0.0.0-20171111001504-be1fbeda1936
#10 27.82 go: finding github.com/vmware/govmomi v0.20.1
#10 27.87 go: finding github.com/vmware/photon-controller-go-sdk v0.0.0-20170310013346-4a435daef6cc
#10 27.94 go: finding github.com/xanzy/go-cloudstack v0.0.0-20160728180336-1e2cbf647e57
#10 28.01 go: finding github.com/xi2/xz v0.0.0-20171230120015-48954b6210f8
#10 28.09 go: finding github.com/xiang90/probing v0.0.0-20190116061207-43a291ad63a2
#10 28.15 go: finding github.com/xlab/handysort v0.0.0-20150421192137-fb3537ed64a1
#10 28.21 go: finding github.com/xordataexchange/crypt v0.0.3-0.20170626215501-b2862e3d0a77
#10 28.25 go: finding github.com/yashtewari/glob-intersection v0.0.0-20180206001645-7af743e8ec84
#10 28.31 go: finding github.com/yl2chen/cidranger v0.0.0-20180214081945-928b519e5268
#10 28.39 go: finding github.com/yuin/gopher-lua v0.0.0-20180316054350-84ea3a3c79b3
#10 28.47 go: finding github.com/ziutek/mymysql v1.5.4
#10 28.53 go: finding go.etcd.io/bbolt v1.3.3
#10 28.59 go: finding go4.org v0.0.0-20180809161055-417644f6feb5
#10 28.66 go: finding golang.org/x/build v0.0.0-20190314133821-5284462c4bec
#10 28.74 go: finding golang.org/x/crypto v0.0.0-20190621222207-cc06ce4a13d4
#10 28.80 go: finding golang.org/x/exp v0.0.0-20190312203227-4b39c73a6495
#10 28.88 go: finding golang.org/x/image v0.0.0-20190227222117-0694c2d4d067
#10 28.94 go: finding golang.org/x/lint v0.0.0-20190409202823-959b441ac422
#10 29.03 go: finding golang.org/x/mobile v0.0.0-20190312151609-d3739f865fa6
#10 29.11 go: finding golang.org/x/perf v0.0.0-20180704124530-6e6d33e29852
#10 29.17 go: finding golang.org/x/sync v0.0.0-20190423024810-112230192c58
#10 29.26 go: finding golang.org/x/time v0.0.0-20190308202827-9d24e82272b4
#10 29.36 go: finding golang.org/x/tools v0.0.0-20190624180213-70d37148ca0c
#10 29.43 go: finding gomodules.xyz/jsonpatch/v2 v2.0.1
#10 29.50 go: finding gonum.org/v1/gonum v0.0.0-20190331200053-3d26580ed485
#10 29.57 go: finding gonum.org/v1/netlib v0.0.0-20190331212654-76723241ea4e
#10 29.65 go: finding google.golang.org/api v0.8.0
#10 29.69 go: finding google.golang.org/appengine v1.5.0
#10 29.77 go: finding gopkg.in/alecthomas/kingpin.v2 v2.2.6
#10 29.81 go: finding gopkg.in/check.v1 v1.0.0-20180628173108-788fd7840127
#10 29.87 go: finding gopkg.in/d4l3k/messagediff.v1 v1.2.1
#10 29.92 go: finding gopkg.in/errgo.v2 v2.1.0
#10 29.97 go: finding gopkg.in/fsnotify.v1 v1.4.7
#10 30.03 go: finding gopkg.in/gcfg.v1 v1.2.0
#10 30.10 go: finding gopkg.in/gorp.v1 v1.7.2
#10 30.15 go: finding gopkg.in/inf.v0 v0.9.1
#10 30.19 go: finding gopkg.in/logfmt.v0 v0.3.0
#10 30.28 go: finding gopkg.in/mgo.v2 v2.0.0-20180705113604-9856a29383ce
#10 30.32 go: finding gopkg.in/natefinch/lumberjack.v2 v2.0.0
#10 30.36 go: finding gopkg.in/ory-am/dockertest.v3 v3.3.4
#10 30.43 go: finding gopkg.in/resty.v1 v1.12.0
#10 30.54 go: finding gopkg.in/square/go-jose.v2 v2.3.1
#10 30.60 go: finding gopkg.in/stack.v1 v1.7.0
#10 30.68 go: finding gopkg.in/tomb.v1 v1.0.0-20141024135613-dd632973f1e7
#10 30.72 go: finding gopkg.in/warnings.v0 v0.1.1
#10 30.78 go: finding gopkg.in/yaml.v1 v1.0.0-20140924161607-9f9df34309c0
#10 30.84 go: finding gotest.tools v2.2.0+incompatible
#10 30.94 go: finding grpc.go4.org v0.0.0-20170609214715-11d0a25b4919
#10 31.03 go: finding honnef.co/go/tools v0.0.0-20190523083050-ea95bdfd59fc
#10 31.08 go: finding istio.io/operator v0.0.0-20191008215643-ac62f7e15efe
#10 31.15 go: finding k8s.io/api v0.0.0-20190620084959-7cf5895f2711
#10 31.23 go: finding k8s.io/apiextensions-apiserver v0.0.0-20190620085554-14e95df34f1f
#10 31.29 go: finding k8s.io/apimachinery v0.0.0-20190612205821-1799e75a0719
#10 31.36 go: finding k8s.io/apiserver v0.0.0-20190620085212-47dc9a115b18
#10 31.43 go: finding k8s.io/cli-runtime v0.0.0-20190620085706-2090e6d8f84c
#10 31.49 go: finding k8s.io/client-go v0.0.0-20190620085101-78d2af792bab
#10 31.55 go: finding k8s.io/cloud-provider v0.0.0-20190620090043-8301c0bda1f0
#10 31.62 go: finding k8s.io/cluster-bootstrap v0.0.0-20190620090013-c9a0fc045dc1
#10 31.69 go: finding k8s.io/code-generator v0.0.0-20190612205613-18da4a14b22b
#10 31.77 go: finding k8s.io/component-base v0.0.0-20190620085130-185d68e6e6ea
#10 31.84 go: finding k8s.io/cri-api v0.0.0-20190531030430-6117653b35f1
#10 31.93 go: finding k8s.io/csi-translation-lib v0.0.0-20190620090116-299a7b270edc
#10 31.99 go: finding k8s.io/gengo v0.0.0-20190327210449-e17681d19d3a
#10 32.06 go: finding k8s.io/heapster v1.2.0-beta.1
#10 32.12 go: finding k8s.io/helm v2.14.3+incompatible
#10 32.20 go: finding github.com/istio/klog v0.0.0-20190424230111-fb7481ea8bcf
#10 32.26 go: finding k8s.io/kube-aggregator v0.0.0-20190620085325-f29e2b4a4f84
#10 32.32 go: finding k8s.io/kube-controller-manager v0.0.0-20190620085942-b7f18460b210
#10 32.40 go: finding k8s.io/kube-openapi v0.0.0-20190918143330-0270cf2f1c1d
#10 32.51 go: finding k8s.io/kube-proxy v0.0.0-20190620085809-589f994ddf7f
#10 32.57 go: finding k8s.io/kube-scheduler v0.0.0-20190620085912-4acac5405ec6
#10 32.64 go: finding k8s.io/kube-state-metrics v1.6.0
#10 32.70 go: finding k8s.io/kubelet v0.0.0-20190620085838-f1cb295a73c9
#10 32.77 go: finding k8s.io/kubernetes v1.15.0
#10 32.84 go: finding k8s.io/legacy-cloud-providers v0.0.0-20190620090156-2138f2c9de18
#10 32.92 go: finding k8s.io/metrics v0.0.0-20190620085625-3b22d835f165
#10 32.99 go: finding k8s.io/repo-infra v0.0.0-20181204233714-00fe14e3d1a3
#10 33.05 go: finding k8s.io/sample-apiserver v0.0.0-20190620085408-1aef9010884e
#10 33.13 go: finding k8s.io/utils v0.0.0-20190506122338-8fab8cb257d5
#10 33.25 go: finding modernc.org/cc v1.0.0
#10 33.32 go: finding modernc.org/golex v1.0.0
#10 33.38 go: finding modernc.org/mathutil v1.0.0
#10 33.47 go: finding modernc.org/strutil v1.0.0
#10 33.53 go: finding modernc.org/xc v1.0.0
#10 33.60 go: finding sigs.k8s.io/controller-runtime v0.2.2
#10 33.66 go: finding sigs.k8s.io/controller-tools v0.0.0-20190411181648-9d55346c2bde
#10 33.74 go: finding sigs.k8s.io/kustomize v2.0.3+incompatible
#10 33.80 go: finding sigs.k8s.io/structured-merge-diff v0.0.0-20190525122527-15d366b2352e
#10 33.88 go: finding sigs.k8s.io/testing_frameworks v0.1.1
#10 33.94 go: finding sigs.k8s.io/yaml v1.1.0
#10 34.01 go: finding vbom.ml/util v0.0.0-20180919145318-efcd4e0f9787
#10 DONE 34.1s

#11 exporting to image
#11 exporting layers
#11 exporting layers 6.1s done
#11 exporting manifest sha256:2cfa8e3297ea4bb75908731cd8bff897995992f926fa2920b2e272225710cb2b 0.0s done
#11 exporting config sha256:f102a29b47ce206a4f3ab6244b00d336ed3989524a974df87c73d81bb3bad0c0 0.0s done
#11 exporting attestation manifest sha256:b4f9a6f9036678469e4f3bfb203699cb79e3a7a6da7d6faa9a3debe4694c501f 0.0s done
#11 exporting manifest list sha256:7fba6b07fc8d68fa362eec12eefb20408dcc2406bdae963414ca75184fd9c679 0.0s done
#11 naming to docker.io/library/istio17860-fix:latest done
#11 unpacking to docker.io/library/istio17860-fix:latest
#11 unpacking to docker.io/library/istio17860-fix:latest 5.4s done
#11 DONE 11.6s
