#0 building with "desktop-linux" instance using docker driver

#1 [internal] load build definition from bug.Dockerfile
#1 transferring dockerfile: 1.11kB done
#1 DONE 0.0s

#2 [internal] load metadata for docker.io/library/golang:1.13
#2 DONE 0.8s

#3 [internal] load .dockerignore
#3 transferring context: 2B done
#3 DONE 0.0s

#4 [1/9] FROM docker.io/library/golang:1.13@sha256:8ebb6d5a48deef738381b56b1d4cd33d99a5d608e0d03c5fe8dfa3f68d41a1f8
#4 resolve docker.io/library/golang:1.13@sha256:8ebb6d5a48deef738381b56b1d4cd33d99a5d608e0d03c5fe8dfa3f68d41a1f8 0.0s done
#4 DONE 0.0s

#5 [internal] load build context
#5 transferring context: 47B done
#5 DONE 0.0s

#6 [2/9] RUN git init -q /go/src/istio.io/istio
#6 CACHED

#7 [3/9] WORKDIR /go/src/istio.io/istio
#7 CACHED

#8 [4/9] RUN git remote add origin https://github.com/istio/istio.git &&     git fetch -q --depth 1 origin c6e9130227497ab064dd571a1409236d17aa2ef3 &&     git checkout -q FETCH_HEAD
#8 CACHED

#9 [5/9] COPY bug_patch_agent_only.diff /tmp/bug_patch.diff
#9 CACHED

#10 [6/9] RUN git apply /tmp/bug_patch.diff
#10 CACHED

#11 [7/9] RUN echo 'replace bitbucket.org/ww/goautoneg => github.com/munnerz/goautoneg v0.0.0-20191010083416-a7dc8b61c822' >> go.mod
#11 DONE 0.6s

#12 [8/9] RUN go test ./pkg/envoy -c -o /go/gobench.test
#12 6.293 go: downloading istio.io/pkg v0.0.0-20191008025934-66d669f9a3fd
#12 6.293 go: downloading github.com/envoyproxy/go-control-plane v0.9.1-0.20191002184426-9d865299d2ff
#12 6.293 go: downloading github.com/howeyc/fsnotify v0.9.0
#12 6.293 go: downloading istio.io/api v0.0.0-20191009011736-593785242b9d
#12 6.294 go: downloading github.com/ghodss/yaml v1.0.0
#12 6.295 go: downloading github.com/hashicorp/go-multierror v1.0.0
#12 6.297 go: downloading github.com/gogo/protobuf v1.3.0
#12 6.298 go: downloading golang.org/x/oauth2 v0.0.0-20190604053449-0f29369cfe45
#12 6.371 go: extracting github.com/howeyc/fsnotify v0.9.0
#12 6.372 go: extracting github.com/ghodss/yaml v1.0.0
#12 6.375 go: extracting github.com/hashicorp/go-multierror v1.0.0
#12 6.534 go: extracting golang.org/x/oauth2 v0.0.0-20190604053449-0f29369cfe45
#12 6.561 go: extracting istio.io/pkg v0.0.0-20191008025934-66d669f9a3fd
#12 6.592 go: downloading github.com/golang/protobuf v1.3.2
#12 7.546 go: extracting github.com/envoyproxy/go-control-plane v0.9.1-0.20191002184426-9d865299d2ff
#12 7.678 go: downloading go.uber.org/zap v1.10.0
#12 7.681 go: downloading cloud.google.com/go v0.38.0
#12 7.682 go: downloading github.com/spf13/cobra v0.0.5
#12 9.219 go: extracting istio.io/api v0.0.0-20191009011736-593785242b9d
#12 9.337 go: downloading golang.org/x/net v0.0.0-20190827160401-ba9fcec4b297
#12 9.337 go: downloading google.golang.org/genproto v0.0.0-20190819201941-24fa4b261c55
#12 9.337 go: downloading github.com/natefinch/lumberjack v2.0.0+incompatible
#12 9.338 go: downloading google.golang.org/grpc v1.24.0
#12 9.629 go: extracting github.com/gogo/protobuf v1.3.0
#12 9.707 go: extracting github.com/golang/protobuf v1.3.2
#12 9.739 go: downloading go.opencensus.io v0.21.0
#12 9.741 go: downloading github.com/juju/errors v0.0.0-20190207033735-e65537c515d7
#12 9.765 go: extracting go.uber.org/zap v1.10.0
#12 9.784 go: downloading go.uber.org/multierr v1.1.0
#12 9.795 go: extracting github.com/spf13/cobra v0.0.5
#12 9.806 go: downloading github.com/mitchellh/copystructure v1.0.0
#12 10.13 go: extracting github.com/natefinch/lumberjack v2.0.0+incompatible
#12 10.14 go: downloading istio.io/gogo-genproto v0.0.0-20190930162913-45029607206a
#12 10.14 go: extracting github.com/juju/errors v0.0.0-20190207033735-e65537c515d7
#12 10.14 go: downloading github.com/envoyproxy/protoc-gen-validate v0.1.0
#12 10.14 go: extracting github.com/mitchellh/copystructure v1.0.0
#12 10.14 go: extracting go.uber.org/multierr v1.1.0
#12 10.46 go: extracting cloud.google.com/go v0.38.0
#12 11.05 go: extracting google.golang.org/grpc v1.24.0
#12 11.13 go: extracting golang.org/x/net v0.0.0-20190827160401-ba9fcec4b297
#12 11.17 go: downloading github.com/spf13/pflag v1.0.5
#12 11.17 go: downloading gopkg.in/yaml.v2 v2.2.2
#12 11.20 go: downloading go.uber.org/atomic v1.4.0
#12 11.20 go: downloading github.com/onsi/gomega v1.5.0
#12 12.21 go: extracting go.uber.org/atomic v1.4.0
#12 12.21 go: downloading github.com/hashicorp/errwrap v1.0.0
#12 10.72 go: extracting go.opencensus.io v0.21.0
#12 10.75 go: extracting istio.io/gogo-genproto v0.0.0-20190930162913-45029607206a
#12 10.75 go: downloading golang.org/x/sys v0.0.0-20190616124812-15dcb6c0061f
#12 10.76 go: downloading github.com/census-instrumentation/opencensus-proto v0.2.1
#12 10.87 go: downloading golang.org/x/text v0.3.2
#12 11.07 go: extracting github.com/envoyproxy/protoc-gen-validate v0.1.0
#12 11.40 go: extracting github.com/spf13/pflag v1.0.5
#12 11.40 go: extracting gopkg.in/yaml.v2 v2.2.2
#12 11.40 go: downloading github.com/cenkalti/backoff v2.0.0+incompatible
#12 11.40 go: downloading github.com/mitchellh/reflectwalk v1.0.1
#12 11.73 go: extracting github.com/hashicorp/errwrap v1.0.0
#12 11.73 go: downloading github.com/pkg/errors v0.8.1
#12 11.80 go: extracting github.com/onsi/gomega v1.5.0
#12 11.86 go: extracting github.com/census-instrumentation/opencensus-proto v0.2.1
#12 11.94 go: extracting google.golang.org/genproto v0.0.0-20190819201941-24fa4b261c55
#12 12.21 go: extracting github.com/cenkalti/backoff v2.0.0+incompatible
#12 12.21 go: extracting github.com/mitchellh/reflectwalk v1.0.1
#12 12.82 go: extracting golang.org/x/sys v0.0.0-20190616124812-15dcb6c0061f
#12 12.84 go: extracting github.com/pkg/errors v0.8.1
#12 14.65 go: extracting golang.org/x/text v0.3.2
#12 14.90 go: finding github.com/envoyproxy/go-control-plane v0.9.1-0.20191002184426-9d865299d2ff
#12 14.90 go: finding github.com/ghodss/yaml v1.0.0
#12 14.90 go: finding github.com/howeyc/fsnotify v0.9.0
#12 14.90 go: finding github.com/golang/protobuf v1.3.2
#12 14.90 go: finding istio.io/api v0.0.0-20191009011736-593785242b9d
#12 14.90 go: finding istio.io/pkg v0.0.0-20191008025934-66d669f9a3fd
#12 14.90 go: finding github.com/hashicorp/go-multierror v1.0.0
#12 14.90 go: finding github.com/gogo/protobuf v1.3.0
#12 14.90 go: finding github.com/juju/errors v0.0.0-20190207033735-e65537c515d7
#12 14.91 go: finding golang.org/x/oauth2 v0.0.0-20190604053449-0f29369cfe45
#12 14.94 go: finding cloud.google.com/go v0.38.0
#12 14.94 go: finding github.com/envoyproxy/protoc-gen-validate v0.1.0
#12 14.96 go: finding github.com/hashicorp/errwrap v1.0.0
#12 14.96 go: finding github.com/natefinch/lumberjack v2.0.0+incompatible
#12 14.96 go: finding github.com/spf13/cobra v0.0.5
#12 14.96 go: finding github.com/mitchellh/copystructure v1.0.0
#12 14.96 go: finding gopkg.in/yaml.v2 v2.2.2
#12 14.96 go: finding go.uber.org/zap v1.10.0
#12 14.99 go: finding github.com/census-instrumentation/opencensus-proto v0.2.1
#12 14.99 go: finding google.golang.org/grpc v1.24.0
#12 15.00 go: finding google.golang.org/genproto v0.0.0-20190819201941-24fa4b261c55
#12 15.00 go: finding golang.org/x/net v0.0.0-20190827160401-ba9fcec4b297
#12 15.01 go: finding github.com/spf13/pflag v1.0.5
#12 15.01 go: finding go.opencensus.io v0.21.0
#12 15.01 go: finding github.com/mitchellh/reflectwalk v1.0.1
#12 15.04 go: finding istio.io/gogo-genproto v0.0.0-20190930162913-45029607206a
#12 15.04 go: finding go.uber.org/atomic v1.4.0
#12 15.04 go: finding go.uber.org/multierr v1.1.0
#12 15.05 go: finding golang.org/x/text v0.3.2
#12 15.05 go: finding golang.org/x/sys v0.0.0-20190616124812-15dcb6c0061f
#12 15.11 go: finding github.com/onsi/gomega v1.5.0
#12 15.11 go: finding github.com/pkg/errors v0.8.1
#12 15.11 go: finding github.com/cenkalti/backoff v2.0.0+incompatible
#12 DONE 20.9s

#13 [9/9] RUN go list -m all > /go/dep_versions.txt &&     { git rev-parse HEAD; git hash-object pkg/envoy/agent.go pkg/envoy/agent_test.go; } > /go/blob_check.txt
#13 0.453 go: finding bitbucket.org/bertimus9/systemstat v0.0.0-20180207000608-0eeff89b0690
#13 0.652 go: finding github.com/munnerz/goautoneg v0.0.0-20191010083416-a7dc8b61c822
#13 0.708 go: finding contrib.go.opencensus.io/exporter/ocagent v0.4.12
#13 0.768 go: finding contrib.go.opencensus.io/exporter/prometheus v0.1.0
#13 0.832 go: finding contrib.go.opencensus.io/exporter/stackdriver v0.6.0
#13 0.891 go: finding contrib.go.opencensus.io/exporter/zipkin v0.1.1
#13 0.950 go: finding fortio.org/fortio v1.3.0
#13 1.005 go: finding git.apache.org/thrift.git v0.12.0
#13 1.075 go: finding github.com/Azure/azure-sdk-for-go v21.4.0+incompatible
#13 1.144 go: finding github.com/Azure/go-ansiterm v0.0.0-20170929234023-d6e3b3328b78
#13 1.200 go: finding github.com/Azure/go-autorest v12.0.0+incompatible
#13 1.267 go: finding github.com/BurntSushi/toml v0.3.1
#13 1.328 go: finding github.com/BurntSushi/xgb v0.0.0-20160522181843-27f122750802
#13 1.387 go: finding github.com/DATA-DOG/go-sqlmock v1.3.3
#13 1.449 go: finding github.com/DataDog/datadog-go v2.2.0+incompatible
#13 1.503 go: finding github.com/GoogleCloudPlatform/k8s-cloud-provider v0.0.0-20181220005116-f8e995905100
#13 1.563 go: finding github.com/JeffAshton/win_pdh v0.0.0-20161109143554-76bb4ee9f0ab
#13 1.622 go: finding github.com/Jeffail/gabs v1.1.1
#13 1.692 go: finding github.com/MakeNowJust/heredoc v0.0.0-20171113091838-e9091a26100e
#13 1.753 go: finding github.com/Masterminds/goutils v1.1.0
#13 1.809 go: finding github.com/Masterminds/semver v1.4.2
#13 1.875 go: finding github.com/Masterminds/sprig v2.14.1+incompatible
#13 1.937 go: finding github.com/Microsoft/go-winio v0.4.12
#13 1.992 go: finding github.com/Microsoft/hcsshim v0.8.6
#13 2.049 go: finding github.com/NYTimes/gziphandler v1.0.1
#13 2.111 go: finding github.com/Nvveen/Gotty v0.0.0-20120604004816-cd527374f1e5
#13 2.182 go: finding github.com/OneOfOne/xxhash v1.2.2
#13 2.242 go: finding github.com/PuerkitoBio/purell v1.1.1
#13 2.307 go: finding github.com/PuerkitoBio/urlesc v0.0.0-20170810143723-de5bf2ad4578
#13 2.370 go: finding github.com/Rican7/retry v0.1.0
#13 2.434 go: finding github.com/SAP/go-hdb v0.14.1
#13 2.513 go: finding github.com/SermoDigital/jose v0.9.1
#13 2.596 go: finding github.com/Shopify/sarama v1.19.0
#13 2.658 go: finding github.com/Shopify/toxiproxy v2.1.4+incompatible
#13 2.717 go: finding github.com/alecthomas/template v0.0.0-20160405071501-a0175ee3bccc
#13 2.773 go: finding github.com/alecthomas/units v0.0.0-20151022065526-2efee857e7cf
#13 2.834 go: finding github.com/alicebob/gopher-json v0.0.0-20180125190556-5a6b3ba71ee6
#13 2.920 go: finding github.com/alicebob/miniredis v0.0.0-20180201100744-9d52b1fc8da9
#13 2.992 go: finding github.com/anmitsu/go-shlex v0.0.0-20161002113705-648efa622239
#13 3.045 go: finding github.com/antlr/antlr4 v0.0.0-20190223165740-dade65a895c2
#13 3.109 go: finding github.com/aokoli/goutils v1.0.1
#13 3.172 go: finding github.com/apache/thrift v0.12.0
#13 3.231 go: finding github.com/appscode/jsonpatch v0.0.0-20190108182946-7c0e3b262f30
#13 3.298 go: finding github.com/armon/circbuf v0.0.0-20150827004946-bbbad097214e
#13 3.370 go: finding github.com/armon/consul-api v0.0.0-20180202201655-eb2c6b5be1b6
#13 3.429 go: finding github.com/armon/go-metrics v0.0.0-20190430140413-ec5e00d3c878
#13 3.489 go: finding github.com/armon/go-radix v1.0.0
#13 3.543 go: finding github.com/asaskevich/govalidator v0.0.0-20190424111038-f61b66f89f4a
#13 3.603 go: finding github.com/auth0/go-jwt-middleware v0.0.0-20170425171159-5493cabe49f7
#13 3.670 go: finding github.com/aws/aws-sdk-go v1.16.26
#13 3.738 go: finding github.com/bazelbuild/bazel-gazelle v0.0.0-20181012220611-c728ce9f663e
#13 3.805 go: finding github.com/bazelbuild/buildtools v0.0.0-20180226164855-80c7f0d45d7e
#13 3.872 go: finding github.com/beorn7/perks v1.0.0
#13 3.929 go: finding github.com/bitly/go-hostpool v0.0.0-20171023180738-a3a6125de932
#13 3.985 go: finding github.com/blang/semver v3.5.0+incompatible
#13 4.053 go: finding github.com/bmizerany/assert v0.0.0-20160611221934-b7ed37b82869
#13 4.116 go: finding github.com/boltdb/bolt v1.3.1
#13 4.182 go: finding github.com/bradfitz/go-smtpd v0.0.0-20170404230938-deb6d6237625
#13 4.256 go: finding github.com/cactus/go-statsd-client v3.1.1+incompatible
#13 4.319 go: finding github.com/cespare/prettybench v0.0.0-20150116022406-03b8cfe5406c
#13 4.382 go: finding github.com/cespare/xxhash v1.1.0
#13 4.446 go: finding github.com/chai2010/gettext-go v0.0.0-20170215093142-bf70f2a70fb1
#13 4.506 go: finding github.com/circonus-labs/circonus-gometrics v2.3.1+incompatible
#13 4.804 go: finding github.com/circonus-labs/circonusllhist v0.1.3
#13 4.860 go: finding github.com/client9/misspell v0.3.4
#13 3.985 go: finding github.com/cloudflare/cfssl v0.0.0-20180726162950-56268a613adf
#13 4.053 go: finding github.com/clusterhq/flocker-go v0.0.0-20160920122132-2b8b7259d313
#13 4.120 go: finding github.com/codahale/hdrhistogram v0.0.0-20161010025455-3a0bb77429bd
#13 4.181 go: finding github.com/codedellemc/goscaleio v0.0.0-20170830184815-20e2ce2cf885
#13 4.242 go: finding github.com/codegangsta/negroni v1.0.0
#13 4.305 go: finding github.com/container-storage-interface/spec v1.1.0
#13 4.381 go: finding github.com/containerd/console v0.0.0-20170925154832-84eeaae905fa
#13 4.448 go: finding github.com/containerd/containerd v1.0.2
#13 4.508 go: finding github.com/containerd/continuity v0.0.0-20190426062206-aaeac12a7ffc
#13 4.564 go: finding github.com/containerd/typeurl v0.0.0-20190228175220-2a93cfde8c20
#13 4.636 go: finding github.com/containernetworking/cni v0.6.0
#13 4.699 go: finding github.com/coreos/bbolt v1.3.3
#13 4.765 go: finding github.com/coreos/etcd v3.3.13+incompatible
#13 4.823 go: finding github.com/coreos/go-etcd v2.0.0+incompatible
#13 4.886 go: finding github.com/coreos/go-oidc v0.0.0-20180117170138-065b426bd416
#13 4.942 go: finding github.com/coreos/go-semver v0.3.0
#13 5.003 go: finding github.com/coreos/go-systemd v0.0.0-20181031085051-9002847aa142
#13 5.057 go: finding github.com/coreos/pkg v0.0.0-20180928190104-399ea9e2e55f
#13 5.120 go: finding github.com/coreos/prometheus-operator v0.29.0
#13 5.202 go: finding github.com/coreos/rkt v1.30.0
#13 5.264 go: finding github.com/cpuguy83/go-md2man v1.0.10
#13 5.334 go: finding github.com/cyphar/filepath-securejoin v0.2.2
#13 5.392 go: finding github.com/d2g/dhcp4 v0.0.0-20170904100407-a1d1b6c41b1c
#13 5.462 go: finding github.com/d2g/dhcp4client v0.0.0-20170829104524-6e570ed0a266
#13 5.524 go: finding github.com/d4l3k/messagediff v1.2.1
#13 5.581 go: finding github.com/davecgh/go-spew v1.1.1
#13 5.644 go: finding github.com/daviddengcn/go-colortext v0.0.0-20160507010035-511bcaf42ccd
#13 5.700 go: finding github.com/dchest/siphash v1.1.0
#13 5.760 go: finding github.com/denisenkom/go-mssqldb v0.0.0-20190423183735-731ef375ac02
#13 5.832 go: finding github.com/dgrijalva/jwt-go v3.2.0+incompatible
#13 5.886 go: finding github.com/dgryski/go-sip13 v0.0.0-20181026042036-e10d5fee7954
#13 5.940 go: finding github.com/dnaeon/go-vcr v1.0.1
#13 6.010 go: finding github.com/docker/distribution v2.7.1+incompatible
#13 6.078 go: finding github.com/docker/docker v1.13.1
#13 6.147 go: finding github.com/docker/go-connections v0.4.0
#13 6.210 go: finding github.com/docker/go-units v0.4.0
#13 6.265 go: finding github.com/docker/libnetwork v0.0.0-20180830151422-a9cd636e3789
#13 6.323 go: finding github.com/docker/spdystream v0.0.0-20181023171402-6480d4af844c
#13 6.395 go: finding github.com/docopt/docopt-go v0.0.0-20180111231733-ee0de3bc6815
#13 6.465 go: finding github.com/dropbox/godropbox v0.0.0-20190501155911-5749d3b71cbe
#13 6.531 go: finding github.com/dsnet/compress v0.0.1
#13 6.597 go: finding github.com/dsnet/golib v0.0.0-20171103203638-1ea166775780
#13 6.659 go: finding github.com/duosecurity/duo_api_golang v0.0.0-20190308151101-6c680f768e74
#13 6.728 go: finding github.com/eapache/go-resiliency v1.1.0
#13 6.791 go: finding github.com/eapache/go-xerial-snappy v0.0.0-20180814174437-776d5712da21
#13 6.855 go: finding github.com/eapache/queue v1.1.0
#13 6.932 go: finding github.com/elazarl/go-bindata-assetfs v1.0.0
#13 7.006 go: finding github.com/elazarl/goproxy v0.0.0-20190630181448-f1e96bc0f4c5
#13 7.065 go: finding github.com/elazarl/goproxy/ext v0.0.0-20190630181448-f1e96bc0f4c5
#13 7.126 go: finding github.com/emicklei/go-restful v2.9.3+incompatible
#13 7.189 go: finding github.com/emicklei/go-restful-swagger12 v0.0.0-20170926063155-7524189396c6
#13 7.253 go: finding github.com/euank/go-kmsg-parser v2.0.0+incompatible
#13 7.315 go: finding github.com/evanphx/json-patch v4.5.0+incompatible
#13 7.371 go: finding github.com/exponent-io/jsonpath v0.0.0-20151013193312-d6023ce2651d
#13 7.430 go: finding github.com/facebookgo/stack v0.0.0-20160209184415-751773369052
#13 7.487 go: finding github.com/facebookgo/stackerr v0.0.0-20150612192056-c2fcf88613f4
#13 7.609 go: finding github.com/fatih/camelcase v1.0.0
#13 7.666 go: finding github.com/fatih/structs v1.1.0
#13 7.724 go: finding github.com/fluent/fluent-logger-golang v1.3.0
#13 7.789 go: finding github.com/flynn/go-shlex v0.0.0-20150515145356-3f9db97f8568
#13 7.864 go: finding github.com/frankban/quicktest v1.4.1
#13 7.954 go: finding github.com/fsnotify/fsnotify v1.4.7
#13 8.012 go: finding github.com/garyburd/redigo v1.6.0
#13 8.080 go: finding github.com/gliderlabs/ssh v0.1.1
#13 8.141 go: finding github.com/globalsign/mgo v0.0.0-20181015135952-eeefdecb41b8
#13 8.199 go: finding github.com/go-kit/kit v0.8.0
#13 8.262 go: finding github.com/go-logfmt/logfmt v0.4.0
#13 8.329 go: finding github.com/go-logr/logr v0.1.0
#13 8.387 go: finding github.com/go-logr/zapr v0.1.1
#13 8.449 go: finding github.com/go-openapi/analysis v0.17.2
#13 8.525 go: finding github.com/go-openapi/errors v0.17.2
#13 8.591 go: finding github.com/go-openapi/jsonpointer v0.19.3
#13 8.677 go: finding github.com/go-openapi/jsonreference v0.19.2
#13 8.737 go: finding github.com/go-openapi/loads v0.17.2
#13 8.827 go: finding github.com/go-openapi/runtime v0.17.2
#13 8.886 go: finding github.com/go-openapi/spec v0.19.3
#13 8.933 go: finding github.com/go-openapi/strfmt v0.18.0
#13 8.986 go: finding github.com/go-openapi/swag v0.19.5
#13 9.042 go: finding github.com/go-openapi/validate v0.18.0
#13 9.115 go: finding github.com/go-ozzo/ozzo-validation v3.5.0+incompatible
#13 9.180 go: finding github.com/go-redis/redis v6.10.2+incompatible
#13 9.247 go: finding github.com/go-sql-driver/mysql v1.4.1
#13 9.333 go: finding github.com/go-stack/stack v1.8.0
#13 9.411 go: finding github.com/gobuffalo/envy v1.7.0
#13 9.448 go: finding github.com/gobuffalo/logger v1.0.0
#13 9.485 go: finding github.com/gobuffalo/packd v0.3.0
#13 9.541 go: finding github.com/gobuffalo/packr v1.30.1
#13 9.618 go: finding github.com/gobuffalo/packr/v2 v2.5.1
#13 9.671 go: finding github.com/gobwas/glob v0.2.3
#13 9.749 go: finding github.com/gocql/gocql v0.0.0-20190423091413-b99afaf3b163
#13 9.824 go: finding github.com/godbus/dbus v0.0.0-20151105175453-c7fdd8b5cd55
#13 9.884 go: finding github.com/gogo/googleapis v1.2.0
#13 9.943 go: finding github.com/istio/glog v0.0.0-20190424172949-d7cfb6fa2ccd
#13 10.01 go: finding github.com/golang/groupcache v0.0.0-20190129154638-5b532d6fd5ef
#13 10.08 go: finding github.com/golang/lint v0.0.0-20180702182130-06c8688daad7
#13 10.14 go: finding github.com/golang/mock v1.2.0
#13 10.21 go: finding github.com/golang/snappy v0.0.1
#13 10.27 go: finding github.com/golang/sync v0.0.0-20180314180146-1d60e4601c6f
#13 10.33 go: finding github.com/golangplus/bytes v0.0.0-20160111154220-45c989fe5450
#13 10.39 go: finding github.com/golangplus/fmt v0.0.0-20150411045040-2a5d6d7d2995
#13 10.46 go: finding github.com/golangplus/testing v0.0.0-20180327235837-af21d9c3145e
#13 10.52 go: finding github.com/google/btree v1.0.0
#13 10.59 go: finding github.com/google/cadvisor v0.33.2-0.20190411163913-9db8c7dee20a
#13 10.65 go: finding github.com/google/cel-go v0.2.0
#13 10.72 go: finding github.com/google/cel-spec v0.2.0
#13 10.78 go: finding github.com/google/certificate-transparency-go v1.0.21
#13 10.85 go: finding github.com/google/go-cmp v0.3.0
#13 10.93 go: finding github.com/google/go-github v17.0.0+incompatible
#13 11.00 go: finding github.com/google/go-querystring v1.0.0
#13 11.05 go: finding github.com/google/gofuzz v1.0.0
#13 11.11 go: finding github.com/google/martian v2.1.0+incompatible
#13 11.17 go: finding github.com/google/pprof v0.0.0-20181206194817-3ea8567a2e57
#13 11.24 go: finding github.com/google/uuid v1.1.1
#13 11.32 go: finding github.com/googleapis/gax-go v2.0.0+incompatible
#13 11.37 go: finding github.com/googleapis/gax-go/v2 v2.0.5
#13 11.44 go: finding github.com/googleapis/gnostic v0.3.1
#13 11.50 go: finding github.com/gophercloud/gophercloud v0.0.0-20190424031112-b9b92a825806
#13 11.56 go: finding github.com/gopherjs/gopherjs v0.0.0-20181017120253-0766667cb4d1
#13 11.61 go: finding github.com/gorilla/context v1.1.1
#13 11.69 go: finding github.com/gorilla/mux v1.7.2
#13 11.75 go: finding github.com/gorilla/websocket v1.4.0
#13 11.81 go: finding github.com/gotestyourself/gotestyourself v2.2.0+incompatible
#13 11.89 go: finding github.com/gregjones/httpcache v0.0.0-20190611155906-901d90724c79
#13 11.95 go: finding github.com/grpc-ecosystem/go-grpc-middleware v1.0.0
#13 12.00 go: finding github.com/grpc-ecosystem/go-grpc-prometheus v1.2.0
#13 12.06 go: finding github.com/grpc-ecosystem/grpc-gateway v1.8.5
#13 12.13 go: finding github.com/grpc-ecosystem/grpc-health-probe v0.2.0
#13 12.20 go: finding github.com/grpc-ecosystem/grpc-opentracing v0.0.0-20171214222146-0e7658f8ee99
#13 12.27 go: finding github.com/hailocab/go-hostpool v0.0.0-20160125115350-e80d13ce29ed
#13 12.33 go: finding github.com/hashicorp/consul v1.3.0
#13 12.39 go: finding github.com/hashicorp/go-cleanhttp v0.5.0
#13 12.45 go: finding github.com/hashicorp/go-hclog v0.9.0
#13 12.50 go: finding github.com/hashicorp/go-immutable-radix v1.0.0
#13 12.56 go: finding github.com/hashicorp/go-memdb v1.0.1
#13 12.62 go: finding github.com/hashicorp/go-msgpack v0.5.5
#13 12.68 go: finding github.com/hashicorp/go-plugin v1.0.0
#13 12.73 go: finding github.com/hashicorp/go-retryablehttp v0.5.3
#13 12.79 go: finding github.com/hashicorp/go-rootcerts v0.0.0-20160503143440-6bb64b370b90
#13 12.87 go: finding github.com/hashicorp/go-sockaddr v1.0.0
#13 12.93 go: finding github.com/hashicorp/go-uuid v1.0.1
#13 12.99 go: finding github.com/hashicorp/go-version v1.2.0
#13 13.06 go: finding github.com/hashicorp/golang-lru v0.5.1
#13 13.12 go: finding github.com/hashicorp/hcl v1.0.0
#13 13.16 go: finding github.com/hashicorp/memberlist v0.1.3
#13 13.21 go: finding github.com/hashicorp/serf v0.8.1
#13 13.28 go: finding github.com/hashicorp/vault v0.10.0
#13 13.34 go: finding github.com/hashicorp/yamux v0.0.0-20180604194846-3520598351bb
#13 13.39 go: finding github.com/heketi/heketi v0.0.0-20181109135656-558b29266ce0
#13 13.46 go: finding github.com/heketi/rest v0.0.0-20180404230133-aa6a65207413
#13 13.52 go: finding github.com/heketi/tests v0.0.0-20151005000721-f3775cbcefd6
#13 13.58 go: finding github.com/heketi/utils v0.0.0-20170317161834-435bc5bdfa64
#13 13.65 go: finding github.com/hpcloud/tail v1.0.0
#13 13.71 go: finding github.com/huandu/xstrings v1.2.0
#13 13.77 go: finding github.com/iancoleman/strcase v0.0.0-20180726023541-3605ed457bf7
#13 13.83 go: finding github.com/imdario/mergo v0.3.7
#13 13.89 go: finding github.com/inconshreveable/mousetrap v1.0.0
#13 13.96 go: finding github.com/jefferai/jsonx v1.0.0
#13 14.02 go: finding github.com/jellevandenhooff/dkim v0.0.0-20150330215556-f50fe3d243e1
#13 14.09 go: finding github.com/jmespath/go-jmespath v0.0.0-20180206201540-c2b33e8439af
#13 14.15 go: finding github.com/jmoiron/sqlx v1.2.0
#13 14.21 go: finding github.com/joho/godotenv v1.3.0
#13 14.29 go: finding github.com/jonboulle/clockwork v0.1.0
#13 14.35 go: finding github.com/json-iterator/go v1.1.7
#13 14.40 go: finding github.com/jstemmer/go-junit-report v0.0.0-20190106144839-af01ea7f8024
#13 14.46 go: finding github.com/jteeuwen/go-bindata v0.0.0-20151023091102-a0ff2567cfb7
#13 14.52 go: finding github.com/jtolds/gls v4.20.0+incompatible
#13 14.58 go: finding github.com/juju/loggo v0.0.0-20190212223446-d976af380377
#13 14.63 go: finding github.com/juju/testing v0.0.0-20190429233213-dfc56b8c09fc
#13 14.69 go: finding github.com/julienschmidt/httprouter v1.2.0
#13 14.74 go: finding github.com/kardianos/osext v0.0.0-20150410034420-8fef92e41e22
#13 14.79 go: finding github.com/karrick/godirwalk v1.10.12
#13 14.83 go: finding github.com/keybase/go-crypto v0.0.0-20190416182011-b785b22cc757
#13 14.88 go: finding github.com/kisielk/errcheck v1.2.0
#13 14.95 go: finding github.com/kisielk/gotool v1.0.0
#13 15.01 go: finding github.com/klauspost/compress v1.4.1
#13 15.06 go: finding github.com/klauspost/cpuid v1.2.0
#13 15.12 go: finding github.com/konsorten/go-windows-terminal-sequences v1.0.2
#13 15.18 go: finding github.com/kr/fs v0.0.0-20131111012553-2788f0dbd169
#13 15.22 go: finding github.com/kr/logfmt v0.0.0-20140226030751-b84e30acd515
#13 15.27 go: finding github.com/kr/pretty v0.1.0
#13 15.33 go: finding github.com/kr/pty v1.1.5
#13 15.40 go: finding github.com/kr/text v0.1.0
#13 15.46 go: finding github.com/kylelemons/godebug v1.1.0
#13 15.54 go: finding github.com/lestrrat-go/jwx v0.9.0
#13 15.60 go: finding github.com/lib/pq v1.2.0
#13 15.66 go: finding github.com/libopenstorage/openstorage v0.0.0-20170906232338-093a0c388875
#13 15.73 go: finding github.com/liggitt/tabwriter v0.0.0-20181228230101-89fcab3d43de
#13 15.79 go: finding github.com/lithammer/dedent v1.1.0
#13 15.84 go: finding github.com/lpabon/godbc v0.1.1
#13 15.90 go: finding github.com/magiconair/properties v1.8.0
#13 15.96 go: finding github.com/mailru/easyjson v0.0.0-20190626092158-b2ccc519800e
#13 16.01 go: finding github.com/markbates/inflect v1.0.4
#13 16.07 go: finding github.com/marstr/guid v0.0.0-20170427235115-8bdf7d1a087c
#13 16.13 go: finding github.com/martinlindhe/base36 v0.0.0-20180729042928-5cda0030da17
#13 16.19 go: finding github.com/mattbaird/jsonpatch v0.0.0-20171005235357-81af80346b1a
#13 16.25 go: finding github.com/mattn/go-shellwords v0.0.0-20180605041737-f8471b0a71de
#13 16.31 go: finding github.com/mattn/go-sqlite3 v1.10.0
#13 16.36 go: finding github.com/matttproud/golang_protobuf_extensions v1.0.1
#13 16.42 go: finding github.com/maxbrunsfeld/counterfeiter v0.0.0-20181017030959-1aadac120687
#13 16.50 go: finding github.com/mesos/mesos-go v0.0.9
#13 16.55 go: finding github.com/mholt/archiver v3.1.1+incompatible
#13 16.61 go: finding github.com/mholt/caddy v0.0.0-20180213163048-2de495001514
#13 16.66 go: finding github.com/miekg/dns v1.0.14
#13 16.74 go: finding github.com/mindprince/gonvml v0.0.0-20171110221305-fee913ce8fb2
#13 16.82 go: finding github.com/mistifyio/go-zfs v0.0.0-20151009155749-1b4ae6fb4e77
#13 16.88 go: finding github.com/mitchellh/go-homedir v1.1.0
#13 16.94 go: finding github.com/mitchellh/go-testing-interface v1.0.0
#13 17.03 go: finding github.com/mitchellh/go-wordwrap v1.0.0
#13 17.09 go: finding github.com/mitchellh/mapstructure v1.1.2
#13 17.15 go: finding github.com/modern-go/concurrent v0.0.0-20180306012644-bacd9c7ef1dd
#13 17.21 go: finding github.com/modern-go/reflect2 v1.0.1
#13 17.27 go: finding github.com/mohae/deepcopy v0.0.0-20170603005431-491d3605edfb
#13 17.33 go: finding github.com/morikuni/aec v0.0.0-20170113033406-39771216ff4c
#13 17.40 go: finding github.com/mrunalp/fileutils v0.0.0-20160930181131-4ee1cc9a8058
#13 17.46 go: finding github.com/munnerz/goautoneg v0.0.0-20120707110453-a547fc61f48d
#13 17.51 go: finding github.com/mvdan/xurls v0.0.0-20160110113200-1b768d7c393a
#13 17.58 go: finding github.com/mwitkow/go-conntrack v0.0.0-20161129095857-cc309e4a2223
#13 17.66 go: finding github.com/mxk/go-flowrate v0.0.0-20140419014527-cca7078d478f
#13 17.72 go: finding github.com/nwaples/rardecode v1.0.0
#13 17.80 go: finding github.com/oklog/run v1.0.0
#13 17.86 go: finding github.com/oklog/ulid v1.3.1
#13 17.92 go: finding github.com/onsi/ginkgo v1.8.0
#13 18.02 go: finding github.com/open-policy-agent/opa v0.8.2
#13 18.09 go: finding github.com/opencontainers/go-digest v1.0.0-rc1
#13 18.16 go: finding github.com/opencontainers/image-spec v1.0.1
#13 18.21 go: finding github.com/opencontainers/runc v0.1.1
#13 18.27 go: finding github.com/opencontainers/runtime-spec v1.0.0
#13 18.33 go: finding github.com/opencontainers/selinux v0.0.0-20170621221121-4a2974bf1ee9
#13 18.39 go: finding github.com/openshift/api v0.0.0-20190322043348-8741ff068a47
#13 18.46 go: finding github.com/openshift/origin v0.0.0-20160503220234-8f127d736703
#13 18.52 go: finding github.com/opentracing/opentracing-go v1.0.2
#13 18.58 go: finding github.com/openzipkin/zipkin-go v0.1.6
#13 18.65 go: finding github.com/operator-framework/operator-lifecycle-manager v0.0.0-20190128024246-5eb7ae5bdb7a
#13 18.71 go: finding github.com/operator-framework/operator-registry v1.0.4
#13 18.76 go: finding github.com/operator-framework/operator-sdk v0.10.0
#13 18.82 go: finding github.com/ory/dockertest v3.3.4+incompatible
#13 18.89 go: finding github.com/pascaldekloe/goe v0.1.0
#13 18.95 go: finding github.com/patrickmn/go-cache v2.1.0+incompatible
#13 19.02 go: finding github.com/pborman/uuid v1.2.0
#13 19.08 go: finding github.com/pelletier/go-toml v1.3.0
#13 19.15 go: finding github.com/petar/GoLLRB v0.0.0-20130427215148-53be0d36a84c
#13 19.21 go: finding github.com/peterbourgon/diskv v2.0.1+incompatible
#13 19.27 go: finding github.com/philhofer/fwd v1.0.0
#13 19.33 go: finding github.com/pierrec/lz4 v2.2.5+incompatible
#13 19.40 go: finding github.com/pkg/sftp v0.0.0-20160930220758-4d0e916071f6
#13 19.46 go: finding github.com/pmezard/go-difflib v1.0.0
#13 19.52 go: finding github.com/pquerna/cachecontrol v0.0.0-20180306154005-525d0eb5f91d
#13 19.58 go: finding github.com/pquerna/ffjson v0.0.0-20180717144149-af8b230fcd20
#13 19.63 go: finding github.com/prometheus/client_golang v0.9.3
#13 19.71 go: finding github.com/prometheus/client_model v0.0.0-20190812154241-14fe0d1b01d4
#13 19.76 go: finding github.com/prometheus/common v0.4.0
#13 19.83 go: finding github.com/prometheus/procfs v0.0.0-20190507164030-5867b95ac084
#13 19.90 go: finding github.com/prometheus/prom2json v1.2.1
#13 19.97 go: finding github.com/prometheus/tsdb v0.7.1
#13 20.04 go: finding github.com/quobyte/api v0.1.2
#13 20.10 go: finding github.com/rcrowley/go-metrics v0.0.0-20181016184325-3113b8401b8a
#13 20.16 go: finding github.com/remyoudompheng/bigfft v0.0.0-20170806203942-52369c62f446
#13 20.22 go: finding github.com/robfig/cron v0.0.0-20170526150127-736158dc09e1
#13 20.28 go: finding github.com/rogpeppe/fastuuid v0.0.0-20150106093220-6724a57986af
#13 20.34 go: finding github.com/rogpeppe/go-charset v0.0.0-20180617210344-2471d30d28b4
#13 20.40 go: finding github.com/rogpeppe/go-internal v1.3.0
#13 20.45 go: finding github.com/rubenv/sql-migrate v0.0.0-20190902133344-8926f37f0bc1
#13 20.51 go: finding github.com/rubiojr/go-vhd v0.0.0-20160810183302-0bfd3b39853c
#13 20.57 go: finding github.com/russross/blackfriday v1.5.2
#13 20.65 go: finding github.com/ryanuber/go-glob v0.0.0-20160226084822-572520ed46db
#13 20.72 go: finding github.com/satori/go.uuid v1.2.0
#13 20.78 go: finding github.com/sclevine/spec v1.0.0
#13 20.85 go: finding github.com/sean-/seed v0.0.0-20170313163322-e2103e2c3529
#13 20.92 go: finding github.com/seccomp/libseccomp-golang v0.0.0-20150813023252-1b506fc7c24e
#13 20.99 go: finding github.com/sergi/go-diff v1.0.0
#13 21.04 go: finding github.com/sethgrid/pester v0.0.0-20180227223404-ed9870dad317
#13 21.10 go: finding github.com/shurcooL/sanitized_anchor_name v1.0.0
#13 21.16 go: finding github.com/sigma/go-inotify v0.0.0-20181102212354-c87b6cf5033d
#13 21.24 go: finding github.com/signalfx/com_signalfx_metrics_protobuf v0.0.0-20170330202426-93e507b42f43
#13 21.31 go: finding github.com/signalfx/gohistogram v0.0.0-20160107210732-1ccfd2ff5083
#13 21.37 go: finding github.com/signalfx/golib v1.1.6
#13 21.43 go: finding github.com/sirupsen/logrus v1.4.2
#13 21.51 go: finding github.com/smartystreets/assertions v0.0.0-20180927180507-b2de0cb4f26d
#13 21.57 go: finding github.com/smartystreets/goconvey v0.0.0-20190330032615-68dc04aab96a
#13 21.64 go: finding github.com/soheilhy/cmux v0.1.4
#13 21.71 go: finding github.com/spaolacci/murmur3 v0.0.0-20180118202830-f09979ecbc72
#13 21.77 go: finding github.com/spf13/afero v1.2.2
#13 21.83 go: finding github.com/spf13/cast v1.3.0
#13 21.89 go: finding github.com/spf13/jwalterweatherman v1.1.0
#13 21.95 go: finding github.com/istio/viper v1.3.3-0.20190515210538-2789fed3109c
#13 22.03 go: finding github.com/stevvooe/resumable v0.0.0-20180830230917-22b14a53ba50
#13 22.08 go: finding github.com/storageos/go-api v0.0.0-20180912212459-343b3eff91fc
#13 22.14 go: finding github.com/stretchr/objx v0.2.0
#13 22.20 go: finding github.com/stretchr/testify v1.3.0
#13 22.26 go: finding github.com/syndtr/gocapability v0.0.0-20160928074757-e7cb7fa329f4
#13 22.32 go: finding github.com/tarm/serial v0.0.0-20180830185346-98f6abe2eb07
#13 22.37 go: finding github.com/technosophos/moniker v0.0.0-20180509230615-a5dbd03a2245
#13 22.43 go: finding github.com/tinylib/msgp v1.0.2
#13 22.51 go: finding github.com/tmc/grpc-websocket-proxy v0.0.0-20190109142713-0ad062ec5ee5
#13 22.58 go: finding github.com/tv42/httpunix v0.0.0-20150427012821-b75d8614f926
#13 22.64 go: finding github.com/uber/jaeger-client-go v0.0.0-20190228190846-ecf2d03a9e80
#13 22.70 go: finding github.com/uber/jaeger-lib v2.0.0+incompatible
#13 22.77 go: finding github.com/ugorji/go v1.1.1
#13 22.82 go: finding github.com/ugorji/go/codec v0.0.0-20181204163529-d75b2dcb6bc8
#13 22.88 go: finding github.com/ulikunitz/xz v0.5.6
#13 22.95 go: finding github.com/urfave/negroni v1.0.0
#13 23.01 go: finding github.com/vishvananda/netlink v0.0.0-20171020171820-b2de5d10e38e
#13 23.08 go: finding github.com/vishvananda/netns v0.0.0-20171111001504-be1fbeda1936
#13 23.13 go: finding github.com/vmware/govmomi v0.20.1
#13 23.21 go: finding github.com/vmware/photon-controller-go-sdk v0.0.0-20170310013346-4a435daef6cc
#13 23.26 go: finding github.com/xanzy/go-cloudstack v0.0.0-20160728180336-1e2cbf647e57
#13 23.33 go: finding github.com/xi2/xz v0.0.0-20171230120015-48954b6210f8
#13 23.39 go: finding github.com/xiang90/probing v0.0.0-20190116061207-43a291ad63a2
#13 23.45 go: finding github.com/xlab/handysort v0.0.0-20150421192137-fb3537ed64a1
#13 23.52 go: finding github.com/xordataexchange/crypt v0.0.3-0.20170626215501-b2862e3d0a77
#13 23.58 go: finding github.com/yashtewari/glob-intersection v0.0.0-20180206001645-7af743e8ec84
#13 23.66 go: finding github.com/yl2chen/cidranger v0.0.0-20180214081945-928b519e5268
#13 23.72 go: finding github.com/yuin/gopher-lua v0.0.0-20180316054350-84ea3a3c79b3
#13 23.80 go: finding github.com/ziutek/mymysql v1.5.4
#13 23.85 go: finding go.etcd.io/bbolt v1.3.3
#13 23.92 go: finding go4.org v0.0.0-20180809161055-417644f6feb5
#13 23.98 go: finding golang.org/x/build v0.0.0-20190314133821-5284462c4bec
#13 24.05 go: finding golang.org/x/crypto v0.0.0-20190621222207-cc06ce4a13d4
#13 24.10 go: finding golang.org/x/exp v0.0.0-20190312203227-4b39c73a6495
#13 24.16 go: finding golang.org/x/image v0.0.0-20190227222117-0694c2d4d067
#13 24.23 go: finding golang.org/x/lint v0.0.0-20190409202823-959b441ac422
#13 24.29 go: finding golang.org/x/mobile v0.0.0-20190312151609-d3739f865fa6
#13 24.35 go: finding golang.org/x/perf v0.0.0-20180704124530-6e6d33e29852
#13 24.40 go: finding golang.org/x/sync v0.0.0-20190423024810-112230192c58
#13 24.47 go: finding golang.org/x/time v0.0.0-20190308202827-9d24e82272b4
#13 24.53 go: finding golang.org/x/tools v0.0.0-20190624180213-70d37148ca0c
#13 24.59 go: finding gomodules.xyz/jsonpatch/v2 v2.0.1
#13 24.66 go: finding gonum.org/v1/gonum v0.0.0-20190331200053-3d26580ed485
#13 24.73 go: finding gonum.org/v1/netlib v0.0.0-20190331212654-76723241ea4e
#13 24.78 go: finding google.golang.org/api v0.8.0
#13 24.85 go: finding google.golang.org/appengine v1.5.0
#13 24.91 go: finding gopkg.in/alecthomas/kingpin.v2 v2.2.6
#13 24.99 go: finding gopkg.in/check.v1 v1.0.0-20180628173108-788fd7840127
#13 25.05 go: finding gopkg.in/d4l3k/messagediff.v1 v1.2.1
#13 25.12 go: finding gopkg.in/errgo.v2 v2.1.0
#13 25.19 go: finding gopkg.in/fsnotify.v1 v1.4.7
#13 25.25 go: finding gopkg.in/gcfg.v1 v1.2.0
#13 25.32 go: finding gopkg.in/gorp.v1 v1.7.2
#13 25.37 go: finding gopkg.in/inf.v0 v0.9.1
#13 25.43 go: finding gopkg.in/logfmt.v0 v0.3.0
#13 25.49 go: finding gopkg.in/mgo.v2 v2.0.0-20180705113604-9856a29383ce
#13 25.55 go: finding gopkg.in/natefinch/lumberjack.v2 v2.0.0
#13 25.61 go: finding gopkg.in/ory-am/dockertest.v3 v3.3.4
#13 25.68 go: finding gopkg.in/resty.v1 v1.12.0
#13 25.73 go: finding gopkg.in/square/go-jose.v2 v2.3.1
#13 25.80 go: finding gopkg.in/stack.v1 v1.7.0
#13 25.87 go: finding gopkg.in/tomb.v1 v1.0.0-20141024135613-dd632973f1e7
#13 25.94 go: finding gopkg.in/warnings.v0 v0.1.1
#13 26.02 go: finding gopkg.in/yaml.v1 v1.0.0-20140924161607-9f9df34309c0
#13 26.08 go: finding gotest.tools v2.2.0+incompatible
#13 26.15 go: finding grpc.go4.org v0.0.0-20170609214715-11d0a25b4919
#13 26.24 go: finding honnef.co/go/tools v0.0.0-20190523083050-ea95bdfd59fc
#13 26.30 go: finding istio.io/operator v0.0.0-20191008215643-ac62f7e15efe
#13 26.36 go: finding k8s.io/api v0.0.0-20190620084959-7cf5895f2711
#13 26.43 go: finding k8s.io/apiextensions-apiserver v0.0.0-20190620085554-14e95df34f1f
#13 26.52 go: finding k8s.io/apimachinery v0.0.0-20190612205821-1799e75a0719
#13 26.59 go: finding k8s.io/apiserver v0.0.0-20190620085212-47dc9a115b18
#13 26.66 go: finding k8s.io/cli-runtime v0.0.0-20190620085706-2090e6d8f84c
#13 26.73 go: finding k8s.io/client-go v0.0.0-20190620085101-78d2af792bab
#13 26.79 go: finding k8s.io/cloud-provider v0.0.0-20190620090043-8301c0bda1f0
#13 26.86 go: finding k8s.io/cluster-bootstrap v0.0.0-20190620090013-c9a0fc045dc1
#13 26.92 go: finding k8s.io/code-generator v0.0.0-20190612205613-18da4a14b22b
#13 26.98 go: finding k8s.io/component-base v0.0.0-20190620085130-185d68e6e6ea
#13 27.05 go: finding k8s.io/cri-api v0.0.0-20190531030430-6117653b35f1
#13 27.11 go: finding k8s.io/csi-translation-lib v0.0.0-20190620090116-299a7b270edc
#13 27.18 go: finding k8s.io/gengo v0.0.0-20190327210449-e17681d19d3a
#13 27.25 go: finding k8s.io/heapster v1.2.0-beta.1
#13 27.30 go: finding k8s.io/helm v2.14.3+incompatible
#13 27.37 go: finding github.com/istio/klog v0.0.0-20190424230111-fb7481ea8bcf
#13 27.44 go: finding k8s.io/kube-aggregator v0.0.0-20190620085325-f29e2b4a4f84
#13 27.49 go: finding k8s.io/kube-controller-manager v0.0.0-20190620085942-b7f18460b210
#13 27.56 go: finding k8s.io/kube-openapi v0.0.0-20190918143330-0270cf2f1c1d
#13 27.62 go: finding k8s.io/kube-proxy v0.0.0-20190620085809-589f994ddf7f
#13 27.69 go: finding k8s.io/kube-scheduler v0.0.0-20190620085912-4acac5405ec6
#13 27.75 go: finding k8s.io/kube-state-metrics v1.6.0
#13 27.81 go: finding k8s.io/kubelet v0.0.0-20190620085838-f1cb295a73c9
#13 27.87 go: finding k8s.io/kubernetes v1.15.0
#13 27.93 go: finding k8s.io/legacy-cloud-providers v0.0.0-20190620090156-2138f2c9de18
#13 28.05 go: finding k8s.io/metrics v0.0.0-20190620085625-3b22d835f165
#13 28.11 go: finding k8s.io/repo-infra v0.0.0-20181204233714-00fe14e3d1a3
#13 28.17 go: finding k8s.io/sample-apiserver v0.0.0-20190620085408-1aef9010884e
#13 28.25 go: finding k8s.io/utils v0.0.0-20190506122338-8fab8cb257d5
#13 28.30 go: finding modernc.org/cc v1.0.0
#13 28.36 go: finding modernc.org/golex v1.0.0
#13 28.45 go: finding modernc.org/mathutil v1.0.0
#13 28.51 go: finding modernc.org/strutil v1.0.0
#13 28.57 go: finding modernc.org/xc v1.0.0
#13 28.62 go: finding sigs.k8s.io/controller-runtime v0.2.2
#13 28.70 go: finding sigs.k8s.io/controller-tools v0.0.0-20190411181648-9d55346c2bde
#13 28.76 go: finding sigs.k8s.io/kustomize v2.0.3+incompatible
#13 28.83 go: finding sigs.k8s.io/structured-merge-diff v0.0.0-20190525122527-15d366b2352e
#13 28.90 go: finding sigs.k8s.io/testing_frameworks v0.1.1
#13 28.96 go: finding sigs.k8s.io/yaml v1.1.0
#13 29.01 go: finding vbom.ml/util v0.0.0-20180919145318-efcd4e0f9787
#13 DONE 29.1s

#14 exporting to image
#14 exporting layers
#14 exporting layers 4.6s done
#14 exporting manifest sha256:39c93412127c21e297b45a64f788ebbf6c5e53c861bbedfcf2ee6e074934572b 0.0s done
#14 exporting config sha256:5d78bb212066d3d3000dfc93807387de654df4780c4780d2f1503040c4207d79 done
#14 exporting attestation manifest sha256:8991038857ec6f398011d6815ecf5733d38363c428a776ec4a981c466c32d5da 0.0s done
#14 exporting manifest list sha256:23e14b796ad0c487e7536b9213cab2c3a0897548489bb4f0e8a8944182296ba8 0.0s done
#14 naming to docker.io/library/istio17860-bug:latest done
#14 unpacking to docker.io/library/istio17860-bug:latest
#14 unpacking to docker.io/library/istio17860-bug:latest 4.7s done
#14 DONE 9.4s
