#0 building with "desktop-linux" instance using docker driver

#1 [internal] load build definition from fix.Dockerfile
#1 transferring dockerfile: 1.08kB done
#1 DONE 0.0s

#2 [internal] load metadata for docker.io/library/golang:1.13
#2 DONE 0.7s

#3 [internal] load .dockerignore
#3 transferring context: 2B done
#3 DONE 0.0s

#4 [1/5] FROM docker.io/library/golang:1.13@sha256:8ebb6d5a48deef738381b56b1d4cd33d99a5d608e0d03c5fe8dfa3f68d41a1f8
#4 resolve docker.io/library/golang:1.13@sha256:8ebb6d5a48deef738381b56b1d4cd33d99a5d608e0d03c5fe8dfa3f68d41a1f8 0.0s done
#4 CACHED

#5 [2/5] RUN git clone https://github.com/etcd-io/etcd.git /go/src/github.com/coreos/etcd
#5 0.198 Cloning into '/go/src/github.com/coreos/etcd'...
#5 DONE 31.7s

#6 [3/5] WORKDIR /go/src/github.com/coreos/etcd
#6 DONE 0.0s

#7 [4/5] RUN git reset --hard 148c923c72c4aa9207173c03b775e2c0b8754067
#7 0.631 HEAD is now at 148c923c7 Merge pull request #7492 from heyitsanthony/simpletokenttl-deadlock
#7 DONE 0.7s

#8 [5/5] RUN sed -i '72 igo test ./auth -c -o /go/gobench.test' test && 	sed -i '73 iexit 0' test && 	PKG=./auth PASSES='build unit' ./test
#8 2.924 vendor/golang.org/x/crypto/cryptobyte/asn1
#8 2.925 runtime/internal/sys
#8 2.925 internal/race
#8 2.925 container/list
#8 2.925 crypto/internal/subtle
#8 2.926 internal/cpu
#8 2.926 crypto/subtle
#8 2.927 unicode
#8 2.927 math/bits
#8 2.928 vendor/golang.org/x/crypto/internal/subtle
#8 2.929 unicode/utf8
#8 2.929 internal/nettrace
#8 2.930 vendor/golang.org/x/crypto/curve25519
#8 2.931 encoding
#8 2.931 sync/atomic
#8 2.932 runtime/internal/atomic
#8 2.939 unicode/utf16
#8 2.940 github.com/coreos/etcd/cmd/vendor/google.golang.org/grpc/internal
#8 2.947 github.com/coreos/etcd/cmd/vendor/google.golang.org/grpc/naming
#8 2.951 runtime/internal/math
#8 2.951 github.com/coreos/etcd/cmd/vendor/github.com/inconshreveable/mousetrap
#8 2.960 github.com/coreos/etcd/cmd/vendor/github.com/golang/groupcache/lru
#8 2.963 internal/testlog
#8 2.968 internal/bytealg
#8 2.970 math
#8 3.002 runtime
#8 3.011 github.com/coreos/etcd/cmd/vendor/github.com/shurcooL/sanitized_anchor_name
#8 3.036 github.com/coreos/etcd/cmd/vendor/github.com/coreos/etcd/pkg/adt
#8 3.445 internal/reflectlite
#8 3.445 sync
#8 3.470 internal/singleflight
#8 3.470 math/rand
#8 3.498 errors
#8 3.499 sort
#8 3.511 internal/oserror
#8 3.511 io
#8 3.511 vendor/golang.org/x/net/dns/dnsmessage
#8 3.511 strconv
#8 3.519 container/heap
#8 3.519 github.com/coreos/etcd/cmd/vendor/github.com/beorn7/perks/quantile
#8 3.520 github.com/coreos/etcd/cmd/vendor/github.com/grpc-ecosystem/grpc-gateway/utilities
#8 3.520 syscall
#8 3.543 hash
#8 3.543 crypto/internal/randutil
#8 3.543 bytes
#8 3.543 text/tabwriter
#8 3.543 strings
#8 3.556 crypto/hmac
#8 3.556 hash/crc32
#8 3.558 hash/fnv
#8 3.574 vendor/golang.org/x/crypto/hkdf
#8 3.601 crypto
#8 3.604 reflect
#8 3.605 github.com/coreos/etcd/cmd/vendor/golang.org/x/crypto/blowfish
#8 3.605 crypto/rc4
#8 3.618 github.com/coreos/etcd/cmd/vendor/github.com/coreos/etcd/pkg/crc
#8 3.626 bufio
#8 3.626 vendor/golang.org/x/text/transform
#8 3.640 path
#8 3.640 html
#8 3.640 regexp/syntax
#8 3.642 github.com/coreos/etcd/cmd/vendor/github.com/prometheus/common/internal/bitbucket.org/ww/goautoneg
#8 3.662 github.com/coreos/etcd/cmd/vendor/github.com/coreos/etcd/pkg/pathutil
#8 3.684 internal/syscall/execenv
#8 3.684 internal/syscall/unix
#8 3.684 time
#8 3.736 regexp
#8 3.776 context
#8 3.776 github.com/coreos/etcd/cmd/vendor/github.com/jonboulle/clockwork
#8 3.776 github.com/coreos/etcd/cmd/vendor/github.com/coreos/etcd/pkg/monotime
#8 3.776 internal/poll
#8 3.777 github.com/coreos/etcd/cmd/vendor/github.com/coreos/etcd/pkg/contention
#8 3.777 github.com/coreos/etcd/cmd/vendor/github.com/coreos/etcd/pkg/idutil
#8 3.806 github.com/coreos/etcd/cmd/vendor/golang.org/x/net/context
#8 3.816 github.com/coreos/etcd/cmd/vendor/github.com/coreos/etcd/pkg/schedule
#8 3.822 internal/fmtsort
#8 3.822 encoding/binary
#8 3.826 os
#8 3.858 encoding/base64
#8 3.858 crypto/md5
#8 3.858 vendor/golang.org/x/crypto/poly1305
#8 3.858 github.com/coreos/etcd/cmd/vendor/github.com/coreos/etcd/pkg/cpuutil
#8 3.858 vendor/golang.org/x/sys/cpu
#8 3.858 crypto/sha256
#8 3.858 crypto/ed25519/internal/edwards25519
#8 3.858 crypto/sha1
#8 3.859 crypto/sha512
#8 3.859 crypto/cipher
#8 3.899 encoding/pem
#8 3.902 fmt
#8 3.903 path/filepath
#8 3.903 runtime/debug
#8 3.903 os/signal
#8 3.905 net
#8 3.922 crypto/des
#8 3.922 crypto/aes
#8 3.922 vendor/golang.org/x/crypto/internal/chacha20
#8 3.967 vendor/golang.org/x/crypto/chacha20poly1305
#8 3.968 io/ioutil
#8 3.968 os/exec
#8 3.990 github.com/coreos/etcd/cmd/vendor/github.com/coreos/etcd/pkg/runtime
#8 4.011 encoding/hex
#8 4.012 math/big
#8 4.012 net/url
#8 4.014 flag
#8 4.014 encoding/json
#8 4.014 compress/flate
#8 4.015 github.com/coreos/etcd/cmd/vendor/golang.org/x/net/idna
#8 4.015 log
#8 4.015 github.com/coreos/etcd/cmd/vendor/golang.org/x/net/http2/hpack
#8 4.015 vendor/golang.org/x/net/http2/hpack
#8 4.015 mime/quotedprintable
#8 4.017 mime
#8 4.017 vendor/golang.org/x/text/unicode/norm
#8 4.023 net/http/internal
#8 4.050 github.com/coreos/etcd/cmd/vendor/github.com/coreos/go-semver/semver
#8 4.055 go/token
#8 4.057 encoding/gob
#8 4.064 text/template/parse
#8 4.067 github.com/coreos/etcd/cmd/vendor/google.golang.org/grpc/codes
#8 4.080 vendor/golang.org/x/text/unicode/bidi
#8 4.101 github.com/coreos/etcd/cmd/vendor/golang.org/x/net/internal/timeseries
#8 4.109 github.com/coreos/etcd/cmd/vendor/github.com/coreos/etcd/version
#8 4.109 github.com/coreos/etcd/cmd/vendor/google.golang.org/grpc/grpclog
#8 4.122 github.com/coreos/etcd/cmd/vendor/google.golang.org/grpc/metadata
#8 4.135 github.com/coreos/etcd/cmd/vendor/github.com/prometheus/procfs/xfs
#8 4.136 go/scanner
#8 4.136 github.com/coreos/etcd/cmd/vendor/github.com/boltdb/bolt
#8 4.142 github.com/coreos/etcd/cmd/vendor/github.com/google/btree
#8 4.161 github.com/coreos/etcd/cmd/vendor/github.com/coreos/etcd/pkg/wait
#8 4.171 github.com/coreos/etcd/cmd/vendor/gopkg.in/yaml.v2
#8 4.189 runtime/trace
#8 4.204 encoding/csv
#8 4.233 compress/gzip
#8 4.238 github.com/coreos/etcd/cmd/vendor/golang.org/x/time/rate
#8 4.243 github.com/coreos/etcd/cmd/vendor/github.com/coreos/go-systemd/util
#8 4.246 github.com/coreos/etcd/cmd/vendor/github.com/russross/blackfriday
#8 4.283 go/ast
#8 4.283 vendor/golang.org/x/text/secure/bidirule
#8 4.305 runtime/pprof
#8 4.350 github.com/coreos/etcd/cmd/vendor/github.com/prometheus/common/model
#8 4.353 github.com/coreos/etcd/cmd/vendor/github.com/gogo/protobuf/proto
#8 4.358 vendor/golang.org/x/net/idna
#8 4.364 github.com/coreos/etcd/cmd/vendor/github.com/golang/protobuf/proto
#8 4.403 text/template
#8 4.481 encoding/asn1
#8 4.481 crypto/elliptic
#8 4.482 crypto/rand
#8 4.483 crypto/dsa
#8 4.526 github.com/coreos/etcd/cmd/vendor/golang.org/x/net/lex/httplex
#8 4.526 net/textproto
#8 4.538 github.com/coreos/etcd/cmd/vendor/github.com/coreos/etcd/pkg/types
#8 4.540 github.com/coreos/etcd/cmd/vendor/github.com/coreos/go-systemd/journal
#8 4.545 log/syslog
#8 4.557 go/parser
#8 4.577 go/printer
#8 4.582 crypto/ed25519
#8 4.592 crypto/rsa
#8 4.603 vendor/golang.org/x/net/http/httpproxy
#8 4.615 github.com/coreos/etcd/cmd/vendor/golang.org/x/crypto/bcrypt
#8 4.627 github.com/coreos/etcd/cmd/vendor/github.com/prometheus/procfs
#8 4.630 github.com/coreos/etcd/cmd/vendor/github.com/coreos/pkg/capnslog
#8 4.640 github.com/coreos/etcd/cmd/vendor/github.com/spf13/pflag
#8 4.643 github.com/coreos/etcd/cmd/vendor/github.com/coreos/go-systemd/daemon
#8 4.652 github.com/coreos/etcd/cmd/vendor/github.com/cpuguy83/go-md2man/md2man
#8 4.654 vendor/golang.org/x/net/http/httpguts
#8 4.663 crypto/x509/pkix
#8 4.696 vendor/golang.org/x/crypto/cryptobyte
#8 4.702 mime/multipart
#8 4.712 html/template
#8 4.716 crypto/ecdsa
#8 4.735 github.com/coreos/etcd/cmd/vendor/github.com/ghodss/yaml
#8 4.793 github.com/coreos/etcd/cmd/vendor/github.com/coreos/etcd/pkg/netutil
#8 4.796 github.com/coreos/etcd/cmd/vendor/github.com/coreos/etcd/pkg/pbutil
#8 4.800 github.com/coreos/etcd/cmd/vendor/github.com/coreos/etcd/pkg/osutil
#8 4.804 github.com/coreos/etcd/cmd/vendor/github.com/coreos/etcd/pkg/fileutil
#8 4.804 github.com/coreos/etcd/cmd/vendor/github.com/coreos/etcd/proxy/tcpproxy
#8 4.806 github.com/coreos/etcd/cmd/vendor/github.com/coreos/etcd/pkg/logutil
#8 4.854 github.com/coreos/etcd/cmd/vendor/github.com/coreos/etcd/pkg/flags
#8 4.856 github.com/coreos/etcd/cmd/vendor/github.com/spf13/cobra
#8 4.858 crypto/x509
#8 4.874 go/format
#8 4.883 github.com/coreos/etcd/cmd/vendor/github.com/coreos/etcd/pkg/ioutil
#8 4.932 github.com/coreos/etcd/cmd/vendor/github.com/coreos/etcd/auth/authpb
#8 4.932 github.com/coreos/etcd/cmd/vendor/github.com/grpc-ecosystem/grpc-gateway/runtime/internal
#8 4.932 github.com/coreos/etcd/cmd/vendor/github.com/coreos/etcd/mvcc/mvccpb
#8 4.933 github.com/coreos/etcd/cmd/vendor/github.com/matttproud/golang_protobuf_extensions/pbutil
#8 4.933 github.com/coreos/etcd/cmd/vendor/github.com/golang/protobuf/jsonpb
#8 4.933 github.com/coreos/etcd/cmd/vendor/github.com/coreos/etcd/raft/raftpb
#8 4.933 github.com/coreos/etcd/cmd/vendor/github.com/prometheus/client_model/go
#8 4.934 github.com/coreos/etcd/cmd/vendor/github.com/coreos/etcd/snap/snappb
#8 4.934 github.com/coreos/etcd/cmd/vendor/github.com/coreos/etcd/wal/walpb
#8 5.004 github.com/coreos/etcd/cmd/vendor/github.com/coreos/etcd/raft
#8 5.012 github.com/coreos/etcd/cmd/vendor/github.com/dgrijalva/jwt-go
#8 5.013 crypto/tls
#8 5.098 github.com/coreos/etcd/cmd/vendor/github.com/coreos/etcd/etcdserver/stats
#8 5.235 net/http/httptrace
#8 5.235 github.com/coreos/etcd/cmd/vendor/google.golang.org/grpc/credentials
#8 5.235 github.com/coreos/etcd/cmd/vendor/github.com/coreos/etcd/pkg/tlsutil
#8 5.254 net/http
#8 5.255 github.com/coreos/etcd/cmd/vendor/google.golang.org/grpc/peer
#8 5.635 net/rpc
#8 5.635 expvar
#8 5.635 github.com/coreos/etcd/cmd/vendor/golang.org/x/net/trace
#8 5.636 github.com/coreos/etcd/cmd/vendor/github.com/prometheus/common/expfmt
#8 5.636 github.com/coreos/etcd/cmd/vendor/github.com/coreos/etcd/pkg/transport
#8 5.637 github.com/coreos/etcd/cmd/vendor/golang.org/x/net/http2
#8 5.637 github.com/coreos/etcd/cmd/vendor/github.com/coreos/etcd/error
#8 5.637 github.com/coreos/etcd/cmd/vendor/github.com/coreos/etcd/etcdserver/api/v2http/httptypes
#8 5.638 github.com/coreos/etcd/cmd/vendor/github.com/coreos/etcd/pkg/httputil
#8 5.638 github.com/coreos/etcd/cmd/vendor/github.com/xiang90/probing
#8 5.638 github.com/coreos/etcd/cmd/vendor/github.com/coreos/etcd/pkg/cors
#8 5.641 net/http/pprof
#8 5.710 github.com/coreos/etcd/cmd/vendor/github.com/ugorji/go/codec
#8 5.726 github.com/coreos/etcd/cmd/vendor/github.com/prometheus/client_golang/prometheus
#8 5.855 github.com/coreos/etcd/cmd/vendor/github.com/coreos/etcd/snap
#8 5.855 github.com/coreos/etcd/cmd/vendor/github.com/coreos/etcd/mvcc/backend
#8 5.855 github.com/coreos/etcd/cmd/vendor/github.com/coreos/etcd/wal
#8 5.855 github.com/coreos/etcd/cmd/vendor/github.com/coreos/etcd/store
#8 5.886 github.com/coreos/etcd/cmd/vendor/github.com/coreos/etcd/rafthttp
#8 5.901 github.com/coreos/etcd/cmd/vendor/github.com/cockroachdb/cmux
#8 5.901 github.com/coreos/etcd/cmd/vendor/github.com/coreos/etcd/proxy/httpproxy
#8 5.901 github.com/coreos/etcd/cmd/vendor/google.golang.org/grpc/transport
#8 5.933 github.com/coreos/etcd/cmd/vendor/github.com/coreos/etcd/etcdserver/membership
#8 5.985 github.com/coreos/etcd/cmd/vendor/github.com/coreos/etcd/etcdserver/api
#8 6.026 github.com/coreos/etcd/cmd/vendor/google.golang.org/grpc
#8 6.120 github.com/coreos/etcd/cmd/vendor/github.com/coreos/etcd/etcdserver/api/v3rpc/rpctypes
#8 6.120 github.com/coreos/etcd/cmd/vendor/github.com/grpc-ecosystem/go-grpc-prometheus
#8 6.120 github.com/coreos/etcd/cmd/vendor/github.com/grpc-ecosystem/grpc-gateway/runtime
#8 6.192 github.com/coreos/etcd/cmd/vendor/github.com/coreos/etcd/etcdserver/etcdserverpb
#8 6.604 github.com/coreos/etcd/cmd/vendor/github.com/coreos/etcd/alarm
#8 6.605 github.com/coreos/etcd/cmd/vendor/github.com/coreos/etcd/lease/leasepb
#8 6.605 github.com/coreos/etcd/cmd/vendor/github.com/coreos/etcd/auth
#8 6.605 github.com/coreos/etcd/cmd/vendor/github.com/coreos/etcd/clientv3
#8 6.605 github.com/coreos/etcd/cmd/vendor/github.com/coreos/etcd/proxy/grpcproxy/cache
#8 6.629 github.com/coreos/etcd/cmd/vendor/github.com/coreos/etcd/lease
#8 6.656 github.com/coreos/etcd/cmd/vendor/github.com/coreos/etcd/lease/leasehttp
#8 6.657 github.com/coreos/etcd/cmd/vendor/github.com/coreos/etcd/mvcc
#8 6.747 github.com/coreos/etcd/cmd/vendor/github.com/coreos/etcd/compactor
#8 6.768 github.com/coreos/etcd/cmd/vendor/github.com/coreos/etcd/clientv3/naming
#8 6.768 github.com/coreos/etcd/cmd/vendor/github.com/coreos/etcd/clientv3/concurrency
#8 6.922 github.com/coreos/etcd/cmd/vendor/github.com/coreos/etcd/client
#8 7.010 github.com/coreos/etcd/cmd/vendor/github.com/coreos/etcd/discovery
#8 7.041 github.com/coreos/etcd/cmd/vendor/github.com/coreos/etcd/etcdserver
#8 7.218 github.com/coreos/etcd/cmd/vendor/github.com/coreos/etcd/etcdserver/auth
#8 7.219 github.com/coreos/etcd/cmd/vendor/github.com/coreos/etcd/etcdserver/api/v3rpc
#8 7.259 github.com/coreos/etcd/cmd/vendor/github.com/coreos/etcd/etcdserver/api/v2http
#8 7.294 github.com/coreos/etcd/cmd/vendor/github.com/coreos/etcd/proxy/grpcproxy
#8 7.347 github.com/coreos/etcd/cmd/vendor/github.com/coreos/etcd/embed
#8 7.405 github.com/coreos/etcd/cmd/vendor/github.com/coreos/etcd/etcdmain
#8 7.471 github.com/coreos/etcd/cmd/etcd
#8 8.556 runtime/internal/sys
#8 8.557 internal/race
#8 8.557 unicode/utf8
#8 8.558 math/bits
#8 8.558 unicode/utf16
#8 8.558 unicode
#8 8.560 encoding
#8 8.560 container/list
#8 8.560 crypto/internal/subtle
#8 8.563 internal/nettrace
#8 8.563 crypto/subtle
#8 8.563 vendor/golang.org/x/crypto/internal/subtle
#8 8.563 vendor/golang.org/x/crypto/cryptobyte/asn1
#8 8.563 runtime/internal/atomic
#8 8.563 internal/cpu
#8 8.570 vendor/golang.org/x/crypto/curve25519
#8 8.570 sync/atomic
#8 8.573 github.com/coreos/etcd/cmd/vendor/google.golang.org/grpc/internal
#8 8.574 github.com/coreos/etcd/cmd/vendor/google.golang.org/grpc/naming
#8 8.578 runtime/internal/math
#8 8.587 github.com/coreos/etcd/cmd/vendor/github.com/inconshreveable/mousetrap
#8 8.598 internal/testlog
#8 8.604 internal/bytealg
#8 8.609 math
#8 8.640 runtime
#8 8.664 github.com/coreos/etcd/cmd/vendor/github.com/shurcooL/sanitized_anchor_name
#8 8.686 github.com/coreos/etcd/cmd/vendor/github.com/coreos/etcd/pkg/adt
#8 9.105 internal/reflectlite
#8 9.105 sync
#8 9.130 internal/singleflight
#8 9.130 math/rand
#8 9.159 errors
#8 9.159 sort
#8 9.171 internal/oserror
#8 9.171 io
#8 9.171 vendor/golang.org/x/net/dns/dnsmessage
#8 9.171 strconv
#8 9.182 syscall
#8 9.183 github.com/coreos/etcd/cmd/vendor/github.com/beorn7/perks/quantile
#8 9.183 container/heap
#8 9.183 github.com/coreos/etcd/cmd/vendor/github.com/grpc-ecosystem/grpc-gateway/utilities
#8 9.206 bytes
#8 9.206 text/tabwriter
#8 9.206 strings
#8 9.206 hash
#8 9.206 crypto/internal/randutil
#8 9.226 crypto/hmac
#8 9.226 hash/fnv
#8 9.226 hash/crc32
#8 9.248 vendor/golang.org/x/crypto/hkdf
#8 9.267 crypto
#8 9.267 reflect
#8 9.268 github.com/coreos/etcd/cmd/vendor/golang.org/x/crypto/blowfish
#8 9.268 crypto/rc4
#8 9.278 bufio
#8 9.279 vendor/golang.org/x/text/transform
#8 9.281 github.com/coreos/etcd/cmd/vendor/github.com/coreos/etcd/pkg/crc
#8 9.304 path
#8 9.304 html
#8 9.305 regexp/syntax
#8 9.308 github.com/coreos/etcd/cmd/vendor/github.com/prometheus/common/internal/bitbucket.org/ww/goautoneg
#8 9.331 github.com/coreos/etcd/cmd/vendor/github.com/coreos/etcd/pkg/pathutil
#8 9.372 internal/syscall/execenv
#8 9.372 internal/syscall/unix
#8 9.372 time
#8 9.401 regexp
#8 9.464 context
#8 9.464 github.com/coreos/etcd/cmd/vendor/github.com/coreos/etcd/pkg/idutil
#8 9.464 github.com/coreos/etcd/cmd/vendor/github.com/jonboulle/clockwork
#8 9.464 github.com/coreos/etcd/cmd/vendor/github.com/coreos/etcd/pkg/monotime
#8 9.464 github.com/coreos/etcd/cmd/vendor/github.com/coreos/etcd/pkg/contention
#8 9.465 internal/poll
#8 9.488 github.com/coreos/etcd/cmd/vendor/golang.org/x/net/context
#8 9.495 internal/fmtsort
#8 9.495 encoding/binary
#8 9.498 github.com/coreos/etcd/cmd/vendor/github.com/coreos/etcd/pkg/schedule
#8 9.508 os
#8 9.532 encoding/base64
#8 9.532 crypto/sha512
#8 9.533 crypto/cipher
#8 9.533 crypto/ed25519/internal/edwards25519
#8 9.533 crypto/md5
#8 9.534 crypto/sha1
#8 9.534 crypto/sha256
#8 9.535 vendor/golang.org/x/crypto/poly1305
#8 9.535 vendor/golang.org/x/sys/cpu
#8 9.535 github.com/coreos/etcd/cmd/vendor/github.com/coreos/etcd/pkg/cpuutil
#8 9.566 encoding/pem
#8 9.592 crypto/des
#8 9.592 vendor/golang.org/x/crypto/internal/chacha20
#8 9.592 crypto/aes
#8 9.595 os/signal
#8 9.597 runtime/debug
#8 9.597 fmt
#8 9.598 path/filepath
#8 9.599 github.com/coreos/etcd/cmd/vendor/github.com/mattn/go-runewidth
#8 9.602 net
#8 9.630 vendor/golang.org/x/crypto/chacha20poly1305
#8 9.653 io/ioutil
#8 9.653 os/exec
#8 9.677 github.com/coreos/etcd/cmd/vendor/github.com/coreos/etcd/pkg/runtime
#8 9.698 github.com/coreos/etcd/cmd/vendor/github.com/bgentry/speakeasy
#8 9.699 go/token
#8 9.700 github.com/coreos/etcd/cmd/vendor/github.com/coreos/go-semver/semver
#8 9.700 net/url
#8 9.700 encoding/json
#8 9.701 encoding/gob
#8 9.701 log
#8 9.701 text/template/parse
#8 9.702 compress/flate
#8 9.702 encoding/hex
#8 9.704 math/big
#8 9.704 vendor/golang.org/x/text/unicode/norm
#8 9.704 vendor/golang.org/x/net/http2/hpack
#8 9.714 mime/quotedprintable
#8 9.714 mime
#8 9.734 github.com/coreos/etcd/cmd/vendor/github.com/coreos/etcd/version
#8 9.741 net/http/internal
#8 9.746 go/scanner
#8 9.750 vendor/golang.org/x/text/unicode/bidi
#8 9.751 github.com/coreos/etcd/cmd/vendor/golang.org/x/net/http2/hpack
#8 9.754 github.com/coreos/etcd/cmd/vendor/golang.org/x/net/idna
#8 9.764 github.com/coreos/etcd/cmd/vendor/golang.org/x/net/internal/timeseries
#8 9.799 github.com/coreos/etcd/cmd/vendor/google.golang.org/grpc/codes
#8 9.802 github.com/coreos/etcd/cmd/vendor/google.golang.org/grpc/grpclog
#8 9.818 github.com/coreos/etcd/cmd/vendor/google.golang.org/grpc/metadata
#8 9.825 github.com/coreos/etcd/cmd/vendor/github.com/prometheus/procfs/xfs
#8 9.838 flag
#8 9.843 github.com/coreos/etcd/cmd/vendor/github.com/google/btree
#8 9.843 github.com/coreos/etcd/cmd/vendor/github.com/boltdb/bolt
#8 9.853 github.com/coreos/etcd/cmd/vendor/github.com/coreos/etcd/pkg/wait
#8 9.859 encoding/csv
#8 9.862 go/ast
#8 9.865 github.com/coreos/etcd/cmd/vendor/github.com/russross/blackfriday
#8 9.891 compress/gzip
#8 9.947 github.com/coreos/etcd/cmd/vendor/github.com/golang/protobuf/proto
#8 9.954 github.com/coreos/etcd/cmd/vendor/github.com/prometheus/common/model
#8 9.958 github.com/coreos/etcd/cmd/vendor/github.com/gogo/protobuf/proto
#8 9.975 github.com/coreos/etcd/cmd/vendor/github.com/olekukonko/tablewriter
#8 9.981 text/template
#8 9.986 vendor/golang.org/x/text/secure/bidirule
#8 10.02 vendor/golang.org/x/net/idna
#8 10.12 go/parser
#8 10.13 go/printer
#8 10.14 github.com/coreos/etcd/cmd/vendor/github.com/cpuguy83/go-md2man/md2man
#8 10.16 crypto/elliptic
#8 10.16 encoding/asn1
#8 10.16 crypto/dsa
#8 10.16 github.com/coreos/etcd/cmd/vendor/github.com/dustin/go-humanize
#8 10.16 crypto/rand
#8 10.23 crypto/ed25519
#8 10.23 crypto/rsa
#8 10.23 github.com/coreos/etcd/cmd/vendor/golang.org/x/crypto/bcrypt
#8 10.30 github.com/coreos/etcd/cmd/vendor/github.com/urfave/cli
#8 10.31 html/template
#8 10.33 vendor/golang.org/x/net/http/httpproxy
#8 10.34 net/textproto
#8 10.34 github.com/coreos/etcd/cmd/vendor/golang.org/x/net/lex/httplex
#8 10.34 github.com/coreos/etcd/cmd/vendor/github.com/coreos/go-systemd/journal
#8 10.34 log/syslog
#8 10.34 github.com/coreos/etcd/cmd/vendor/github.com/coreos/etcd/pkg/types
#8 10.34 github.com/coreos/etcd/cmd/vendor/github.com/prometheus/procfs
#8 10.35 github.com/coreos/etcd/cmd/vendor/github.com/spf13/pflag
#8 10.37 crypto/x509/pkix
#8 10.37 vendor/golang.org/x/crypto/cryptobyte
#8 10.37 go/format
#8 10.38 crypto/ecdsa
#8 10.40 github.com/coreos/etcd/cmd/vendor/github.com/coreos/etcd/mvcc/mvccpb
#8 10.41 github.com/coreos/etcd/cmd/vendor/github.com/coreos/etcd/auth/authpb
#8 10.41 github.com/coreos/etcd/cmd/vendor/github.com/golang/protobuf/jsonpb
#8 10.41 github.com/coreos/etcd/cmd/vendor/github.com/grpc-ecosystem/grpc-gateway/runtime/internal
#8 10.42 github.com/coreos/etcd/cmd/vendor/github.com/coreos/etcd/raft/raftpb
#8 10.42 github.com/coreos/etcd/cmd/vendor/github.com/coreos/pkg/capnslog
#8 10.43 vendor/golang.org/x/net/http/httpguts
#8 10.44 mime/multipart
#8 10.45 github.com/coreos/etcd/cmd/vendor/github.com/coreos/etcd/snap/snappb
#8 10.45 github.com/coreos/etcd/cmd/vendor/github.com/prometheus/client_model/go
#8 10.45 github.com/coreos/etcd/cmd/vendor/github.com/matttproud/golang_protobuf_extensions/pbutil
#8 10.46 github.com/coreos/etcd/cmd/vendor/github.com/coreos/etcd/wal/walpb
#8 10.54 crypto/x509
#8 10.55 github.com/coreos/etcd/cmd/vendor/github.com/coreos/etcd/raft
#8 10.56 github.com/coreos/etcd/cmd/vendor/github.com/coreos/etcd/pkg/fileutil
#8 10.56 github.com/coreos/etcd/cmd/vendor/github.com/coreos/etcd/pkg/pbutil
#8 10.56 github.com/coreos/etcd/cmd/vendor/github.com/coreos/etcd/pkg/netutil
#8 10.56 github.com/coreos/etcd/cmd/vendor/github.com/coreos/etcd/pkg/logutil
#8 10.59 github.com/coreos/etcd/cmd/vendor/github.com/coreos/etcd/pkg/flags
#8 10.59 github.com/coreos/etcd/cmd/vendor/github.com/spf13/cobra
#8 10.61 github.com/coreos/etcd/cmd/vendor/github.com/coreos/etcd/pkg/ioutil
#8 10.68 github.com/coreos/etcd/cmd/vendor/github.com/coreos/etcd/etcdserver/stats
#8 10.69 github.com/coreos/etcd/cmd/vendor/github.com/dgrijalva/jwt-go
#8 10.69 crypto/tls
#8 10.91 net/http/httptrace
#8 10.91 github.com/coreos/etcd/cmd/vendor/github.com/coreos/etcd/pkg/tlsutil
#8 10.91 github.com/coreos/etcd/cmd/vendor/google.golang.org/grpc/credentials
#8 10.94 github.com/coreos/etcd/cmd/vendor/google.golang.org/grpc/peer
#8 10.94 net/http
#8 11.35 net/rpc
#8 11.35 expvar
#8 11.35 github.com/coreos/etcd/cmd/vendor/golang.org/x/net/trace
#8 11.35 github.com/coreos/etcd/cmd/vendor/github.com/coreos/etcd/pkg/transport
#8 11.35 github.com/coreos/etcd/cmd/vendor/golang.org/x/net/http2
#8 11.35 github.com/coreos/etcd/cmd/vendor/github.com/coreos/etcd/error
#8 11.35 github.com/coreos/etcd/cmd/vendor/github.com/prometheus/common/expfmt
#8 11.35 github.com/coreos/etcd/cmd/vendor/github.com/coreos/etcd/etcdserver/api/v2http/httptypes
#8 11.35 github.com/coreos/etcd/cmd/vendor/github.com/coreos/etcd/pkg/httputil
#8 11.35 github.com/coreos/etcd/cmd/vendor/github.com/xiang90/probing
#8 11.42 github.com/coreos/etcd/cmd/vendor/github.com/ugorji/go/codec
#8 11.44 github.com/coreos/etcd/cmd/vendor/github.com/prometheus/client_golang/prometheus
#8 11.57 github.com/coreos/etcd/cmd/vendor/github.com/coreos/etcd/snap
#8 11.57 github.com/coreos/etcd/cmd/vendor/github.com/coreos/etcd/wal
#8 11.57 github.com/coreos/etcd/cmd/vendor/github.com/coreos/etcd/mvcc/backend
#8 11.57 github.com/coreos/etcd/cmd/vendor/github.com/coreos/etcd/store
#8 11.60 github.com/coreos/etcd/cmd/vendor/github.com/coreos/etcd/rafthttp
#8 11.61 github.com/coreos/etcd/cmd/vendor/google.golang.org/grpc/transport
#8 11.64 github.com/coreos/etcd/cmd/vendor/github.com/coreos/etcd/etcdserver/membership
#8 11.70 github.com/coreos/etcd/cmd/vendor/github.com/coreos/etcd/etcdserver/api
#8 11.73 github.com/coreos/etcd/cmd/vendor/google.golang.org/grpc
#8 11.82 github.com/coreos/etcd/cmd/vendor/github.com/coreos/etcd/etcdserver/api/v3rpc/rpctypes
#8 11.82 github.com/coreos/etcd/cmd/vendor/github.com/grpc-ecosystem/grpc-gateway/runtime
#8 11.88 github.com/coreos/etcd/cmd/vendor/github.com/coreos/etcd/etcdserver/etcdserverpb
#8 12.32 github.com/coreos/etcd/cmd/vendor/github.com/coreos/etcd/alarm
#8 12.32 github.com/coreos/etcd/cmd/vendor/github.com/coreos/etcd/lease/leasepb
#8 12.32 github.com/coreos/etcd/cmd/vendor/github.com/coreos/etcd/auth
#8 12.32 github.com/coreos/etcd/cmd/vendor/github.com/coreos/etcd/clientv3
#8 12.34 github.com/coreos/etcd/cmd/vendor/github.com/coreos/etcd/lease
#8 12.36 github.com/coreos/etcd/cmd/vendor/github.com/coreos/etcd/lease/leasehttp
#8 12.37 github.com/coreos/etcd/cmd/vendor/github.com/coreos/etcd/mvcc
#8 12.46 github.com/coreos/etcd/cmd/vendor/github.com/coreos/etcd/compactor
#8 12.47 github.com/coreos/etcd/cmd/vendor/github.com/coreos/etcd/clientv3/mirror
#8 12.47 github.com/coreos/etcd/cmd/vendor/github.com/coreos/etcd/clientv3/concurrency
#8 12.60 github.com/coreos/etcd/cmd/vendor/github.com/coreos/etcd/client
#8 12.69 github.com/coreos/etcd/cmd/vendor/github.com/coreos/etcd/discovery
#8 12.69 github.com/coreos/etcd/cmd/vendor/github.com/coreos/etcd/etcdctl/ctlv2/command
#8 12.72 github.com/coreos/etcd/cmd/vendor/github.com/coreos/etcd/etcdserver
#8 12.76 github.com/coreos/etcd/cmd/vendor/github.com/coreos/etcd/etcdctl/ctlv2
#8 12.89 github.com/coreos/etcd/cmd/vendor/github.com/coreos/etcd/etcdctl/ctlv3/command
#8 13.03 github.com/coreos/etcd/cmd/vendor/github.com/coreos/etcd/etcdctl/ctlv3
#8 13.05 github.com/coreos/etcd/cmd/etcdctl
#8 13.99 Running unit tests...
#8 DONE 16.8s

#9 exporting to image
#9 exporting layers
#9 exporting layers 3.6s done
#9 exporting manifest sha256:d5f8b9b1f5cb3d6647d8f855d96badda61129268347efabec55d981f57d4fc31 0.0s done
#9 exporting config sha256:cd98d9a612fcec86f0874c4954ca5ada20ba98cd559f34770b7024b60e326a86 0.0s done
#9 exporting attestation manifest sha256:60bf55b03c88a4a664a3d6868c72cdaac1654a4077667f09d5f5724a5a2738a4 0.0s done
#9 exporting manifest list sha256:2b66d59152c86f601c5f85bdffe6b919f98197cf9dc5c0a66409c54756cd047c 0.0s done
#9 naming to docker.io/library/etcd7492-fix:latest done
#9 unpacking to docker.io/library/etcd7492-fix:latest
#9 unpacking to docker.io/library/etcd7492-fix:latest 1.9s done
#9 DONE 5.7s
EXIT:0
