#0 building with "desktop-linux" instance using docker driver

#1 [internal] load build definition from fix.Dockerfile
#1 transferring dockerfile: 1.10kB done
#1 DONE 0.0s

#2 [internal] load metadata for docker.io/library/golang:1.12
#2 DONE 1.0s

#3 [internal] load .dockerignore
#3 transferring context: 2B done
#3 DONE 0.0s

#4 [1/7] FROM docker.io/library/golang:1.12@sha256:d0e79a9c39cdb3d71cc45fec929d1308d50420b79201467ec602b1b80cc314a8
#4 resolve docker.io/library/golang:1.12@sha256:d0e79a9c39cdb3d71cc45fec929d1308d50420b79201467ec602b1b80cc314a8 0.0s done
#4 DONE 0.1s

#4 [1/7] FROM docker.io/library/golang:1.12@sha256:d0e79a9c39cdb3d71cc45fec929d1308d50420b79201467ec602b1b80cc314a8
#4 sha256:06036b0307c9aaf7d506ec1c18f647754cf782f93ca4fc10303db2468297753f 0B / 126B 0.2s
#4 sha256:020f524b99dd2fc8523e2bb87da57d13a348ebc557aa3b47ef1a27cdf962e2ee 0B / 126.73MB 0.2s
#4 sha256:7ca6053833076bc7bd2c5666a847913b0e00163e65c5267e9f5d6e427b9f2b10 0B / 68.52MB 0.2s
#4 sha256:8ac92ddf84b35dac36ef6632f8d5a0c9c2d7038f6018f2d4fa1be056d90bd366 0B / 51.79MB 0.2s
#4 sha256:06036b0307c9aaf7d506ec1c18f647754cf782f93ca4fc10303db2468297753f 126B / 126B 0.3s done
#4 sha256:dea4ecac934f71d68d4f5edb171f6cff42588edfa3f70ba8709be56e321eeddc 0B / 10.00MB 0.2s
#4 sha256:8ac92ddf84b35dac36ef6632f8d5a0c9c2d7038f6018f2d4fa1be056d90bd366 3.15MB / 51.79MB 1.4s
#4 sha256:dea4ecac934f71d68d4f5edb171f6cff42588edfa3f70ba8709be56e321eeddc 1.05MB / 10.00MB 1.4s
#4 sha256:dea4ecac934f71d68d4f5edb171f6cff42588edfa3f70ba8709be56e321eeddc 2.10MB / 10.00MB 2.4s
#4 sha256:dea4ecac934f71d68d4f5edb171f6cff42588edfa3f70ba8709be56e321eeddc 3.15MB / 10.00MB 3.5s
#4 sha256:8ac92ddf84b35dac36ef6632f8d5a0c9c2d7038f6018f2d4fa1be056d90bd366 6.29MB / 51.79MB 4.4s
#4 sha256:dea4ecac934f71d68d4f5edb171f6cff42588edfa3f70ba8709be56e321eeddc 4.19MB / 10.00MB 4.4s
#4 sha256:020f524b99dd2fc8523e2bb87da57d13a348ebc557aa3b47ef1a27cdf962e2ee 3.15MB / 126.73MB 5.3s
#4 sha256:7ca6053833076bc7bd2c5666a847913b0e00163e65c5267e9f5d6e427b9f2b10 1.05MB / 68.52MB 5.3s
#4 sha256:dea4ecac934f71d68d4f5edb171f6cff42588edfa3f70ba8709be56e321eeddc 5.24MB / 10.00MB 5.4s
#4 sha256:dea4ecac934f71d68d4f5edb171f6cff42588edfa3f70ba8709be56e321eeddc 6.29MB / 10.00MB 6.2s
#4 sha256:dea4ecac934f71d68d4f5edb171f6cff42588edfa3f70ba8709be56e321eeddc 7.34MB / 10.00MB 6.9s
#4 sha256:8ac92ddf84b35dac36ef6632f8d5a0c9c2d7038f6018f2d4fa1be056d90bd366 9.44MB / 51.79MB 7.4s
#4 sha256:dea4ecac934f71d68d4f5edb171f6cff42588edfa3f70ba8709be56e321eeddc 8.39MB / 10.00MB 7.7s
#4 sha256:dea4ecac934f71d68d4f5edb171f6cff42588edfa3f70ba8709be56e321eeddc 9.44MB / 10.00MB 8.4s
#4 sha256:dea4ecac934f71d68d4f5edb171f6cff42588edfa3f70ba8709be56e321eeddc 10.00MB / 10.00MB 8.7s done
#4 sha256:346ffb2b67d7b35729673ced818325ed0ea57284e69de67f8bbc48c2bf294716 0B / 7.81MB 0.2s
#4 sha256:020f524b99dd2fc8523e2bb87da57d13a348ebc557aa3b47ef1a27cdf962e2ee 8.39MB / 126.73MB 10.4s
#4 sha256:346ffb2b67d7b35729673ced818325ed0ea57284e69de67f8bbc48c2bf294716 1.05MB / 7.81MB 1.2s
#4 sha256:7ca6053833076bc7bd2c5666a847913b0e00163e65c5267e9f5d6e427b9f2b10 2.10MB / 68.52MB 10.4s
#4 sha256:346ffb2b67d7b35729673ced818325ed0ea57284e69de67f8bbc48c2bf294716 2.10MB / 7.81MB 2.1s
#4 sha256:8ac92ddf84b35dac36ef6632f8d5a0c9c2d7038f6018f2d4fa1be056d90bd366 12.58MB / 51.79MB 11.3s
#4 sha256:346ffb2b67d7b35729673ced818325ed0ea57284e69de67f8bbc48c2bf294716 3.15MB / 7.81MB 3.2s
#4 sha256:346ffb2b67d7b35729673ced818325ed0ea57284e69de67f8bbc48c2bf294716 4.19MB / 7.81MB 4.1s
#4 sha256:346ffb2b67d7b35729673ced818325ed0ea57284e69de67f8bbc48c2bf294716 5.24MB / 7.81MB 5.0s
#4 sha256:346ffb2b67d7b35729673ced818325ed0ea57284e69de67f8bbc48c2bf294716 6.29MB / 7.81MB 5.9s
#4 sha256:020f524b99dd2fc8523e2bb87da57d13a348ebc557aa3b47ef1a27cdf962e2ee 12.58MB / 126.73MB 15.5s
#4 sha256:7ca6053833076bc7bd2c5666a847913b0e00163e65c5267e9f5d6e427b9f2b10 3.15MB / 68.52MB 15.5s
#4 sha256:8ac92ddf84b35dac36ef6632f8d5a0c9c2d7038f6018f2d4fa1be056d90bd366 15.73MB / 51.79MB 15.9s
#4 sha256:346ffb2b67d7b35729673ced818325ed0ea57284e69de67f8bbc48c2bf294716 7.34MB / 7.81MB 7.1s
#4 sha256:346ffb2b67d7b35729673ced818325ed0ea57284e69de67f8bbc48c2bf294716 7.81MB / 7.81MB 7.4s done
#4 sha256:dc65f448a2e2f2ea557e69ed9ac65aa8ac0e16f1bce68f90de910b4d5a2f1ba1 0B / 50.38MB 0.2s
#4 sha256:020f524b99dd2fc8523e2bb87da57d13a348ebc557aa3b47ef1a27cdf962e2ee 14.68MB / 126.73MB 20.6s
#4 sha256:7ca6053833076bc7bd2c5666a847913b0e00163e65c5267e9f5d6e427b9f2b10 5.24MB / 68.52MB 20.6s
#4 sha256:8ac92ddf84b35dac36ef6632f8d5a0c9c2d7038f6018f2d4fa1be056d90bd366 17.83MB / 51.79MB 21.0s
#4 sha256:dc65f448a2e2f2ea557e69ed9ac65aa8ac0e16f1bce68f90de910b4d5a2f1ba1 3.15MB / 50.38MB 5.0s
#4 sha256:020f524b99dd2fc8523e2bb87da57d13a348ebc557aa3b47ef1a27cdf962e2ee 16.78MB / 126.73MB 25.7s
#4 sha256:7ca6053833076bc7bd2c5666a847913b0e00163e65c5267e9f5d6e427b9f2b10 5.24MB / 68.52MB 25.7s
#4 sha256:8ac92ddf84b35dac36ef6632f8d5a0c9c2d7038f6018f2d4fa1be056d90bd366 18.87MB / 51.79MB 26.1s
#4 sha256:dc65f448a2e2f2ea557e69ed9ac65aa8ac0e16f1bce68f90de910b4d5a2f1ba1 4.19MB / 50.38MB 10.1s
#4 sha256:020f524b99dd2fc8523e2bb87da57d13a348ebc557aa3b47ef1a27cdf962e2ee 22.02MB / 126.73MB 30.8s
#4 sha256:7ca6053833076bc7bd2c5666a847913b0e00163e65c5267e9f5d6e427b9f2b10 8.39MB / 68.52MB 30.8s
#4 sha256:8ac92ddf84b35dac36ef6632f8d5a0c9c2d7038f6018f2d4fa1be056d90bd366 20.97MB / 51.79MB 31.2s
#4 sha256:dc65f448a2e2f2ea557e69ed9ac65aa8ac0e16f1bce68f90de910b4d5a2f1ba1 5.24MB / 50.38MB 15.2s
#4 sha256:020f524b99dd2fc8523e2bb87da57d13a348ebc557aa3b47ef1a27cdf962e2ee 27.26MB / 126.73MB 35.9s
#4 sha256:7ca6053833076bc7bd2c5666a847913b0e00163e65c5267e9f5d6e427b9f2b10 9.44MB / 68.52MB 35.9s
#4 sha256:8ac92ddf84b35dac36ef6632f8d5a0c9c2d7038f6018f2d4fa1be056d90bd366 24.12MB / 51.79MB 35.9s
#4 sha256:dc65f448a2e2f2ea557e69ed9ac65aa8ac0e16f1bce68f90de910b4d5a2f1ba1 7.34MB / 50.38MB 20.3s
#4 sha256:020f524b99dd2fc8523e2bb87da57d13a348ebc557aa3b47ef1a27cdf962e2ee 30.41MB / 126.73MB 41.0s
#4 sha256:7ca6053833076bc7bd2c5666a847913b0e00163e65c5267e9f5d6e427b9f2b10 11.53MB / 68.52MB 41.0s
#4 sha256:8ac92ddf84b35dac36ef6632f8d5a0c9c2d7038f6018f2d4fa1be056d90bd366 26.21MB / 51.79MB 41.0s
#4 sha256:dc65f448a2e2f2ea557e69ed9ac65aa8ac0e16f1bce68f90de910b4d5a2f1ba1 10.49MB / 50.38MB 24.9s
#4 sha256:8ac92ddf84b35dac36ef6632f8d5a0c9c2d7038f6018f2d4fa1be056d90bd366 29.36MB / 51.79MB 43.4s
#4 sha256:dc65f448a2e2f2ea557e69ed9ac65aa8ac0e16f1bce68f90de910b4d5a2f1ba1 13.63MB / 50.38MB 28.7s
#4 sha256:020f524b99dd2fc8523e2bb87da57d13a348ebc557aa3b47ef1a27cdf962e2ee 33.55MB / 126.73MB 46.1s
#4 sha256:7ca6053833076bc7bd2c5666a847913b0e00163e65c5267e9f5d6e427b9f2b10 12.58MB / 68.52MB 46.1s
#4 sha256:8ac92ddf84b35dac36ef6632f8d5a0c9c2d7038f6018f2d4fa1be056d90bd366 32.51MB / 51.79MB 46.5s
#4 sha256:dc65f448a2e2f2ea557e69ed9ac65aa8ac0e16f1bce68f90de910b4d5a2f1ba1 16.78MB / 50.38MB 32.7s
#4 sha256:8ac92ddf84b35dac36ef6632f8d5a0c9c2d7038f6018f2d4fa1be056d90bd366 35.65MB / 51.79MB 50.0s
#4 sha256:020f524b99dd2fc8523e2bb87da57d13a348ebc557aa3b47ef1a27cdf962e2ee 37.75MB / 126.73MB 51.2s
#4 sha256:7ca6053833076bc7bd2c5666a847913b0e00163e65c5267e9f5d6e427b9f2b10 13.63MB / 68.52MB 51.2s
#4 sha256:8ac92ddf84b35dac36ef6632f8d5a0c9c2d7038f6018f2d4fa1be056d90bd366 38.80MB / 51.79MB 54.0s
#4 sha256:dc65f448a2e2f2ea557e69ed9ac65aa8ac0e16f1bce68f90de910b4d5a2f1ba1 19.92MB / 50.38MB 37.7s
#4 sha256:020f524b99dd2fc8523e2bb87da57d13a348ebc557aa3b47ef1a27cdf962e2ee 41.94MB / 126.73MB 56.3s
#4 sha256:7ca6053833076bc7bd2c5666a847913b0e00163e65c5267e9f5d6e427b9f2b10 15.73MB / 68.52MB 56.3s
#4 sha256:8ac92ddf84b35dac36ef6632f8d5a0c9c2d7038f6018f2d4fa1be056d90bd366 41.94MB / 51.79MB 56.4s
#4 sha256:dc65f448a2e2f2ea557e69ed9ac65aa8ac0e16f1bce68f90de910b4d5a2f1ba1 23.07MB / 50.38MB 40.8s
#4 sha256:8ac92ddf84b35dac36ef6632f8d5a0c9c2d7038f6018f2d4fa1be056d90bd366 45.09MB / 51.79MB 57.6s
#4 sha256:8ac92ddf84b35dac36ef6632f8d5a0c9c2d7038f6018f2d4fa1be056d90bd366 48.23MB / 51.79MB 60.3s
#4 sha256:020f524b99dd2fc8523e2bb87da57d13a348ebc557aa3b47ef1a27cdf962e2ee 49.28MB / 126.73MB 61.3s
#4 sha256:dc65f448a2e2f2ea557e69ed9ac65aa8ac0e16f1bce68f90de910b4d5a2f1ba1 26.21MB / 50.38MB 44.7s
#4 sha256:7ca6053833076bc7bd2c5666a847913b0e00163e65c5267e9f5d6e427b9f2b10 17.83MB / 68.52MB 61.3s
#4 sha256:8ac92ddf84b35dac36ef6632f8d5a0c9c2d7038f6018f2d4fa1be056d90bd366 51.38MB / 51.79MB 63.4s
#4 sha256:8ac92ddf84b35dac36ef6632f8d5a0c9c2d7038f6018f2d4fa1be056d90bd366 51.79MB / 51.79MB 63.9s done
#4 sha256:dc65f448a2e2f2ea557e69ed9ac65aa8ac0e16f1bce68f90de910b4d5a2f1ba1 29.36MB / 50.38MB 48.3s
#4 sha256:020f524b99dd2fc8523e2bb87da57d13a348ebc557aa3b47ef1a27cdf962e2ee 56.62MB / 126.73MB 66.3s
#4 sha256:7ca6053833076bc7bd2c5666a847913b0e00163e65c5267e9f5d6e427b9f2b10 18.87MB / 68.52MB 66.4s
#4 sha256:dc65f448a2e2f2ea557e69ed9ac65aa8ac0e16f1bce68f90de910b4d5a2f1ba1 32.51MB / 50.38MB 51.9s
#4 sha256:020f524b99dd2fc8523e2bb87da57d13a348ebc557aa3b47ef1a27cdf962e2ee 63.96MB / 126.73MB 69.9s
#4 sha256:7ca6053833076bc7bd2c5666a847913b0e00163e65c5267e9f5d6e427b9f2b10 20.97MB / 68.52MB 71.5s
#4 sha256:dc65f448a2e2f2ea557e69ed9ac65aa8ac0e16f1bce68f90de910b4d5a2f1ba1 35.65MB / 50.38MB 55.5s
#4 sha256:020f524b99dd2fc8523e2bb87da57d13a348ebc557aa3b47ef1a27cdf962e2ee 71.30MB / 126.73MB 73.5s
#4 sha256:dc65f448a2e2f2ea557e69ed9ac65aa8ac0e16f1bce68f90de910b4d5a2f1ba1 38.80MB / 50.38MB 59.5s
#4 sha256:020f524b99dd2fc8523e2bb87da57d13a348ebc557aa3b47ef1a27cdf962e2ee 78.64MB / 126.73MB 76.8s
#4 sha256:7ca6053833076bc7bd2c5666a847913b0e00163e65c5267e9f5d6e427b9f2b10 22.02MB / 68.52MB 76.6s
#4 sha256:020f524b99dd2fc8523e2bb87da57d13a348ebc557aa3b47ef1a27cdf962e2ee 85.98MB / 126.73MB 79.9s
#4 sha256:dc65f448a2e2f2ea557e69ed9ac65aa8ac0e16f1bce68f90de910b4d5a2f1ba1 41.94MB / 50.38MB 64.0s
#4 sha256:7ca6053833076bc7bd2c5666a847913b0e00163e65c5267e9f5d6e427b9f2b10 23.07MB / 68.52MB 81.7s
#4 sha256:020f524b99dd2fc8523e2bb87da57d13a348ebc557aa3b47ef1a27cdf962e2ee 93.32MB / 126.73MB 83.4s
#4 sha256:dc65f448a2e2f2ea557e69ed9ac65aa8ac0e16f1bce68f90de910b4d5a2f1ba1 45.09MB / 50.38MB 67.9s
#4 sha256:020f524b99dd2fc8523e2bb87da57d13a348ebc557aa3b47ef1a27cdf962e2ee 100.66MB / 126.73MB 85.6s
#4 sha256:dc65f448a2e2f2ea557e69ed9ac65aa8ac0e16f1bce68f90de910b4d5a2f1ba1 48.23MB / 50.38MB 69.3s
#4 sha256:7ca6053833076bc7bd2c5666a847913b0e00163e65c5267e9f5d6e427b9f2b10 25.17MB / 68.52MB 86.8s
#4 sha256:dc65f448a2e2f2ea557e69ed9ac65aa8ac0e16f1bce68f90de910b4d5a2f1ba1 50.38MB / 50.38MB 71.1s done
#4 extracting sha256:dc65f448a2e2f2ea557e69ed9ac65aa8ac0e16f1bce68f90de910b4d5a2f1ba1
#4 extracting sha256:dc65f448a2e2f2ea557e69ed9ac65aa8ac0e16f1bce68f90de910b4d5a2f1ba1 1.4s done
#4 extracting sha256:346ffb2b67d7b35729673ced818325ed0ea57284e69de67f8bbc48c2bf294716
#4 sha256:020f524b99dd2fc8523e2bb87da57d13a348ebc557aa3b47ef1a27cdf962e2ee 108.00MB / 126.73MB 89.4s
#4 extracting sha256:346ffb2b67d7b35729673ced818325ed0ea57284e69de67f8bbc48c2bf294716 0.2s done
#4 extracting sha256:dea4ecac934f71d68d4f5edb171f6cff42588edfa3f70ba8709be56e321eeddc
#4 extracting sha256:dea4ecac934f71d68d4f5edb171f6cff42588edfa3f70ba8709be56e321eeddc 0.2s done
#4 extracting sha256:8ac92ddf84b35dac36ef6632f8d5a0c9c2d7038f6018f2d4fa1be056d90bd366
#4 extracting sha256:8ac92ddf84b35dac36ef6632f8d5a0c9c2d7038f6018f2d4fa1be056d90bd366 1.4s done
#4 sha256:020f524b99dd2fc8523e2bb87da57d13a348ebc557aa3b47ef1a27cdf962e2ee 115.34MB / 126.73MB 92.1s
#4 sha256:7ca6053833076bc7bd2c5666a847913b0e00163e65c5267e9f5d6e427b9f2b10 27.26MB / 68.52MB 91.9s
#4 sha256:020f524b99dd2fc8523e2bb87da57d13a348ebc557aa3b47ef1a27cdf962e2ee 122.68MB / 126.73MB 94.8s
#4 sha256:020f524b99dd2fc8523e2bb87da57d13a348ebc557aa3b47ef1a27cdf962e2ee 126.73MB / 126.73MB 96.0s done
#4 sha256:7ca6053833076bc7bd2c5666a847913b0e00163e65c5267e9f5d6e427b9f2b10 30.41MB / 68.52MB 97.0s
#4 sha256:7ca6053833076bc7bd2c5666a847913b0e00163e65c5267e9f5d6e427b9f2b10 34.60MB / 68.52MB 99.4s
#4 sha256:7ca6053833076bc7bd2c5666a847913b0e00163e65c5267e9f5d6e427b9f2b10 38.80MB / 68.52MB 101.8s
#4 sha256:7ca6053833076bc7bd2c5666a847913b0e00163e65c5267e9f5d6e427b9f2b10 42.99MB / 68.52MB 104.4s
#4 sha256:7ca6053833076bc7bd2c5666a847913b0e00163e65c5267e9f5d6e427b9f2b10 47.19MB / 68.52MB 106.6s
#4 sha256:7ca6053833076bc7bd2c5666a847913b0e00163e65c5267e9f5d6e427b9f2b10 51.38MB / 68.52MB 109.0s
#4 sha256:7ca6053833076bc7bd2c5666a847913b0e00163e65c5267e9f5d6e427b9f2b10 55.57MB / 68.52MB 111.6s
#4 sha256:7ca6053833076bc7bd2c5666a847913b0e00163e65c5267e9f5d6e427b9f2b10 59.77MB / 68.52MB 113.4s
#4 sha256:7ca6053833076bc7bd2c5666a847913b0e00163e65c5267e9f5d6e427b9f2b10 63.96MB / 68.52MB 114.6s
#4 sha256:7ca6053833076bc7bd2c5666a847913b0e00163e65c5267e9f5d6e427b9f2b10 68.16MB / 68.52MB 116.3s
#4 sha256:7ca6053833076bc7bd2c5666a847913b0e00163e65c5267e9f5d6e427b9f2b10 68.52MB / 68.52MB 116.4s done
#4 extracting sha256:7ca6053833076bc7bd2c5666a847913b0e00163e65c5267e9f5d6e427b9f2b10
#4 extracting sha256:7ca6053833076bc7bd2c5666a847913b0e00163e65c5267e9f5d6e427b9f2b10 1.1s done
#4 DONE 117.7s

#4 [1/7] FROM docker.io/library/golang:1.12@sha256:d0e79a9c39cdb3d71cc45fec929d1308d50420b79201467ec602b1b80cc314a8
#4 extracting sha256:020f524b99dd2fc8523e2bb87da57d13a348ebc557aa3b47ef1a27cdf962e2ee
#4 extracting sha256:020f524b99dd2fc8523e2bb87da57d13a348ebc557aa3b47ef1a27cdf962e2ee 2.7s done
#4 DONE 120.4s

#4 [1/7] FROM docker.io/library/golang:1.12@sha256:d0e79a9c39cdb3d71cc45fec929d1308d50420b79201467ec602b1b80cc314a8
#4 extracting sha256:06036b0307c9aaf7d506ec1c18f647754cf782f93ca4fc10303db2468297753f 0.0s done
#4 DONE 120.4s

#5 [2/7] RUN git init -q /go/src/k8s.io/kubernetes
#5 DONE 1.0s

#6 [3/7] WORKDIR /go/src/k8s.io/kubernetes
#6 DONE 0.0s

#7 [4/7] RUN git remote add origin https://github.com/kubernetes/kubernetes.git &&     git fetch -q --depth 1 origin 628af356b8c83f98ee3b50dfcf8b0250816a5581 &&     git checkout -q FETCH_HEAD
#7 DONE 26.5s

#8 [5/7] RUN go test ./pkg/controller/framework -c -o /go/gobench.test
#8 DONE 8.1s

#9 [6/7] RUN { go version; git rev-parse HEAD; git hash-object pkg/controller/framework/shared_informer.go pkg/controller/framework/processor_listener_test.go Godeps/Godeps.json; } > /go/blob_check.txt
#9 DONE 0.2s

#10 [7/7] WORKDIR /go/src/k8s.io/kubernetes/pkg/controller/framework
#10 DONE 0.0s

#11 exporting to image
#11 exporting layers
#11 exporting layers 5.1s done
#11 exporting manifest sha256:7f455edefc28a499ce1a0b4ee2a1ec6165a78f7c33f3931bc2feed90addbe2ca 0.0s done
#11 exporting config sha256:3473f1c7f205541e12d2dfb19072e1325cacaf7b5541ccbfb6d64a1286a4b85c 0.0s done
#11 exporting attestation manifest sha256:500ba43079d9806c7eb848db776e456c6d0ec59f143f13c2e4cbae625f3781d7 0.0s done
#11 exporting manifest list sha256:6c93e46a3848354353a72d545dc782257d620432c07d3497ded117476f75d5d4 done
#11 naming to docker.io/library/k8s26980-fix:latest done
#11 unpacking to docker.io/library/k8s26980-fix:latest
#11 unpacking to docker.io/library/k8s26980-fix:latest 2.9s done
#11 DONE 8.1s
