=== RUN   TestHammerSimpleAuthenticate
2026-09-19 11:02:40.507962 W | auth: simple token is not cryptographically signed
2026-09-19 11:02:40.512070 N | auth: added a new user: root
2026-09-19 11:02:40.512102 N | auth: Role root is created
2026-09-19 11:02:40.512115 N | auth: granted role root to user root
2026-09-19 11:02:40.512149 N | auth: Authentication enabled
2026-09-19 11:02:40.513141 N | auth: Role role-test is created
2026-09-19 11:02:40.513899 N | auth: added a new user: foo
2026-09-19 11:02:40.514641 N | auth: added a new user: user-0
2026-09-19 11:02:40.515411 N | auth: added a new user: user-1
2026-09-19 11:02:40.516143 N | auth: added a new user: user-2
2026-09-19 11:02:40.516881 N | auth: added a new user: user-3
2026-09-19 11:02:40.517703 N | auth: added a new user: user-4
2026-09-19 11:02:40.518429 N | auth: added a new user: user-5
2026-09-19 11:02:40.519176 N | auth: added a new user: user-6
2026-09-19 11:02:40.519888 N | auth: added a new user: user-7
2026-09-19 11:02:40.520606 N | auth: added a new user: user-8
2026-09-19 11:02:40.521377 N | auth: added a new user: user-9
2026-09-19 11:02:40.522095 N | auth: added a new user: user-10
2026-09-19 11:02:40.522815 N | auth: added a new user: user-11
2026-09-19 11:02:40.523526 N | auth: added a new user: user-12
2026-09-19 11:02:40.524241 N | auth: added a new user: user-13
2026-09-19 11:02:40.524946 N | auth: added a new user: user-14
2026-09-19 11:02:40.525642 N | auth: added a new user: user-15
2026-09-19 11:02:40.526350 N | auth: added a new user: user-16
2026-09-19 11:02:40.527040 N | auth: added a new user: user-17
2026-09-19 11:02:40.527739 N | auth: added a new user: user-18
2026-09-19 11:02:40.528420 N | auth: added a new user: user-19
2026-09-19 11:02:40.529119 N | auth: added a new user: user-20
2026-09-19 11:02:40.529814 N | auth: added a new user: user-21
2026-09-19 11:02:40.530504 N | auth: added a new user: user-22
2026-09-19 11:02:40.531217 N | auth: added a new user: user-23
2026-09-19 11:02:40.531926 N | auth: added a new user: user-24
2026-09-19 11:02:40.532633 N | auth: added a new user: user-25
2026-09-19 11:02:40.533376 N | auth: added a new user: user-26
2026-09-19 11:02:40.534084 N | auth: added a new user: user-27
2026-09-19 11:02:40.534792 N | auth: added a new user: user-28
2026-09-19 11:02:40.535487 N | auth: added a new user: user-29
2026-09-19 11:02:40.536176 N | auth: added a new user: user-30
2026-09-19 11:02:40.536874 N | auth: added a new user: user-31
2026-09-19 11:02:40.537587 N | auth: added a new user: user-32
2026-09-19 11:02:40.538288 N | auth: added a new user: user-33
2026-09-19 11:02:40.538991 N | auth: added a new user: user-34
2026-09-19 11:02:40.539701 N | auth: added a new user: user-35
2026-09-19 11:02:40.540412 N | auth: added a new user: user-36
2026-09-19 11:02:40.541144 N | auth: added a new user: user-37
2026-09-19 11:02:40.541905 N | auth: added a new user: user-38
2026-09-19 11:02:40.542670 N | auth: added a new user: user-39
2026-09-19 11:02:40.543448 N | auth: added a new user: user-40
2026-09-19 11:02:40.544217 N | auth: added a new user: user-41
2026-09-19 11:02:40.544980 N | auth: added a new user: user-42
2026-09-19 11:02:40.545743 N | auth: added a new user: user-43
2026-09-19 11:02:40.546493 N | auth: added a new user: user-44
2026-09-19 11:02:40.547252 N | auth: added a new user: user-45
2026-09-19 11:02:40.547999 N | auth: added a new user: user-46
2026-09-19 11:02:40.548798 N | auth: added a new user: user-47
2026-09-19 11:02:40.549626 N | auth: added a new user: user-48
2026-09-19 11:02:40.550443 N | auth: added a new user: user-49
2026-09-19 11:02:40.562651 I | auth: deleting token user-11(1).1 for user user-11
2026-09-19 11:02:40.562678 I | auth: deleting token user-5(1).1 for user user-5
2026-09-19 11:02:40.562683 I | auth: deleting token user-9(1).1 for user user-9
2026-09-19 11:02:40.562685 I | auth: deleting token user-48(0).1 for user user-48
2026-09-19 11:02:40.562687 I | auth: deleting token user-41(1).1 for user user-41
2026-09-19 11:02:40.562689 I | auth: deleting token user-12(1).1 for user user-12
2026-09-19 11:02:40.562691 I | auth: deleting token user-40(1).1 for user user-40
2026-09-19 11:02:40.562692 I | auth: deleting token user-35(1).1 for user user-35
2026-09-19 11:02:40.562694 I | auth: deleting token user-24(1).1 for user user-24
2026-09-19 11:02:40.562696 I | auth: deleting token user-29(0).1 for user user-29
2026-09-19 11:02:40.562697 I | auth: deleting token user-37(1).1 for user user-37
2026-09-19 11:02:40.562699 I | auth: deleting token user-46(0).1 for user user-46
2026-09-19 11:02:40.562701 I | auth: deleting token user-35(0).1 for user user-35
2026-09-19 11:02:40.562703 I | auth: deleting token user-47(1).1 for user user-47
2026-09-19 11:02:40.562704 I | auth: deleting token user-32(1).1 for user user-32
2026-09-19 11:02:40.562706 I | auth: deleting token user-19(1).1 for user user-19
2026-09-19 11:02:40.562708 I | auth: deleting token user-14(0).1 for user user-14
2026-09-19 11:02:40.562710 I | auth: deleting token user-21(1).1 for user user-21
2026-09-19 11:02:40.562713 I | auth: deleting token user-36(1).1 for user user-36
2026-09-19 11:02:40.562715 I | auth: deleting token user-18(1).1 for user user-18
2026-09-19 11:02:40.562718 I | auth: deleting token user-39(1).1 for user user-39
2026-09-19 11:02:40.562724 I | auth: deleting token user-27(1).1 for user user-27
2026-09-19 11:02:40.562727 I | auth: deleting token user-43(0).1 for user user-43
2026-09-19 11:02:40.562729 I | auth: deleting token user-29(1).1 for user user-29
2026-09-19 11:02:40.562732 I | auth: deleting token user-49(1).1 for user user-49
2026-09-19 11:02:40.562734 I | auth: deleting token user-21(0).1 for user user-21
2026-09-19 11:02:40.562737 I | auth: deleting token user-20(0).1 for user user-20
2026-09-19 11:02:40.562740 I | auth: deleting token user-31(1).1 for user user-31
2026-09-19 11:02:40.562742 I | auth: deleting token user-38(1).1 for user user-38
2026-09-19 11:02:40.562744 I | auth: deleting token user-2(0).1 for user user-2
2026-09-19 11:02:40.562746 I | auth: deleting token user-23(1).1 for user user-23
2026-09-19 11:02:40.562748 I | auth: deleting token user-40(0).1 for user user-40
2026-09-19 11:02:40.562750 I | auth: deleting token user-17(1).1 for user user-17
2026-09-19 11:02:40.562751 I | auth: deleting token user-34(0).1 for user user-34
2026-09-19 11:02:40.562754 I | auth: deleting token user-16(0).1 for user user-16
2026-09-19 11:02:40.562756 I | auth: deleting token user-28(0).1 for user user-28
2026-09-19 11:02:40.562757 I | auth: deleting token user-17(0).1 for user user-17
2026-09-19 11:02:40.562759 I | auth: deleting token user-22(0).1 for user user-22
2026-09-19 11:02:40.562761 I | auth: deleting token user-45(0).1 for user user-45
2026-09-19 11:02:40.562764 I | auth: deleting token user-33(1).1 for user user-33
2026-09-19 11:02:40.562767 I | auth: deleting token user-12(0).1 for user user-12
2026-09-19 11:02:40.562769 I | auth: deleting token user-27(0).1 for user user-27
2026-09-19 11:02:40.562771 I | auth: deleting token user-7(0).1 for user user-7
2026-09-19 11:02:40.562778 I | auth: deleting token user-31(0).1 for user user-31
2026-09-19 11:02:40.562779 I | auth: deleting token user-25(1).1 for user user-25
2026-09-19 11:02:40.562781 I | auth: deleting token user-6(1).1 for user user-6
2026-09-19 11:02:40.562783 I | auth: deleting token user-37(0).1 for user user-37
2026-09-19 11:02:40.562785 I | auth: deleting token user-30(0).1 for user user-30
2026-09-19 11:02:40.562787 I | auth: deleting token user-41(0).1 for user user-41
2026-09-19 11:02:40.562789 I | auth: deleting token user-46(1).1 for user user-46
2026-09-19 11:02:40.562791 I | auth: deleting token user-1(1).1 for user user-1
2026-09-19 11:02:40.562792 I | auth: deleting token user-8(1).1 for user user-8
2026-09-19 11:02:40.562794 I | auth: deleting token user-9(0).1 for user user-9
2026-09-19 11:02:40.562796 I | auth: deleting token user-28(1).1 for user user-28
2026-09-19 11:02:40.562798 I | auth: deleting token user-38(0).1 for user user-38
2026-09-19 11:02:40.562800 I | auth: deleting token user-48(1).1 for user user-48
2026-09-19 11:02:40.562802 I | auth: deleting token user-20(1).1 for user user-20
2026-09-19 11:02:40.562803 I | auth: deleting token user-47(0).1 for user user-47
2026-09-19 11:02:40.562806 I | auth: deleting token user-26(1).1 for user user-26
2026-09-19 11:02:40.562808 I | auth: deleting token user-6(0).1 for user user-6
2026-09-19 11:02:40.562809 I | auth: deleting token user-42(1).1 for user user-42
2026-09-19 11:02:40.562811 I | auth: deleting token user-19(0).1 for user user-19
2026-09-19 11:02:40.562813 I | auth: deleting token user-22(1).1 for user user-22
2026-09-19 11:02:40.562815 I | auth: deleting token user-0(1).1 for user user-0
2026-09-19 11:02:40.562817 I | auth: deleting token user-34(1).1 for user user-34
2026-09-19 11:02:40.562818 I | auth: deleting token user-11(0).1 for user user-11
2026-09-19 11:02:40.562820 I | auth: deleting token user-3(1).1 for user user-3
2026-09-19 11:02:40.562822 I | auth: deleting token user-32(0).1 for user user-32
2026-09-19 11:02:40.562824 I | auth: deleting token user-25(0).1 for user user-25
2026-09-19 11:02:40.562826 I | auth: deleting token user-5(0).1 for user user-5
2026-09-19 11:02:40.562828 I | auth: deleting token user-26(0).1 for user user-26
2026-09-19 11:02:40.562829 I | auth: deleting token user-13(0).1 for user user-13
2026-09-19 11:02:40.562838 I | auth: deleting token user-24(0).1 for user user-24
2026-09-19 11:02:40.562855 I | auth: deleting token user-39(0).1 for user user-39
2026-09-19 11:02:40.562859 I | auth: deleting token user-3(0).1 for user user-3
2026-09-19 11:02:40.562863 I | auth: deleting token user-10(1).1 for user user-10
2026-09-19 11:02:40.562869 I | auth: deleting token user-15(1).1 for user user-15
2026-09-19 11:02:40.562872 I | auth: deleting token user-36(0).1 for user user-36
2026-09-19 11:02:40.562875 I | auth: deleting token user-15(0).1 for user user-15
2026-09-19 11:02:40.562878 I | auth: deleting token user-45(1).1 for user user-45
2026-09-19 11:02:40.562881 I | auth: deleting token user-14(1).1 for user user-14
2026-09-19 11:02:40.562885 I | auth: deleting token user-7(1).1 for user user-7
2026-09-19 11:02:40.562906 I | auth: deleting token user-43(1).1 for user user-43
2026-09-19 11:02:40.562912 I | auth: deleting token user-2(1).1 for user user-2
2026-09-19 11:02:40.562915 I | auth: deleting token user-0(0).1 for user user-0
2026-09-19 11:02:40.562924 I | auth: deleting token user-13(1).1 for user user-13
2026-09-19 11:02:40.562930 I | auth: deleting token user-16(1).1 for user user-16
2026-09-19 11:02:40.562934 I | auth: deleting token user-33(0).1 for user user-33
2026-09-19 11:02:40.562941 I | auth: deleting token user-44(1).1 for user user-44
2026-09-19 11:02:40.562944 I | auth: deleting token user-49(0).1 for user user-49
2026-09-19 11:02:40.562946 I | auth: deleting token user-23(0).1 for user user-23
2026-09-19 11:02:40.562949 I | auth: deleting token user-42(0).1 for user user-42
2026-09-19 11:02:40.562952 I | auth: deleting token user-10(0).1 for user user-10
2026-09-19 11:02:40.562954 I | auth: deleting token user-18(0).1 for user user-18
2026-09-19 11:02:40.562956 I | auth: deleting token user-30(1).1 for user user-30
2026-09-19 11:02:40.562959 I | auth: deleting token user-1(0).1 for user user-1
2026-09-19 11:02:40.562961 I | auth: deleting token user-4(0).1 for user user-4
2026-09-19 11:02:40.562964 I | auth: deleting token user-44(0).1 for user user-44
2026-09-19 11:02:40.562966 I | auth: deleting token user-8(0).1 for user user-8
2026-09-19 11:02:40.562969 I | auth: deleting token user-4(1).1 for user user-4
--- PASS: TestHammerSimpleAuthenticate (0.06s)
PASS
