=== RUN   TestHammerSimpleAuthenticate
2026-09-19 11:02:41.281504 W | auth: simple token is not cryptographically signed
2026-09-19 11:02:41.285812 N | auth: added a new user: root
2026-09-19 11:02:41.285846 N | auth: Role root is created
2026-09-19 11:02:41.285857 N | auth: granted role root to user root
2026-09-19 11:02:41.285908 N | auth: Authentication enabled
2026-09-19 11:02:41.287016 N | auth: Role role-test is created
2026-09-19 11:02:41.287739 N | auth: added a new user: foo
2026-09-19 11:02:41.288586 N | auth: added a new user: user-0
2026-09-19 11:02:41.289372 N | auth: added a new user: user-1
2026-09-19 11:02:41.290080 N | auth: added a new user: user-2
2026-09-19 11:02:41.290774 N | auth: added a new user: user-3
2026-09-19 11:02:41.291458 N | auth: added a new user: user-4
2026-09-19 11:02:41.292145 N | auth: added a new user: user-5
2026-09-19 11:02:41.292846 N | auth: added a new user: user-6
2026-09-19 11:02:41.293557 N | auth: added a new user: user-7
2026-09-19 11:02:41.294260 N | auth: added a new user: user-8
2026-09-19 11:02:41.294949 N | auth: added a new user: user-9
2026-09-19 11:02:41.295627 N | auth: added a new user: user-10
2026-09-19 11:02:41.296305 N | auth: added a new user: user-11
2026-09-19 11:02:41.297024 N | auth: added a new user: user-12
2026-09-19 11:02:41.298051 N | auth: added a new user: user-13
2026-09-19 11:02:41.298766 N | auth: added a new user: user-14
2026-09-19 11:02:41.299466 N | auth: added a new user: user-15
2026-09-19 11:02:41.300155 N | auth: added a new user: user-16
2026-09-19 11:02:41.300840 N | auth: added a new user: user-17
2026-09-19 11:02:41.301670 N | auth: added a new user: user-18
2026-09-19 11:02:41.302427 N | auth: added a new user: user-19
2026-09-19 11:02:41.303381 N | auth: added a new user: user-20
2026-09-19 11:02:41.304119 N | auth: added a new user: user-21
2026-09-19 11:02:41.304808 N | auth: added a new user: user-22
2026-09-19 11:02:41.305533 N | auth: added a new user: user-23
2026-09-19 11:02:41.306221 N | auth: added a new user: user-24
2026-09-19 11:02:41.306913 N | auth: added a new user: user-25
2026-09-19 11:02:41.307611 N | auth: added a new user: user-26
2026-09-19 11:02:41.308303 N | auth: added a new user: user-27
2026-09-19 11:02:41.309247 N | auth: added a new user: user-28
2026-09-19 11:02:41.309942 N | auth: added a new user: user-29
2026-09-19 11:02:41.310637 N | auth: added a new user: user-30
2026-09-19 11:02:41.311340 N | auth: added a new user: user-31
2026-09-19 11:02:41.312031 N | auth: added a new user: user-32
2026-09-19 11:02:41.312746 N | auth: added a new user: user-33
2026-09-19 11:02:41.313502 N | auth: added a new user: user-34
2026-09-19 11:02:41.314218 N | auth: added a new user: user-35
2026-09-19 11:02:41.315261 N | auth: added a new user: user-36
2026-09-19 11:02:41.316005 N | auth: added a new user: user-37
2026-09-19 11:02:41.316731 N | auth: added a new user: user-38
2026-09-19 11:02:41.317504 N | auth: added a new user: user-39
2026-09-19 11:02:41.318220 N | auth: added a new user: user-40
2026-09-19 11:02:41.318959 N | auth: added a new user: user-41
2026-09-19 11:02:41.319691 N | auth: added a new user: user-42
2026-09-19 11:02:41.320731 N | auth: added a new user: user-43
2026-09-19 11:02:41.321480 N | auth: added a new user: user-44
2026-09-19 11:02:41.322223 N | auth: added a new user: user-45
2026-09-19 11:02:41.322950 N | auth: added a new user: user-46
2026-09-19 11:02:41.323716 N | auth: added a new user: user-47
2026-09-19 11:02:41.324460 N | auth: added a new user: user-48
2026-09-19 11:02:41.325224 N | auth: added a new user: user-49
panic: test timed out after 50s

goroutine 541 [running]:
testing.(*M).startAlarm.func1()
	/usr/local/go/src/testing/testing.go:1377 +0xdf
created by time.goFunc
	/usr/local/go/src/time/sleep.go:168 +0x44

goroutine 1 [chan receive]:
testing.(*T).Run(0xc0001b0100, 0xa128d3, 0x1c, 0xa2fd90, 0x485101)
	/usr/local/go/src/testing/testing.go:961 +0x377
testing.runTests.func1(0xc0001b0000)
	/usr/local/go/src/testing/testing.go:1202 +0x78
testing.tRunner(0xc0001b0000, 0xc00019ddc0)
	/usr/local/go/src/testing/testing.go:909 +0xc9
testing.runTests(0xc000184a40, 0xe55fe0, 0x13, 0x13, 0x0)
	/usr/local/go/src/testing/testing.go:1200 +0x2a7
testing.(*M).Run(0xc0001a6000, 0x0)
	/usr/local/go/src/testing/testing.go:1117 +0x176
main.main()
	_testmain.go:80 +0x135

goroutine 20 [semacquire]:
sync.runtime_Semacquire(0xc0003ac6b8)
	/usr/local/go/src/runtime/sema.go:56 +0x42
sync.(*WaitGroup).Wait(0xc0003ac6b0)
	/usr/local/go/src/sync/waitgroup.go:130 +0x64
_/go/src/github.com/coreos/etcd/auth.TestHammerSimpleAuthenticate(0xc0001b0100)
	/go/src/github.com/coreos/etcd/auth/store_test.go:631 +0x3af
testing.tRunner(0xc0001b0100, 0xa2fd90)
	/usr/local/go/src/testing/testing.go:909 +0xc9
created by testing.(*T).Run
	/usr/local/go/src/testing/testing.go:960 +0x350

goroutine 21 [semacquire]:
sync.runtime_SemacquireMutex(0xc000118fc4, 0xc0001cce00, 0x1)
	/usr/local/go/src/runtime/sema.go:71 +0x47
sync.(*Mutex).lockSlow(0xc000118fc0)
	/usr/local/go/src/sync/mutex.go:138 +0xfc
sync.(*Mutex).Lock(...)
	/usr/local/go/src/sync/mutex.go:81
github.com/coreos/etcd/mvcc/backend.(*batchTxBuffered).Commit(0xc000118fc0)
	/go/src/github.com/coreos/etcd/gopath/src/github.com/coreos/etcd/mvcc/backend/batch_tx.go:232 +0x9f
github.com/coreos/etcd/mvcc/backend.(*backend).run(0xc00010c360)
	/go/src/github.com/coreos/etcd/gopath/src/github.com/coreos/etcd/mvcc/backend/backend.go:211 +0xdb
created by github.com/coreos/etcd/mvcc/backend.newBackend
	/go/src/github.com/coreos/etcd/gopath/src/github.com/coreos/etcd/mvcc/backend/backend.go:129 +0x19d

goroutine 22 [semacquire]:
sync.runtime_SemacquireMutex(0xc0001190f4, 0xc00006bd01, 0x1)
	/usr/local/go/src/runtime/sema.go:71 +0x47
sync.(*Mutex).lockSlow(0xc0001190f0)
	/usr/local/go/src/sync/mutex.go:138 +0xfc
sync.(*Mutex).Lock(...)
	/usr/local/go/src/sync/mutex.go:81
sync.(*RWMutex).Lock(0xc0001190f0)
	/usr/local/go/src/sync/rwmutex.go:98 +0x97
_/go/src/github.com/coreos/etcd/auth.newDeleterFunc.func1(0xc0002665b0, 0xc)
	/go/src/github.com/coreos/etcd/auth/simple_token.go:161 +0x52
_/go/src/github.com/coreos/etcd/auth.(*simpleTokenTTLKeeper).run(0xc0001194a0)
	/go/src/github.com/coreos/etcd/auth/simple_token.go:100 +0x138
created by _/go/src/github.com/coreos/etcd/auth.NewSimpleTokenTTLKeeper
	/go/src/github.com/coreos/etcd/auth/simple_token.go:61 +0x130

goroutine 571 [semacquire]:
sync.runtime_SemacquireMutex(0xc000118fc4, 0x203000, 0x1)
	/usr/local/go/src/runtime/sema.go:71 +0x47
sync.(*Mutex).lockSlow(0xc000118fc0)
	/usr/local/go/src/sync/mutex.go:138 +0xfc
sync.(*Mutex).Lock(0xc000118fc0)
	/usr/local/go/src/sync/mutex.go:81 +0x47
_/go/src/github.com/coreos/etcd/auth.(*authStore).Authenticate(0xc00011c140, 0x7573e0214010, 0xc0003aa660, 0xc0001090e8, 0x7, 0xa034bc, 0x3, 0x0, 0x0, 0x0)
	/go/src/github.com/coreos/etcd/auth/store.go:261 +0x9c
_/go/src/github.com/coreos/etcd/auth.TestHammerSimpleAuthenticate.func2(0xc0003ac6b0, 0xc000266148, 0xc00011c140, 0xc0001b0100, 0xc0001090e8, 0x7)
	/go/src/github.com/coreos/etcd/auth/store_test.go:622 +0x32d
created by _/go/src/github.com/coreos/etcd/auth.TestHammerSimpleAuthenticate
	/go/src/github.com/coreos/etcd/auth/store_test.go:618 +0x373

goroutine 573 [semacquire]:
sync.runtime_SemacquireMutex(0xc000118fc4, 0x203000, 0x1)
	/usr/local/go/src/runtime/sema.go:71 +0x47
sync.(*Mutex).lockSlow(0xc000118fc0)
	/usr/local/go/src/sync/mutex.go:138 +0xfc
sync.(*Mutex).Lock(0xc000118fc0)
	/usr/local/go/src/sync/mutex.go:81 +0x47
_/go/src/github.com/coreos/etcd/auth.(*authStore).Authenticate(0xc00011c140, 0x7573e0214010, 0xc0003aa720, 0xc000109ca0, 0x7, 0xa034bc, 0x3, 0x0, 0x0, 0x0)
	/go/src/github.com/coreos/etcd/auth/store.go:261 +0x9c
_/go/src/github.com/coreos/etcd/auth.TestHammerSimpleAuthenticate.func2(0xc0003ac6b0, 0xc000266148, 0xc00011c140, 0xc0001b0100, 0xc000109ca0, 0x7)
	/go/src/github.com/coreos/etcd/auth/store_test.go:622 +0x32d
created by _/go/src/github.com/coreos/etcd/auth.TestHammerSimpleAuthenticate
	/go/src/github.com/coreos/etcd/auth/store_test.go:618 +0x373

goroutine 572 [semacquire]:
sync.runtime_SemacquireMutex(0xc000118fc4, 0x203000, 0x1)
	/usr/local/go/src/runtime/sema.go:71 +0x47
sync.(*Mutex).lockSlow(0xc000118fc0)
	/usr/local/go/src/sync/mutex.go:138 +0xfc
sync.(*Mutex).Lock(0xc000118fc0)
	/usr/local/go/src/sync/mutex.go:81 +0x47
_/go/src/github.com/coreos/etcd/auth.(*authStore).Authenticate(0xc00011c140, 0x7573e0214010, 0xc0003aa6c0, 0xc000109778, 0x7, 0xa034bc, 0x3, 0x0, 0x0, 0x0)
	/go/src/github.com/coreos/etcd/auth/store.go:261 +0x9c
_/go/src/github.com/coreos/etcd/auth.TestHammerSimpleAuthenticate.func2(0xc0003ac6b0, 0xc000266148, 0xc00011c140, 0xc0001b0100, 0xc000109778, 0x7)
	/go/src/github.com/coreos/etcd/auth/store_test.go:622 +0x32d
created by _/go/src/github.com/coreos/etcd/auth.TestHammerSimpleAuthenticate
	/go/src/github.com/coreos/etcd/auth/store_test.go:618 +0x373

goroutine 559 [semacquire]:
sync.runtime_SemacquireMutex(0xc000118fc4, 0x203000, 0x1)
	/usr/local/go/src/runtime/sema.go:71 +0x47
sync.(*Mutex).lockSlow(0xc000118fc0)
	/usr/local/go/src/sync/mutex.go:138 +0xfc
sync.(*Mutex).Lock(0xc000118fc0)
	/usr/local/go/src/sync/mutex.go:81 +0x47
_/go/src/github.com/coreos/etcd/auth.(*authStore).Authenticate(0xc00011c140, 0x7573e0214010, 0xc0003854d0, 0xc000109340, 0x7, 0xa034bc, 0x3, 0x0, 0x0, 0x0)
	/go/src/github.com/coreos/etcd/auth/store.go:261 +0x9c
_/go/src/github.com/coreos/etcd/auth.TestHammerSimpleAuthenticate.func2(0xc0003ac6b0, 0xc000266148, 0xc00011c140, 0xc0001b0100, 0xc000109340, 0x7)
	/go/src/github.com/coreos/etcd/auth/store_test.go:622 +0x32d
created by _/go/src/github.com/coreos/etcd/auth.TestHammerSimpleAuthenticate
	/go/src/github.com/coreos/etcd/auth/store_test.go:618 +0x373

goroutine 553 [semacquire]:
sync.runtime_SemacquireMutex(0xc000118fc4, 0x203000, 0x1)
	/usr/local/go/src/runtime/sema.go:71 +0x47
sync.(*Mutex).lockSlow(0xc000118fc0)
	/usr/local/go/src/sync/mutex.go:138 +0xfc
sync.(*Mutex).Lock(0xc000118fc0)
	/usr/local/go/src/sync/mutex.go:81 +0x47
_/go/src/github.com/coreos/etcd/auth.(*authStore).Authenticate(0xc00011c140, 0x7573e0214010, 0xc000385290, 0xc0001093b8, 0x7, 0xa034bc, 0x3, 0x0, 0x0, 0x0)
	/go/src/github.com/coreos/etcd/auth/store.go:261 +0x9c
_/go/src/github.com/coreos/etcd/auth.TestHammerSimpleAuthenticate.func2(0xc0003ac6b0, 0xc000266148, 0xc00011c140, 0xc0001b0100, 0xc0001093b8, 0x7)
	/go/src/github.com/coreos/etcd/auth/store_test.go:622 +0x32d
created by _/go/src/github.com/coreos/etcd/auth.TestHammerSimpleAuthenticate
	/go/src/github.com/coreos/etcd/auth/store_test.go:618 +0x373

goroutine 549 [semacquire]:
sync.runtime_SemacquireMutex(0xc000118fc4, 0x203000, 0x1)
	/usr/local/go/src/runtime/sema.go:71 +0x47
sync.(*Mutex).lockSlow(0xc000118fc0)
	/usr/local/go/src/sync/mutex.go:138 +0xfc
sync.(*Mutex).Lock(0xc000118fc0)
	/usr/local/go/src/sync/mutex.go:81 +0x47
_/go/src/github.com/coreos/etcd/auth.(*authStore).Authenticate(0xc00011c140, 0x7573e0214010, 0xc0003a2720, 0xc000109ac0, 0x7, 0xa034bc, 0x3, 0x0, 0x0, 0x0)
	/go/src/github.com/coreos/etcd/auth/store.go:261 +0x9c
_/go/src/github.com/coreos/etcd/auth.TestHammerSimpleAuthenticate.func2(0xc0003ac6b0, 0xc000266148, 0xc00011c140, 0xc0001b0100, 0xc000109ac0, 0x7)
	/go/src/github.com/coreos/etcd/auth/store_test.go:622 +0x32d
created by _/go/src/github.com/coreos/etcd/auth.TestHammerSimpleAuthenticate
	/go/src/github.com/coreos/etcd/auth/store_test.go:618 +0x373

goroutine 556 [semacquire]:
sync.runtime_SemacquireMutex(0xc000118fc4, 0x203000, 0x1)
	/usr/local/go/src/runtime/sema.go:71 +0x47
sync.(*Mutex).lockSlow(0xc000118fc0)
	/usr/local/go/src/sync/mutex.go:138 +0xfc
sync.(*Mutex).Lock(0xc000118fc0)
	/usr/local/go/src/sync/mutex.go:81 +0x47
_/go/src/github.com/coreos/etcd/auth.(*authStore).Authenticate(0xc00011c140, 0x7573e0214010, 0xc0003853b0, 0xc000109160, 0x7, 0xa034bc, 0x3, 0x0, 0x0, 0x0)
	/go/src/github.com/coreos/etcd/auth/store.go:261 +0x9c
_/go/src/github.com/coreos/etcd/auth.TestHammerSimpleAuthenticate.func2(0xc0003ac6b0, 0xc000266148, 0xc00011c140, 0xc0001b0100, 0xc000109160, 0x7)
	/go/src/github.com/coreos/etcd/auth/store_test.go:622 +0x32d
created by _/go/src/github.com/coreos/etcd/auth.TestHammerSimpleAuthenticate
	/go/src/github.com/coreos/etcd/auth/store_test.go:618 +0x373

goroutine 552 [semacquire]:
sync.runtime_SemacquireMutex(0xc000118fc4, 0x203000, 0x1)
	/usr/local/go/src/runtime/sema.go:71 +0x47
sync.(*Mutex).lockSlow(0xc000118fc0)
	/usr/local/go/src/sync/mutex.go:138 +0xfc
sync.(*Mutex).Lock(0xc000118fc0)
	/usr/local/go/src/sync/mutex.go:81 +0x47
_/go/src/github.com/coreos/etcd/auth.(*authStore).Authenticate(0xc00011c140, 0x7573e0214010, 0xc000385230, 0xc000109070, 0x7, 0xa034bc, 0x3, 0x0, 0x0, 0x0)
	/go/src/github.com/coreos/etcd/auth/store.go:261 +0x9c
_/go/src/github.com/coreos/etcd/auth.TestHammerSimpleAuthenticate.func2(0xc0003ac6b0, 0xc000266148, 0xc00011c140, 0xc0001b0100, 0xc000109070, 0x7)
	/go/src/github.com/coreos/etcd/auth/store_test.go:622 +0x32d
created by _/go/src/github.com/coreos/etcd/auth.TestHammerSimpleAuthenticate
	/go/src/github.com/coreos/etcd/auth/store_test.go:618 +0x373

goroutine 551 [semacquire]:
sync.runtime_SemacquireMutex(0xc000118fc4, 0x203000, 0x1)
	/usr/local/go/src/runtime/sema.go:71 +0x47
sync.(*Mutex).lockSlow(0xc000118fc0)
	/usr/local/go/src/sync/mutex.go:138 +0xfc
sync.(*Mutex).Lock(0xc000118fc0)
	/usr/local/go/src/sync/mutex.go:81 +0x47
_/go/src/github.com/coreos/etcd/auth.(*authStore).Authenticate(0xc00011c140, 0x7573e0214010, 0xc0003851d0, 0xc000108f08, 0x7, 0xa034bc, 0x3, 0x0, 0x0, 0x0)
	/go/src/github.com/coreos/etcd/auth/store.go:261 +0x9c
_/go/src/github.com/coreos/etcd/auth.TestHammerSimpleAuthenticate.func2(0xc0003ac6b0, 0xc000266148, 0xc00011c140, 0xc0001b0100, 0xc000108f08, 0x7)
	/go/src/github.com/coreos/etcd/auth/store_test.go:622 +0x32d
created by _/go/src/github.com/coreos/etcd/auth.TestHammerSimpleAuthenticate
	/go/src/github.com/coreos/etcd/auth/store_test.go:618 +0x373

goroutine 570 [semacquire]:
sync.runtime_SemacquireMutex(0xc000118fc4, 0x203000, 0x1)
	/usr/local/go/src/runtime/sema.go:71 +0x47
sync.(*Mutex).lockSlow(0xc000118fc0)
	/usr/local/go/src/sync/mutex.go:138 +0xfc
sync.(*Mutex).Lock(0xc000118fc0)
	/usr/local/go/src/sync/mutex.go:81 +0x47
_/go/src/github.com/coreos/etcd/auth.(*authStore).Authenticate(0xc00011c140, 0x7573e0214010, 0xc0003aa600, 0xc000108ff8, 0x7, 0xa034bc, 0x3, 0x0, 0x0, 0x0)
	/go/src/github.com/coreos/etcd/auth/store.go:261 +0x9c
_/go/src/github.com/coreos/etcd/auth.TestHammerSimpleAuthenticate.func2(0xc0003ac6b0, 0xc000266148, 0xc00011c140, 0xc0001b0100, 0xc000108ff8, 0x7)
	/go/src/github.com/coreos/etcd/auth/store_test.go:622 +0x32d
created by _/go/src/github.com/coreos/etcd/auth.TestHammerSimpleAuthenticate
	/go/src/github.com/coreos/etcd/auth/store_test.go:618 +0x373

goroutine 560 [semacquire]:
sync.runtime_SemacquireMutex(0xc000118fc4, 0x203000, 0x1)
	/usr/local/go/src/runtime/sema.go:71 +0x47
sync.(*Mutex).lockSlow(0xc000118fc0)
	/usr/local/go/src/sync/mutex.go:138 +0xfc
sync.(*Mutex).Lock(0xc000118fc0)
	/usr/local/go/src/sync/mutex.go:81 +0x47
_/go/src/github.com/coreos/etcd/auth.(*authStore).Authenticate(0xc00011c140, 0x7573e0214010, 0xc000385530, 0xc000109d18, 0x7, 0xa034bc, 0x3, 0x0, 0x0, 0x0)
	/go/src/github.com/coreos/etcd/auth/store.go:261 +0x9c
_/go/src/github.com/coreos/etcd/auth.TestHammerSimpleAuthenticate.func2(0xc0003ac6b0, 0xc000266148, 0xc00011c140, 0xc0001b0100, 0xc000109d18, 0x7)
	/go/src/github.com/coreos/etcd/auth/store_test.go:622 +0x32d
created by _/go/src/github.com/coreos/etcd/auth.TestHammerSimpleAuthenticate
	/go/src/github.com/coreos/etcd/auth/store_test.go:618 +0x373

goroutine 558 [semacquire]:
sync.runtime_SemacquireMutex(0xc000118fc4, 0x203000, 0x1)
	/usr/local/go/src/runtime/sema.go:71 +0x47
sync.(*Mutex).lockSlow(0xc000118fc0)
	/usr/local/go/src/sync/mutex.go:138 +0xfc
sync.(*Mutex).Lock(0xc000118fc0)
	/usr/local/go/src/sync/mutex.go:81 +0x47
_/go/src/github.com/coreos/etcd/auth.(*authStore).Authenticate(0xc00011c140, 0x7573e0214010, 0xc000385470, 0xc0001092c8, 0x7, 0xa034bc, 0x3, 0x0, 0x0, 0x0)
	/go/src/github.com/coreos/etcd/auth/store.go:261 +0x9c
_/go/src/github.com/coreos/etcd/auth.TestHammerSimpleAuthenticate.func2(0xc0003ac6b0, 0xc000266148, 0xc00011c140, 0xc0001b0100, 0xc0001092c8, 0x7)
	/go/src/github.com/coreos/etcd/auth/store_test.go:622 +0x32d
created by _/go/src/github.com/coreos/etcd/auth.TestHammerSimpleAuthenticate
	/go/src/github.com/coreos/etcd/auth/store_test.go:618 +0x373

goroutine 569 [semacquire]:
sync.runtime_SemacquireMutex(0xc000118fc4, 0x203000, 0x1)
	/usr/local/go/src/runtime/sema.go:71 +0x47
sync.(*Mutex).lockSlow(0xc000118fc0)
	/usr/local/go/src/sync/mutex.go:138 +0xfc
sync.(*Mutex).Lock(0xc000118fc0)
	/usr/local/go/src/sync/mutex.go:81 +0x47
_/go/src/github.com/coreos/etcd/auth.(*authStore).Authenticate(0xc00011c140, 0x7573e0214010, 0xc0003aa5a0, 0xc000108cb0, 0x6, 0xa034bc, 0x3, 0x0, 0x0, 0x0)
	/go/src/github.com/coreos/etcd/auth/store.go:261 +0x9c
_/go/src/github.com/coreos/etcd/auth.TestHammerSimpleAuthenticate.func2(0xc0003ac6b0, 0xc000266148, 0xc00011c140, 0xc0001b0100, 0xc000108cb0, 0x6)
	/go/src/github.com/coreos/etcd/auth/store_test.go:622 +0x32d
created by _/go/src/github.com/coreos/etcd/auth.TestHammerSimpleAuthenticate
	/go/src/github.com/coreos/etcd/auth/store_test.go:618 +0x373

goroutine 550 [semacquire]:
sync.runtime_SemacquireMutex(0xc000118fc4, 0x203000, 0x1)
	/usr/local/go/src/runtime/sema.go:71 +0x47
sync.(*Mutex).lockSlow(0xc000118fc0)
	/usr/local/go/src/sync/mutex.go:138 +0xfc
sync.(*Mutex).Lock(0xc000118fc0)
	/usr/local/go/src/sync/mutex.go:81 +0x47
_/go/src/github.com/coreos/etcd/auth.(*authStore).Authenticate(0xc00011c140, 0x7573e0214010, 0xc000385170, 0xc000108ad0, 0x6, 0xa034bc, 0x3, 0x0, 0x0, 0x0)
	/go/src/github.com/coreos/etcd/auth/store.go:261 +0x9c
_/go/src/github.com/coreos/etcd/auth.TestHammerSimpleAuthenticate.func2(0xc0003ac6b0, 0xc000266148, 0xc00011c140, 0xc0001b0100, 0xc000108ad0, 0x6)
	/go/src/github.com/coreos/etcd/auth/store_test.go:622 +0x32d
created by _/go/src/github.com/coreos/etcd/auth.TestHammerSimpleAuthenticate
	/go/src/github.com/coreos/etcd/auth/store_test.go:618 +0x373

goroutine 568 [chan send]:
_/go/src/github.com/coreos/etcd/auth.(*simpleTokenTTLKeeper).addSimpleToken(...)
	/go/src/github.com/coreos/etcd/auth/simple_token.go:73
_/go/src/github.com/coreos/etcd/auth.(*tokenSimple).assignSimpleTokenToUser(0xc0001190e0, 0xc000108c38, 0x6, 0xc0002bb8f0, 0xb)
	/go/src/github.com/coreos/etcd/auth/simple_token.go:143 +0x10e
_/go/src/github.com/coreos/etcd/auth.(*tokenSimple).assign(0xc0001190e0, 0x7573e0214010, 0xc0003aa540, 0xc000108c38, 0x6, 0x38, 0x92c2a0, 0x46e93c, 0xc0000e6e00, 0x7573e2c816d0)
	/go/src/github.com/coreos/etcd/auth/simple_token.go:205 +0x1a5
_/go/src/github.com/coreos/etcd/auth.(*authStore).Authenticate(0xc00011c140, 0x7573e0214010, 0xc0003aa540, 0xc000108c38, 0x6, 0xa034bc, 0x3, 0x0, 0x0, 0x0)
	/go/src/github.com/coreos/etcd/auth/store.go:272 +0x170
_/go/src/github.com/coreos/etcd/auth.TestHammerSimpleAuthenticate.func2(0xc0003ac6b0, 0xc000266148, 0xc00011c140, 0xc0001b0100, 0xc000108c38, 0x6)
	/go/src/github.com/coreos/etcd/auth/store_test.go:622 +0x32d
created by _/go/src/github.com/coreos/etcd/auth.TestHammerSimpleAuthenticate
	/go/src/github.com/coreos/etcd/auth/store_test.go:618 +0x373

goroutine 557 [semacquire]:
sync.runtime_SemacquireMutex(0xc000118fc4, 0x203000, 0x1)
	/usr/local/go/src/runtime/sema.go:71 +0x47
sync.(*Mutex).lockSlow(0xc000118fc0)
	/usr/local/go/src/sync/mutex.go:138 +0xfc
sync.(*Mutex).Lock(0xc000118fc0)
	/usr/local/go/src/sync/mutex.go:81 +0x47
_/go/src/github.com/coreos/etcd/auth.(*authStore).Authenticate(0xc00011c140, 0x7573e0214010, 0xc000385410, 0xc0001091d8, 0x7, 0xa034bc, 0x3, 0x0, 0x0, 0x0)
	/go/src/github.com/coreos/etcd/auth/store.go:261 +0x9c
_/go/src/github.com/coreos/etcd/auth.TestHammerSimpleAuthenticate.func2(0xc0003ac6b0, 0xc000266148, 0xc00011c140, 0xc0001b0100, 0xc0001091d8, 0x7)
	/go/src/github.com/coreos/etcd/auth/store_test.go:622 +0x32d
created by _/go/src/github.com/coreos/etcd/auth.TestHammerSimpleAuthenticate
	/go/src/github.com/coreos/etcd/auth/store_test.go:618 +0x373

goroutine 555 [semacquire]:
sync.runtime_SemacquireMutex(0xc000118fc4, 0x203000, 0x1)
	/usr/local/go/src/runtime/sema.go:71 +0x47
sync.(*Mutex).lockSlow(0xc000118fc0)
	/usr/local/go/src/sync/mutex.go:138 +0xfc
sync.(*Mutex).Lock(0xc000118fc0)
	/usr/local/go/src/sync/mutex.go:81 +0x47
_/go/src/github.com/coreos/etcd/auth.(*authStore).Authenticate(0xc00011c140, 0x7573e0214010, 0xc000385350, 0xc000109bb0, 0x7, 0xa034bc, 0x3, 0x0, 0x0, 0x0)
	/go/src/github.com/coreos/etcd/auth/store.go:261 +0x9c
_/go/src/github.com/coreos/etcd/auth.TestHammerSimpleAuthenticate.func2(0xc0003ac6b0, 0xc000266148, 0xc00011c140, 0xc0001b0100, 0xc000109bb0, 0x7)
	/go/src/github.com/coreos/etcd/auth/store_test.go:622 +0x32d
created by _/go/src/github.com/coreos/etcd/auth.TestHammerSimpleAuthenticate
	/go/src/github.com/coreos/etcd/auth/store_test.go:618 +0x373

goroutine 554 [semacquire]:
sync.runtime_SemacquireMutex(0xc000118fc4, 0x203000, 0x1)
	/usr/local/go/src/runtime/sema.go:71 +0x47
sync.(*Mutex).lockSlow(0xc000118fc0)
	/usr/local/go/src/sync/mutex.go:138 +0xfc
sync.(*Mutex).Lock(0xc000118fc0)
	/usr/local/go/src/sync/mutex.go:81 +0x47
_/go/src/github.com/coreos/etcd/auth.(*authStore).Authenticate(0xc00011c140, 0x7573e0214010, 0xc0003852f0, 0xc0001098e0, 0x7, 0xa034bc, 0x3, 0x0, 0x0, 0x0)
	/go/src/github.com/coreos/etcd/auth/store.go:261 +0x9c
_/go/src/github.com/coreos/etcd/auth.TestHammerSimpleAuthenticate.func2(0xc0003ac6b0, 0xc000266148, 0xc00011c140, 0xc0001b0100, 0xc0001098e0, 0x7)
	/go/src/github.com/coreos/etcd/auth/store_test.go:622 +0x32d
created by _/go/src/github.com/coreos/etcd/auth.TestHammerSimpleAuthenticate
	/go/src/github.com/coreos/etcd/auth/store_test.go:618 +0x373

goroutine 581 [semacquire]:
sync.runtime_SemacquireMutex(0xc000118fc4, 0x203000, 0x1)
	/usr/local/go/src/runtime/sema.go:71 +0x47
sync.(*Mutex).lockSlow(0xc000118fc0)
	/usr/local/go/src/sync/mutex.go:138 +0xfc
sync.(*Mutex).Lock(0xc000118fc0)
	/usr/local/go/src/sync/mutex.go:81 +0x47
_/go/src/github.com/coreos/etcd/auth.(*authStore).Authenticate(0xc00011c140, 0x7573e0214010, 0xc0003aaa20, 0xc000108b48, 0x6, 0xa034bc, 0x3, 0x0, 0x0, 0x0)
	/go/src/github.com/coreos/etcd/auth/store.go:261 +0x9c
_/go/src/github.com/coreos/etcd/auth.TestHammerSimpleAuthenticate.func2(0xc0003ac6b0, 0xc000266148, 0xc00011c140, 0xc0001b0100, 0xc000108b48, 0x6)
	/go/src/github.com/coreos/etcd/auth/store_test.go:622 +0x32d
created by _/go/src/github.com/coreos/etcd/auth.TestHammerSimpleAuthenticate
	/go/src/github.com/coreos/etcd/auth/store_test.go:618 +0x373

goroutine 91 [semacquire]:
sync.runtime_SemacquireMutex(0xc000118fc4, 0x203000, 0x1)
	/usr/local/go/src/runtime/sema.go:71 +0x47
sync.(*Mutex).lockSlow(0xc000118fc0)
	/usr/local/go/src/sync/mutex.go:138 +0xfc
sync.(*Mutex).Lock(0xc000118fc0)
	/usr/local/go/src/sync/mutex.go:81 +0x47
_/go/src/github.com/coreos/etcd/auth.(*authStore).Authenticate(0xc00011c140, 0x7573e0214010, 0xc0003a2780, 0xc0001094a8, 0x7, 0xa034bc, 0x3, 0x0, 0x0, 0x0)
	/go/src/github.com/coreos/etcd/auth/store.go:261 +0x9c
_/go/src/github.com/coreos/etcd/auth.TestHammerSimpleAuthenticate.func2(0xc0003ac6b0, 0xc000266148, 0xc00011c140, 0xc0001b0100, 0xc0001094a8, 0x7)
	/go/src/github.com/coreos/etcd/auth/store_test.go:622 +0x32d
created by _/go/src/github.com/coreos/etcd/auth.TestHammerSimpleAuthenticate
	/go/src/github.com/coreos/etcd/auth/store_test.go:618 +0x373

goroutine 92 [semacquire]:
sync.runtime_SemacquireMutex(0xc000118fc4, 0x203000, 0x1)
	/usr/local/go/src/runtime/sema.go:71 +0x47
sync.(*Mutex).lockSlow(0xc000118fc0)
	/usr/local/go/src/sync/mutex.go:138 +0xfc
sync.(*Mutex).Lock(0xc000118fc0)
	/usr/local/go/src/sync/mutex.go:81 +0x47
_/go/src/github.com/coreos/etcd/auth.(*authStore).Authenticate(0xc00011c140, 0x7573e0214010, 0xc0003aac00, 0xc000109598, 0x7, 0xa034bc, 0x3, 0x0, 0x0, 0x0)
	/go/src/github.com/coreos/etcd/auth/store.go:261 +0x9c
_/go/src/github.com/coreos/etcd/auth.TestHammerSimpleAuthenticate.func2(0xc0003ac6b0, 0xc000266148, 0xc00011c140, 0xc0001b0100, 0xc000109598, 0x7)
	/go/src/github.com/coreos/etcd/auth/store_test.go:622 +0x32d
created by _/go/src/github.com/coreos/etcd/auth.TestHammerSimpleAuthenticate
	/go/src/github.com/coreos/etcd/auth/store_test.go:618 +0x373

goroutine 574 [semacquire]:
sync.runtime_SemacquireMutex(0xc000118fc4, 0x203000, 0x1)
	/usr/local/go/src/runtime/sema.go:71 +0x47
sync.(*Mutex).lockSlow(0xc000118fc0)
	/usr/local/go/src/sync/mutex.go:138 +0xfc
sync.(*Mutex).Lock(0xc000118fc0)
	/usr/local/go/src/sync/mutex.go:81 +0x47
_/go/src/github.com/coreos/etcd/auth.(*authStore).Authenticate(0xc00011c140, 0x7573e0214010, 0xc0003aa780, 0xc000266060, 0x7, 0xa034bc, 0x3, 0x0, 0x0, 0x0)
	/go/src/github.com/coreos/etcd/auth/store.go:261 +0x9c
_/go/src/github.com/coreos/etcd/auth.TestHammerSimpleAuthenticate.func2(0xc0003ac6b0, 0xc000266148, 0xc00011c140, 0xc0001b0100, 0xc000266060, 0x7)
	/go/src/github.com/coreos/etcd/auth/store_test.go:622 +0x32d
created by _/go/src/github.com/coreos/etcd/auth.TestHammerSimpleAuthenticate
	/go/src/github.com/coreos/etcd/auth/store_test.go:618 +0x373

goroutine 585 [semacquire]:
sync.runtime_SemacquireMutex(0xc000118fc4, 0x203000, 0x1)
	/usr/local/go/src/runtime/sema.go:71 +0x47
sync.(*Mutex).lockSlow(0xc000118fc0)
	/usr/local/go/src/sync/mutex.go:138 +0xfc
sync.(*Mutex).Lock(0xc000118fc0)
	/usr/local/go/src/sync/mutex.go:81 +0x47
_/go/src/github.com/coreos/etcd/auth.(*authStore).Authenticate(0xc00011c140, 0x7573e0214010, 0xc0003aaba0, 0xc000109b38, 0x7, 0xa034bc, 0x3, 0x0, 0x0, 0x0)
	/go/src/github.com/coreos/etcd/auth/store.go:261 +0x9c
_/go/src/github.com/coreos/etcd/auth.TestHammerSimpleAuthenticate.func2(0xc0003ac6b0, 0xc000266148, 0xc00011c140, 0xc0001b0100, 0xc000109b38, 0x7)
	/go/src/github.com/coreos/etcd/auth/store_test.go:622 +0x32d
created by _/go/src/github.com/coreos/etcd/auth.TestHammerSimpleAuthenticate
	/go/src/github.com/coreos/etcd/auth/store_test.go:618 +0x373

goroutine 548 [semacquire]:
sync.runtime_SemacquireMutex(0xc000118fc4, 0x203000, 0x1)
	/usr/local/go/src/runtime/sema.go:71 +0x47
sync.(*Mutex).lockSlow(0xc000118fc0)
	/usr/local/go/src/sync/mutex.go:138 +0xfc
sync.(*Mutex).Lock(0xc000118fc0)
	/usr/local/go/src/sync/mutex.go:81 +0x47
_/go/src/github.com/coreos/etcd/auth.(*authStore).Authenticate(0xc00011c140, 0x7573e0214010, 0xc0003a2900, 0xc000109688, 0x7, 0xa034bc, 0x3, 0x0, 0x0, 0x0)
	/go/src/github.com/coreos/etcd/auth/store.go:261 +0x9c
_/go/src/github.com/coreos/etcd/auth.TestHammerSimpleAuthenticate.func2(0xc0003ac6b0, 0xc000266148, 0xc00011c140, 0xc0001b0100, 0xc000109688, 0x7)
	/go/src/github.com/coreos/etcd/auth/store_test.go:622 +0x32d
created by _/go/src/github.com/coreos/etcd/auth.TestHammerSimpleAuthenticate
	/go/src/github.com/coreos/etcd/auth/store_test.go:618 +0x373

goroutine 547 [semacquire]:
sync.runtime_SemacquireMutex(0xc000118fc4, 0x203000, 0x1)
	/usr/local/go/src/runtime/sema.go:71 +0x47
sync.(*Mutex).lockSlow(0xc000118fc0)
	/usr/local/go/src/sync/mutex.go:138 +0xfc
sync.(*Mutex).Lock(0xc000118fc0)
	/usr/local/go/src/sync/mutex.go:81 +0x47
_/go/src/github.com/coreos/etcd/auth.(*authStore).Authenticate(0xc00011c140, 0x7573e0214010, 0xc0003a28a0, 0xc000109610, 0x7, 0xa034bc, 0x3, 0x0, 0x0, 0x0)
	/go/src/github.com/coreos/etcd/auth/store.go:261 +0x9c
_/go/src/github.com/coreos/etcd/auth.TestHammerSimpleAuthenticate.func2(0xc0003ac6b0, 0xc000266148, 0xc00011c140, 0xc0001b0100, 0xc000109610, 0x7)
	/go/src/github.com/coreos/etcd/auth/store_test.go:622 +0x32d
created by _/go/src/github.com/coreos/etcd/auth.TestHammerSimpleAuthenticate
	/go/src/github.com/coreos/etcd/auth/store_test.go:618 +0x373

goroutine 584 [semacquire]:
sync.runtime_SemacquireMutex(0xc000118fc4, 0x203000, 0x1)
	/usr/local/go/src/runtime/sema.go:71 +0x47
sync.(*Mutex).lockSlow(0xc000118fc0)
	/usr/local/go/src/sync/mutex.go:138 +0xfc
sync.(*Mutex).Lock(0xc000118fc0)
	/usr/local/go/src/sync/mutex.go:81 +0x47
_/go/src/github.com/coreos/etcd/auth.(*authStore).Authenticate(0xc00011c140, 0x7573e0214010, 0xc0003aab40, 0xc0001097f0, 0x7, 0xa034bc, 0x3, 0x0, 0x0, 0x0)
	/go/src/github.com/coreos/etcd/auth/store.go:261 +0x9c
_/go/src/github.com/coreos/etcd/auth.TestHammerSimpleAuthenticate.func2(0xc0003ac6b0, 0xc000266148, 0xc00011c140, 0xc0001b0100, 0xc0001097f0, 0x7)
	/go/src/github.com/coreos/etcd/auth/store_test.go:622 +0x32d
created by _/go/src/github.com/coreos/etcd/auth.TestHammerSimpleAuthenticate
	/go/src/github.com/coreos/etcd/auth/store_test.go:618 +0x373

goroutine 546 [semacquire]:
sync.runtime_SemacquireMutex(0xc000118fc4, 0x203000, 0x1)
	/usr/local/go/src/runtime/sema.go:71 +0x47
sync.(*Mutex).lockSlow(0xc000118fc0)
	/usr/local/go/src/sync/mutex.go:138 +0xfc
sync.(*Mutex).Lock(0xc000118fc0)
	/usr/local/go/src/sync/mutex.go:81 +0x47
_/go/src/github.com/coreos/etcd/auth.(*authStore).Authenticate(0xc00011c140, 0x7573e0214010, 0xc0003a2840, 0xc000108f80, 0x7, 0xa034bc, 0x3, 0x0, 0x0, 0x0)
	/go/src/github.com/coreos/etcd/auth/store.go:261 +0x9c
_/go/src/github.com/coreos/etcd/auth.TestHammerSimpleAuthenticate.func2(0xc0003ac6b0, 0xc000266148, 0xc00011c140, 0xc0001b0100, 0xc000108f80, 0x7)
	/go/src/github.com/coreos/etcd/auth/store_test.go:622 +0x32d
created by _/go/src/github.com/coreos/etcd/auth.TestHammerSimpleAuthenticate
	/go/src/github.com/coreos/etcd/auth/store_test.go:618 +0x373

goroutine 97 [semacquire]:
sync.runtime_SemacquireMutex(0xc000118fc4, 0x203000, 0x1)
	/usr/local/go/src/runtime/sema.go:71 +0x47
sync.(*Mutex).lockSlow(0xc000118fc0)
	/usr/local/go/src/sync/mutex.go:138 +0xfc
sync.(*Mutex).Lock(0xc000118fc0)
	/usr/local/go/src/sync/mutex.go:81 +0x47
_/go/src/github.com/coreos/etcd/auth.(*authStore).Authenticate(0xc00011c140, 0x7573e0214010, 0xc0003a27e0, 0xc000108e90, 0x7, 0xa034bc, 0x3, 0x0, 0x0, 0x0)
	/go/src/github.com/coreos/etcd/auth/store.go:261 +0x9c
_/go/src/github.com/coreos/etcd/auth.TestHammerSimpleAuthenticate.func2(0xc0003ac6b0, 0xc000266148, 0xc00011c140, 0xc0001b0100, 0xc000108e90, 0x7)
	/go/src/github.com/coreos/etcd/auth/store_test.go:622 +0x32d
created by _/go/src/github.com/coreos/etcd/auth.TestHammerSimpleAuthenticate
	/go/src/github.com/coreos/etcd/auth/store_test.go:618 +0x373

goroutine 96 [semacquire]:
sync.runtime_SemacquireMutex(0xc000118fc4, 0x203000, 0x1)
	/usr/local/go/src/runtime/sema.go:71 +0x47
sync.(*Mutex).lockSlow(0xc000118fc0)
	/usr/local/go/src/sync/mutex.go:138 +0xfc
sync.(*Mutex).Lock(0xc000118fc0)
	/usr/local/go/src/sync/mutex.go:81 +0x47
_/go/src/github.com/coreos/etcd/auth.(*authStore).Authenticate(0xc00011c140, 0x7573e0214010, 0xc000385590, 0xc000108da0, 0x6, 0xa034bc, 0x3, 0x0, 0x0, 0x0)
	/go/src/github.com/coreos/etcd/auth/store.go:261 +0x9c
_/go/src/github.com/coreos/etcd/auth.TestHammerSimpleAuthenticate.func2(0xc0003ac6b0, 0xc000266148, 0xc00011c140, 0xc0001b0100, 0xc000108da0, 0x6)
	/go/src/github.com/coreos/etcd/auth/store_test.go:622 +0x32d
created by _/go/src/github.com/coreos/etcd/auth.TestHammerSimpleAuthenticate
	/go/src/github.com/coreos/etcd/auth/store_test.go:618 +0x373

goroutine 575 [semacquire]:
sync.runtime_SemacquireMutex(0xc000118fc4, 0x203000, 0x1)
	/usr/local/go/src/runtime/sema.go:71 +0x47
sync.(*Mutex).lockSlow(0xc000118fc0)
	/usr/local/go/src/sync/mutex.go:138 +0xfc
sync.(*Mutex).Lock(0xc000118fc0)
	/usr/local/go/src/sync/mutex.go:81 +0x47
_/go/src/github.com/coreos/etcd/auth.(*authStore).Authenticate(0xc00011c140, 0x7573e0214010, 0xc0003aa7e0, 0xc0001089e0, 0x6, 0xa034bc, 0x3, 0x0, 0x0, 0x0)
	/go/src/github.com/coreos/etcd/auth/store.go:261 +0x9c
_/go/src/github.com/coreos/etcd/auth.TestHammerSimpleAuthenticate.func2(0xc0003ac6b0, 0xc000266148, 0xc00011c140, 0xc0001b0100, 0xc0001089e0, 0x6)
	/go/src/github.com/coreos/etcd/auth/store_test.go:622 +0x32d
created by _/go/src/github.com/coreos/etcd/auth.TestHammerSimpleAuthenticate
	/go/src/github.com/coreos/etcd/auth/store_test.go:618 +0x373

goroutine 579 [semacquire]:
sync.runtime_SemacquireMutex(0xc000118fc4, 0x203000, 0x1)
	/usr/local/go/src/runtime/sema.go:71 +0x47
sync.(*Mutex).lockSlow(0xc000118fc0)
	/usr/local/go/src/sync/mutex.go:138 +0xfc
sync.(*Mutex).Lock(0xc000118fc0)
	/usr/local/go/src/sync/mutex.go:81 +0x47
_/go/src/github.com/coreos/etcd/auth.(*authStore).Authenticate(0xc00011c140, 0x7573e0214010, 0xc0003aa960, 0xc0001099d0, 0x7, 0xa034bc, 0x3, 0x0, 0x0, 0x0)
	/go/src/github.com/coreos/etcd/auth/store.go:261 +0x9c
_/go/src/github.com/coreos/etcd/auth.TestHammerSimpleAuthenticate.func2(0xc0003ac6b0, 0xc000266148, 0xc00011c140, 0xc0001b0100, 0xc0001099d0, 0x7)
	/go/src/github.com/coreos/etcd/auth/store_test.go:622 +0x32d
created by _/go/src/github.com/coreos/etcd/auth.TestHammerSimpleAuthenticate
	/go/src/github.com/coreos/etcd/auth/store_test.go:618 +0x373

goroutine 582 [semacquire]:
sync.runtime_SemacquireMutex(0xc000118fc4, 0x203000, 0x1)
	/usr/local/go/src/runtime/sema.go:71 +0x47
sync.(*Mutex).lockSlow(0xc000118fc0)
	/usr/local/go/src/sync/mutex.go:138 +0xfc
sync.(*Mutex).Lock(0xc000118fc0)
	/usr/local/go/src/sync/mutex.go:81 +0x47
_/go/src/github.com/coreos/etcd/auth.(*authStore).Authenticate(0xc00011c140, 0x7573e0214010, 0xc0003aaa80, 0xc000109520, 0x7, 0xa034bc, 0x3, 0x0, 0x0, 0x0)
	/go/src/github.com/coreos/etcd/auth/store.go:261 +0x9c
_/go/src/github.com/coreos/etcd/auth.TestHammerSimpleAuthenticate.func2(0xc0003ac6b0, 0xc000266148, 0xc00011c140, 0xc0001b0100, 0xc000109520, 0x7)
	/go/src/github.com/coreos/etcd/auth/store_test.go:622 +0x32d
created by _/go/src/github.com/coreos/etcd/auth.TestHammerSimpleAuthenticate
	/go/src/github.com/coreos/etcd/auth/store_test.go:618 +0x373

goroutine 95 [semacquire]:
sync.runtime_SemacquireMutex(0xc000118fc4, 0x203000, 0x1)
	/usr/local/go/src/runtime/sema.go:71 +0x47
sync.(*Mutex).lockSlow(0xc000118fc0)
	/usr/local/go/src/sync/mutex.go:138 +0xfc
sync.(*Mutex).Lock(0xc000118fc0)
	/usr/local/go/src/sync/mutex.go:81 +0x47
_/go/src/github.com/coreos/etcd/auth.(*authStore).Authenticate(0xc00011c140, 0x7573e0214010, 0xc0003aac60, 0xc000109fe8, 0x7, 0xa034bc, 0x3, 0x0, 0x0, 0x0)
	/go/src/github.com/coreos/etcd/auth/store.go:261 +0x9c
_/go/src/github.com/coreos/etcd/auth.TestHammerSimpleAuthenticate.func2(0xc0003ac6b0, 0xc000266148, 0xc00011c140, 0xc0001b0100, 0xc000109fe8, 0x7)
	/go/src/github.com/coreos/etcd/auth/store_test.go:622 +0x32d
created by _/go/src/github.com/coreos/etcd/auth.TestHammerSimpleAuthenticate
	/go/src/github.com/coreos/etcd/auth/store_test.go:618 +0x373

goroutine 583 [semacquire]:
sync.runtime_SemacquireMutex(0xc000118fc4, 0x203000, 0x1)
	/usr/local/go/src/runtime/sema.go:71 +0x47
sync.(*Mutex).lockSlow(0xc000118fc0)
	/usr/local/go/src/sync/mutex.go:138 +0xfc
sync.(*Mutex).Lock(0xc000118fc0)
	/usr/local/go/src/sync/mutex.go:81 +0x47
_/go/src/github.com/coreos/etcd/auth.(*authStore).Authenticate(0xc00011c140, 0x7573e0214010, 0xc0003aaae0, 0xc000109700, 0x7, 0xa034bc, 0x3, 0x0, 0x0, 0x0)
	/go/src/github.com/coreos/etcd/auth/store.go:261 +0x9c
_/go/src/github.com/coreos/etcd/auth.TestHammerSimpleAuthenticate.func2(0xc0003ac6b0, 0xc000266148, 0xc00011c140, 0xc0001b0100, 0xc000109700, 0x7)
	/go/src/github.com/coreos/etcd/auth/store_test.go:622 +0x32d
created by _/go/src/github.com/coreos/etcd/auth.TestHammerSimpleAuthenticate
	/go/src/github.com/coreos/etcd/auth/store_test.go:618 +0x373

goroutine 580 [semacquire]:
sync.runtime_SemacquireMutex(0xc000118fc4, 0x203000, 0x1)
	/usr/local/go/src/runtime/sema.go:71 +0x47
sync.(*Mutex).lockSlow(0xc000118fc0)
	/usr/local/go/src/sync/mutex.go:138 +0xfc
sync.(*Mutex).Lock(0xc000118fc0)
	/usr/local/go/src/sync/mutex.go:81 +0x47
_/go/src/github.com/coreos/etcd/auth.(*authStore).Authenticate(0xc00011c140, 0x7573e0214010, 0xc0003aa9c0, 0xc000109f70, 0x7, 0xa034bc, 0x3, 0x0, 0x0, 0x0)
	/go/src/github.com/coreos/etcd/auth/store.go:261 +0x9c
_/go/src/github.com/coreos/etcd/auth.TestHammerSimpleAuthenticate.func2(0xc0003ac6b0, 0xc000266148, 0xc00011c140, 0xc0001b0100, 0xc000109f70, 0x7)
	/go/src/github.com/coreos/etcd/auth/store_test.go:622 +0x32d
created by _/go/src/github.com/coreos/etcd/auth.TestHammerSimpleAuthenticate
	/go/src/github.com/coreos/etcd/auth/store_test.go:618 +0x373

goroutine 578 [semacquire]:
sync.runtime_SemacquireMutex(0xc000118fc4, 0x203000, 0x1)
	/usr/local/go/src/runtime/sema.go:71 +0x47
sync.(*Mutex).lockSlow(0xc000118fc0)
	/usr/local/go/src/sync/mutex.go:138 +0xfc
sync.(*Mutex).Lock(0xc000118fc0)
	/usr/local/go/src/sync/mutex.go:81 +0x47
_/go/src/github.com/coreos/etcd/auth.(*authStore).Authenticate(0xc00011c140, 0x7573e0214010, 0xc0003aa900, 0xc000109250, 0x7, 0xa034bc, 0x3, 0x0, 0x0, 0x0)
	/go/src/github.com/coreos/etcd/auth/store.go:261 +0x9c
_/go/src/github.com/coreos/etcd/auth.TestHammerSimpleAuthenticate.func2(0xc0003ac6b0, 0xc000266148, 0xc00011c140, 0xc0001b0100, 0xc000109250, 0x7)
	/go/src/github.com/coreos/etcd/auth/store_test.go:622 +0x32d
created by _/go/src/github.com/coreos/etcd/auth.TestHammerSimpleAuthenticate
	/go/src/github.com/coreos/etcd/auth/store_test.go:618 +0x373

goroutine 577 [semacquire]:
sync.runtime_SemacquireMutex(0xc000118fc4, 0x203000, 0x1)
	/usr/local/go/src/runtime/sema.go:71 +0x47
sync.(*Mutex).lockSlow(0xc000118fc0)
	/usr/local/go/src/sync/mutex.go:138 +0xfc
sync.(*Mutex).Lock(0xc000118fc0)
	/usr/local/go/src/sync/mutex.go:81 +0x47
_/go/src/github.com/coreos/etcd/auth.(*authStore).Authenticate(0xc00011c140, 0x7573e0214010, 0xc0003aa8a0, 0xc000108e18, 0x6, 0xa034bc, 0x3, 0x0, 0x0, 0x0)
	/go/src/github.com/coreos/etcd/auth/store.go:261 +0x9c
_/go/src/github.com/coreos/etcd/auth.TestHammerSimpleAuthenticate.func2(0xc0003ac6b0, 0xc000266148, 0xc00011c140, 0xc0001b0100, 0xc000108e18, 0x6)
	/go/src/github.com/coreos/etcd/auth/store_test.go:622 +0x32d
created by _/go/src/github.com/coreos/etcd/auth.TestHammerSimpleAuthenticate
	/go/src/github.com/coreos/etcd/auth/store_test.go:618 +0x373

goroutine 94 [semacquire]:
sync.runtime_SemacquireMutex(0xc000118fc4, 0x203000, 0x1)
	/usr/local/go/src/runtime/sema.go:71 +0x47
sync.(*Mutex).lockSlow(0xc000118fc0)
	/usr/local/go/src/sync/mutex.go:138 +0xfc
sync.(*Mutex).Lock(0xc000118fc0)
	/usr/local/go/src/sync/mutex.go:81 +0x47
_/go/src/github.com/coreos/etcd/auth.(*authStore).Authenticate(0xc00011c140, 0x7573e0214010, 0xc0002f7ad0, 0xc000109a48, 0x7, 0xa034bc, 0x3, 0x0, 0x0, 0x0)
	/go/src/github.com/coreos/etcd/auth/store.go:261 +0x9c
_/go/src/github.com/coreos/etcd/auth.TestHammerSimpleAuthenticate.func2(0xc0003ac6b0, 0xc000266148, 0xc00011c140, 0xc0001b0100, 0xc000109a48, 0x7)
	/go/src/github.com/coreos/etcd/auth/store_test.go:622 +0x32d
created by _/go/src/github.com/coreos/etcd/auth.TestHammerSimpleAuthenticate
	/go/src/github.com/coreos/etcd/auth/store_test.go:618 +0x373
