=== RUN   TestHammerSimpleAuthenticate
2026-09-19 11:06:51.337713 W | auth: simple token is not cryptographically signed
2026-09-19 11:06:51.341592 N | auth: added a new user: root
2026-09-19 11:06:51.341624 N | auth: Role root is created
2026-09-19 11:06:51.341636 N | auth: granted role root to user root
2026-09-19 11:06:51.341657 N | auth: Authentication enabled
2026-09-19 11:06:51.342594 N | auth: Role role-test is created
2026-09-19 11:06:51.343333 N | auth: added a new user: foo
2026-09-19 11:06:51.344027 N | auth: added a new user: user-0
2026-09-19 11:06:51.344719 N | auth: added a new user: user-1
2026-09-19 11:06:51.345492 N | auth: added a new user: user-2
2026-09-19 11:06:51.346175 N | auth: added a new user: user-3
2026-09-19 11:06:51.346862 N | auth: added a new user: user-4
2026-09-19 11:06:51.347589 N | auth: added a new user: user-5
2026-09-19 11:06:51.348285 N | auth: added a new user: user-6
2026-09-19 11:06:51.348980 N | auth: added a new user: user-7
2026-09-19 11:06:51.349699 N | auth: added a new user: user-8
2026-09-19 11:06:51.350391 N | auth: added a new user: user-9
2026-09-19 11:06:51.351086 N | auth: added a new user: user-10
2026-09-19 11:06:51.351827 N | auth: added a new user: user-11
2026-09-19 11:06:51.352534 N | auth: added a new user: user-12
2026-09-19 11:06:51.353302 N | auth: added a new user: user-13
2026-09-19 11:06:51.353988 N | auth: added a new user: user-14
2026-09-19 11:06:51.354685 N | auth: added a new user: user-15
2026-09-19 11:06:51.355429 N | auth: added a new user: user-16
2026-09-19 11:06:51.356132 N | auth: added a new user: user-17
2026-09-19 11:06:51.356839 N | auth: added a new user: user-18
2026-09-19 11:06:51.357628 N | auth: added a new user: user-19
2026-09-19 11:06:51.358335 N | auth: added a new user: user-20
2026-09-19 11:06:51.359064 N | auth: added a new user: user-21
2026-09-19 11:06:51.359768 N | auth: added a new user: user-22
2026-09-19 11:06:51.360487 N | auth: added a new user: user-23
2026-09-19 11:06:51.361322 N | auth: added a new user: user-24
2026-09-19 11:06:51.362090 N | auth: added a new user: user-25
2026-09-19 11:06:51.362873 N | auth: added a new user: user-26
2026-09-19 11:06:51.363607 N | auth: added a new user: user-27
2026-09-19 11:06:51.364360 N | auth: added a new user: user-28
2026-09-19 11:06:51.365150 N | auth: added a new user: user-29
2026-09-19 11:06:51.365898 N | auth: added a new user: user-30
2026-09-19 11:06:51.366684 N | auth: added a new user: user-31
2026-09-19 11:06:51.367433 N | auth: added a new user: user-32
2026-09-19 11:06:51.368215 N | auth: added a new user: user-33
2026-09-19 11:06:51.368995 N | auth: added a new user: user-34
2026-09-19 11:06:51.369786 N | auth: added a new user: user-35
2026-09-19 11:06:51.370563 N | auth: added a new user: user-36
2026-09-19 11:06:51.371356 N | auth: added a new user: user-37
2026-09-19 11:06:51.372150 N | auth: added a new user: user-38
2026-09-19 11:06:51.372931 N | auth: added a new user: user-39
2026-09-19 11:06:51.373705 N | auth: added a new user: user-40
2026-09-19 11:06:51.374484 N | auth: added a new user: user-41
2026-09-19 11:06:51.375274 N | auth: added a new user: user-42
2026-09-19 11:06:51.376057 N | auth: added a new user: user-43
2026-09-19 11:06:51.376838 N | auth: added a new user: user-44
2026-09-19 11:06:51.377641 N | auth: added a new user: user-45
2026-09-19 11:06:51.379132 N | auth: added a new user: user-46
2026-09-19 11:06:51.379902 N | auth: added a new user: user-47
2026-09-19 11:06:51.380676 N | auth: added a new user: user-48
2026-09-19 11:06:51.381440 N | auth: added a new user: user-49
2026-09-19 11:06:51.392074 I | auth: deleting token user-9(0).1 for user user-9
2026-09-19 11:06:51.392099 I | auth: deleting token user-47(0).1 for user user-47
2026-09-19 11:06:51.392105 I | auth: deleting token user-1(0).1 for user user-1
2026-09-19 11:06:51.392108 I | auth: deleting token user-17(0).1 for user user-17
2026-09-19 11:06:51.392111 I | auth: deleting token user-24(0).1 for user user-24
2026-09-19 11:06:51.392114 I | auth: deleting token user-28(0).1 for user user-28
2026-09-19 11:06:51.392117 I | auth: deleting token user-42(0).1 for user user-42
2026-09-19 11:06:51.392120 I | auth: deleting token user-46(0).1 for user user-46
2026-09-19 11:06:51.392122 I | auth: deleting token user-33(0).1 for user user-33
2026-09-19 11:06:51.392125 I | auth: deleting token user-18(0).1 for user user-18
2026-09-19 11:06:51.392128 I | auth: deleting token user-5(0).1 for user user-5
2026-09-19 11:06:51.392130 I | auth: deleting token user-7(0).1 for user user-7
2026-09-19 11:06:51.392133 I | auth: deleting token user-12(0).1 for user user-12
2026-09-19 11:06:51.392136 I | auth: deleting token user-38(0).1 for user user-38
2026-09-19 11:06:51.392138 I | auth: deleting token user-30(0).1 for user user-30
2026-09-19 11:06:51.392140 I | auth: deleting token user-0(0).1 for user user-0
2026-09-19 11:06:51.392142 I | auth: deleting token user-16(0).1 for user user-16
2026-09-19 11:06:51.392145 I | auth: deleting token user-13(0).1 for user user-13
2026-09-19 11:06:51.392147 I | auth: deleting token user-27(0).1 for user user-27
2026-09-19 11:06:51.392149 I | auth: deleting token user-34(0).1 for user user-34
2026-09-19 11:06:51.392151 I | auth: deleting token user-2(0).1 for user user-2
2026-09-19 11:06:51.392153 I | auth: deleting token user-26(0).1 for user user-26
2026-09-19 11:06:51.392156 I | auth: deleting token user-48(0).1 for user user-48
2026-09-19 11:06:51.392158 I | auth: deleting token user-22(0).1 for user user-22
2026-09-19 11:06:51.392160 I | auth: deleting token user-8(0).1 for user user-8
2026-09-19 11:06:51.392162 I | auth: deleting token user-39(0).1 for user user-39
2026-09-19 11:06:51.392164 I | auth: deleting token user-14(0).1 for user user-14
2026-09-19 11:06:51.392166 I | auth: deleting token user-6(0).1 for user user-6
2026-09-19 11:06:51.392169 I | auth: deleting token user-25(0).1 for user user-25
2026-09-19 11:06:51.392171 I | auth: deleting token user-10(0).1 for user user-10
2026-09-19 11:06:51.392173 I | auth: deleting token user-44(0).1 for user user-44
2026-09-19 11:06:51.392175 I | auth: deleting token user-32(0).1 for user user-32
2026-09-19 11:06:51.392177 I | auth: deleting token user-45(0).1 for user user-45
2026-09-19 11:06:51.392179 I | auth: deleting token user-11(0).1 for user user-11
2026-09-19 11:06:51.392182 I | auth: deleting token user-4(0).1 for user user-4
2026-09-19 11:06:51.392184 I | auth: deleting token user-19(0).1 for user user-19
2026-09-19 11:06:51.392186 I | auth: deleting token user-49(0).1 for user user-49
2026-09-19 11:06:51.392188 I | auth: deleting token user-35(0).1 for user user-35
2026-09-19 11:06:51.392191 I | auth: deleting token user-40(0).1 for user user-40
2026-09-19 11:06:51.392199 I | auth: deleting token user-36(0).1 for user user-36
2026-09-19 11:06:51.392204 I | auth: deleting token user-41(0).1 for user user-41
2026-09-19 11:06:51.392206 I | auth: deleting token user-29(0).1 for user user-29
2026-09-19 11:06:51.392209 I | auth: deleting token user-20(0).1 for user user-20
2026-09-19 11:06:51.392211 I | auth: deleting token user-3(0).1 for user user-3
2026-09-19 11:06:51.392213 I | auth: deleting token user-15(0).1 for user user-15
2026-09-19 11:06:51.392215 I | auth: deleting token user-37(0).1 for user user-37
2026-09-19 11:06:51.392218 I | auth: deleting token user-31(0).1 for user user-31
2026-09-19 11:06:51.392220 I | auth: deleting token user-23(0).1 for user user-23
2026-09-19 11:06:51.392222 I | auth: deleting token user-43(0).1 for user user-43
2026-09-19 11:06:51.392224 I | auth: deleting token user-21(0).1 for user user-21
--- PASS: TestHammerSimpleAuthenticate (0.06s)
PASS
