#0 building with "desktop-linux" instance using docker driver

#1 [internal] load build definition from fix.Dockerfile
#1 transferring dockerfile: 1.22kB done
#1 DONE 0.0s

#2 [internal] load metadata for docker.io/library/golang:1.10
#2 DONE 0.3s

#3 [1/9] FROM docker.io/library/golang:1.10@sha256:6d5e79878a3e4f1b30b7aa4d24fb6ee6184e905a9b172fc72593935633be4c46
#3 resolve docker.io/library/golang:1.10@sha256:6d5e79878a3e4f1b30b7aa4d24fb6ee6184e905a9b172fc72593935633be4c46 0.0s done
#3 DONE 0.0s

#4 [2/9] RUN git clone https://github.com/etcd-io/etcd.git /go/src/github.com/coreos/etcd
#4 CACHED

#5 [3/9] WORKDIR /go/src/github.com/coreos/etcd
#5 CACHED

#6 [4/9] RUN git reset --hard 9ed3b446cadd9f43734d9eed9dcb03f3b12567a5
#6 CACHED

#7 [internal] load .dockerignore
#7 transferring context: 2B done
#7 DONE 0.0s

#8 [5/5] RUN sed -i '167s/fmt_tests/# fmt_tests/' test && 	sed -i '170s/unit_tests/# unit_tests/' test && 	sed -i '73,74d' test && 	sed -i '72 igo test \${REPO_PATH}/clientv3/integration -c -o /go/gobench.test' test && 	sed -i '73 iexit 0' test && 	sed -i '66,71d' test && 	INTEGRATION=1 ./test
#8 0.677 errors
#8 0.677 container/list
#8 0.678 internal/race
#8 0.679 runtime/internal/sys
#8 0.680 math/bits
#8 0.680 unicode/utf8
#8 0.682 vendor/golang_org/x/crypto/cryptobyte/asn1
#8 0.682 crypto/subtle
#8 0.683 internal/nettrace
#8 0.684 encoding
#8 0.686 runtime/internal/atomic
#8 0.687 unicode
#8 0.688 crypto/internal/cipherhw
#8 0.690 sync/atomic
#8 0.691 internal/cpu
#8 0.692 unicode/utf16
#8 0.693 github.com/coreos/etcd/cmd/vendor/google.golang.org/grpc/internal
#8 0.694 vendor/golang_org/x/crypto/curve25519
#8 0.695 github.com/coreos/etcd/cmd/vendor/google.golang.org/grpc/naming
#8 0.700 github.com/coreos/etcd/cmd/vendor/github.com/inconshreveable/mousetrap
#8 0.706 vendor/golang_org/x/crypto/poly1305
#8 0.717 internal/testlog
#8 0.719 math
#8 0.724 runtime
#8 0.772 github.com/coreos/etcd/cmd/vendor/github.com/shurcooL/sanitized_anchor_name
#8 0.818 github.com/coreos/etcd/cmd/vendor/github.com/coreos/etcd/pkg/adt
#8 0.818 strconv
#8 0.881 github.com/coreos/etcd/cmd/vendor/golang.org/x/crypto/blowfish
#8 0.883 crypto/rc4
#8 1.182 sync
#8 1.205 io
#8 1.205 internal/singleflight
#8 1.205 math/rand
#8 1.205 reflect
#8 1.206 syscall
#8 1.239 bytes
#8 1.239 hash
#8 1.240 runtime/trace
#8 1.240 crypto/cipher
#8 1.240 strings
#8 1.254 crypto
#8 1.254 crypto/hmac
#8 1.254 hash/crc32
#8 1.255 hash/fnv
#8 1.273 crypto/md5
#8 1.273 crypto/sha512
#8 1.273 crypto/sha1
#8 1.278 crypto/sha256
#8 1.298 github.com/coreos/etcd/cmd/vendor/github.com/coreos/etcd/pkg/crc
#8 1.323 bufio
#8 1.323 text/tabwriter
#8 1.323 vendor/golang_org/x/text/transform
#8 1.325 path
#8 1.325 crypto/aes
#8 1.326 html
#8 1.357 github.com/coreos/etcd/cmd/vendor/github.com/coreos/etcd/pkg/pathutil
#8 1.381 internal/syscall/unix
#8 1.382 time
#8 1.490 internal/poll
#8 1.496 github.com/coreos/etcd/cmd/vendor/github.com/jonboulle/clockwork
#8 1.498 github.com/coreos/etcd/cmd/vendor/github.com/coreos/etcd/pkg/idutil
#8 1.499 github.com/coreos/etcd/cmd/vendor/github.com/coreos/etcd/pkg/contention
#8 1.519 encoding/binary
#8 1.520 sort
#8 1.572 regexp/syntax
#8 1.572 github.com/coreos/etcd/cmd/vendor/github.com/beorn7/perks/quantile
#8 1.572 github.com/coreos/etcd/cmd/vendor/bitbucket.org/ww/goautoneg
#8 1.579 os
#8 1.579 container/heap
#8 1.602 encoding/base64
#8 1.603 crypto/des
#8 1.605 vendor/golang_org/x/crypto/chacha20poly1305/internal/chacha20
#8 1.623 vendor/golang_org/x/crypto/chacha20poly1305
#8 1.637 encoding/pem
#8 1.673 path/filepath
#8 1.673 github.com/coreos/etcd/cmd/vendor/github.com/coreos/go-systemd/util
#8 1.673 runtime/debug
#8 1.673 fmt
#8 1.673 os/signal
#8 1.678 regexp
#8 1.712 io/ioutil
#8 1.739 github.com/coreos/etcd/cmd/vendor/github.com/coreos/etcd/pkg/runtime
#8 1.760 encoding/hex
#8 1.760 context
#8 1.760 net/url
#8 1.762 math/big
#8 1.763 encoding/json
#8 1.763 flag
#8 1.763 github.com/coreos/etcd/cmd/vendor/golang.org/x/net/http2/hpack
#8 1.763 compress/flate
#8 1.763 log
#8 1.764 vendor/golang_org/x/net/http2/hpack
#8 1.764 mime/quotedprintable
#8 1.764 mime
#8 1.764 net/http/internal
#8 1.764 go/token
#8 1.765 vendor/golang_org/x/text/unicode/norm
#8 1.765 encoding/gob
#8 1.803 text/template/parse
#8 1.816 github.com/coreos/etcd/cmd/vendor/golang.org/x/net/context
#8 1.845 vendor/golang_org/x/text/unicode/bidi
#8 1.847 github.com/coreos/etcd/cmd/vendor/golang.org/x/net/internal/timeseries
#8 1.854 go/scanner
#8 1.864 github.com/coreos/etcd/cmd/vendor/google.golang.org/grpc/codes
#8 1.876 github.com/coreos/etcd/cmd/vendor/google.golang.org/grpc/grpclog
#8 1.888 github.com/coreos/etcd/cmd/vendor/google.golang.org/grpc/metadata
#8 1.890 net
#8 1.892 github.com/coreos/etcd/cmd/vendor/github.com/boltdb/bolt
#8 1.893 github.com/coreos/etcd/cmd/vendor/github.com/coreos/etcd/pkg/schedule
#8 1.906 github.com/coreos/etcd/cmd/vendor/github.com/google/btree
#8 1.916 os/exec
#8 1.918 github.com/coreos/etcd/cmd/vendor/github.com/coreos/go-semver/semver
#8 1.920 github.com/coreos/etcd/cmd/vendor/github.com/coreos/etcd/pkg/wait
#8 1.940 encoding/csv
#8 1.982 vendor/golang_org/x/text/secure/bidirule
#8 1.984 github.com/coreos/etcd/cmd/vendor/gopkg.in/yaml.v2
#8 1.989 github.com/coreos/etcd/cmd/vendor/github.com/russross/blackfriday
#8 1.989 go/ast
#8 2.008 compress/gzip
#8 2.074 github.com/coreos/etcd/cmd/vendor/github.com/prometheus/common/model
#8 2.076 github.com/coreos/etcd/cmd/vendor/github.com/golang/protobuf/proto
#8 2.077 github.com/coreos/etcd/cmd/vendor/github.com/gogo/protobuf/proto
#8 2.089 text/template
#8 2.097 runtime/pprof
#8 2.274 vendor/golang_org/x/net/idna
#8 2.283 go/printer
#8 2.285 go/parser
#8 2.335 github.com/coreos/etcd/cmd/vendor/github.com/cpuguy83/go-md2man/md2man
#8 2.451 encoding/asn1
#8 2.454 crypto/dsa
#8 2.454 crypto/rand
#8 2.458 crypto/elliptic
#8 2.589 html/template
#8 2.622 crypto/rsa
#8 2.622 github.com/coreos/etcd/cmd/vendor/golang.org/x/crypto/bcrypt
#8 2.628 github.com/coreos/etcd/cmd/vendor/github.com/ghodss/yaml
#8 2.719 go/format
#8 2.844 crypto/x509/pkix
#8 2.846 vendor/golang_org/x/crypto/cryptobyte
#8 2.849 crypto/ecdsa
#8 2.861 github.com/coreos/etcd/cmd/vendor/github.com/matttproud/golang_protobuf_extensions/pbutil
#8 2.862 github.com/coreos/etcd/cmd/vendor/github.com/prometheus/client_model/go
#8 2.874 github.com/coreos/etcd/cmd/vendor/github.com/coreos/etcd/lease/leasepb
#8 2.874 github.com/coreos/etcd/cmd/vendor/github.com/coreos/etcd/auth/authpb
#8 2.874 github.com/coreos/etcd/cmd/vendor/github.com/coreos/etcd/raft/raftpb
#8 2.875 github.com/coreos/etcd/cmd/vendor/github.com/coreos/etcd/mvcc/mvccpb
#8 2.876 github.com/coreos/etcd/cmd/vendor/github.com/coreos/etcd/wal/walpb
#8 2.878 github.com/coreos/etcd/cmd/vendor/github.com/coreos/etcd/snap/snappb
#8 2.920 vendor/golang_org/x/net/lex/httplex
#8 2.922 vendor/golang_org/x/net/proxy
#8 2.934 net/textproto
#8 2.934 github.com/coreos/etcd/cmd/vendor/github.com/coreos/etcd/pkg/types
#8 2.935 log/syslog
#8 2.935 github.com/coreos/etcd/cmd/vendor/github.com/coreos/go-systemd/journal
#8 2.936 github.com/coreos/etcd/cmd/vendor/github.com/prometheus/procfs
#8 2.937 github.com/coreos/etcd/cmd/vendor/github.com/spf13/pflag
#8 2.953 github.com/coreos/etcd/cmd/vendor/github.com/coreos/go-systemd/daemon
#8 3.013 crypto/x509
#8 3.048 github.com/coreos/etcd/cmd/vendor/github.com/coreos/etcd/raft
#8 3.087 mime/multipart
#8 3.106 github.com/coreos/etcd/cmd/vendor/github.com/coreos/pkg/capnslog
#8 3.224 github.com/coreos/etcd/cmd/vendor/github.com/coreos/etcd/pkg/netutil
#8 3.225 github.com/coreos/etcd/cmd/vendor/github.com/coreos/etcd/pkg/pbutil
#8 3.225 github.com/coreos/etcd/cmd/vendor/github.com/coreos/etcd/pkg/fileutil
#8 3.227 github.com/coreos/etcd/cmd/vendor/github.com/coreos/etcd/pkg/logutil
#8 3.228 github.com/coreos/etcd/cmd/vendor/github.com/coreos/etcd/pkg/osutil
#8 3.228 github.com/coreos/etcd/cmd/vendor/github.com/coreos/etcd/proxy/tcpproxy
#8 3.230 github.com/coreos/etcd/cmd/vendor/github.com/spf13/cobra
#8 3.301 crypto/tls
#8 3.306 github.com/coreos/etcd/cmd/vendor/github.com/coreos/etcd/pkg/ioutil
#8 3.307 github.com/coreos/etcd/cmd/vendor/github.com/coreos/etcd/version
#8 3.319 github.com/coreos/etcd/cmd/vendor/github.com/coreos/etcd/etcdserver/stats
#8 3.519 net/http/httptrace
#8 3.519 github.com/coreos/etcd/cmd/vendor/github.com/coreos/etcd/pkg/tlsutil
#8 3.519 github.com/coreos/etcd/cmd/vendor/google.golang.org/grpc/credentials
#8 3.542 net/http
#8 3.549 github.com/coreos/etcd/cmd/vendor/google.golang.org/grpc/peer
#8 3.899 expvar
#8 3.899 net/rpc
#8 3.899 github.com/coreos/etcd/cmd/vendor/golang.org/x/net/trace
#8 3.899 github.com/coreos/etcd/cmd/vendor/github.com/prometheus/common/expfmt
#8 3.899 github.com/coreos/etcd/cmd/vendor/golang.org/x/net/http2
#8 3.900 github.com/coreos/etcd/cmd/vendor/github.com/coreos/etcd/etcdserver/api/v2http/httptypes
#8 3.900 github.com/coreos/etcd/cmd/vendor/github.com/coreos/etcd/error
#8 3.901 github.com/coreos/etcd/cmd/vendor/github.com/coreos/etcd/pkg/httputil
#8 3.901 github.com/coreos/etcd/cmd/vendor/github.com/xiang90/probing
#8 3.902 net/http/pprof
#8 3.902 github.com/coreos/etcd/cmd/vendor/github.com/coreos/etcd/pkg/cors
#8 3.902 github.com/coreos/etcd/cmd/vendor/github.com/coreos/etcd/pkg/transport
#8 3.981 github.com/coreos/etcd/cmd/vendor/github.com/coreos/etcd/pkg/flags
#8 3.994 github.com/coreos/etcd/cmd/vendor/github.com/ugorji/go/codec
#8 4.013 github.com/coreos/etcd/cmd/vendor/github.com/prometheus/client_golang/prometheus
#8 4.163 github.com/coreos/etcd/cmd/vendor/github.com/cockroachdb/cmux
#8 4.164 github.com/coreos/etcd/cmd/vendor/google.golang.org/grpc/transport
#8 4.185 github.com/coreos/etcd/cmd/vendor/github.com/coreos/etcd/mvcc/backend
#8 4.186 github.com/coreos/etcd/cmd/vendor/github.com/coreos/etcd/store
#8 4.189 github.com/coreos/etcd/cmd/vendor/github.com/coreos/etcd/snap
#8 4.189 github.com/coreos/etcd/cmd/vendor/github.com/coreos/etcd/wal
#8 4.192 github.com/coreos/etcd/cmd/vendor/github.com/coreos/etcd/proxy/httpproxy
#8 4.263 github.com/coreos/etcd/cmd/vendor/github.com/coreos/etcd/rafthttp
#8 4.287 github.com/coreos/etcd/cmd/vendor/github.com/coreos/etcd/lease
#8 4.327 github.com/coreos/etcd/cmd/vendor/github.com/coreos/etcd/etcdserver/membership
#8 4.333 github.com/coreos/etcd/cmd/vendor/github.com/coreos/etcd/mvcc
#8 4.363 github.com/coreos/etcd/cmd/vendor/google.golang.org/grpc
#8 4.535 github.com/coreos/etcd/cmd/vendor/github.com/coreos/etcd/etcdserver/api/v3rpc/rpctypes
#8 4.538 github.com/coreos/etcd/cmd/vendor/github.com/coreos/etcd/etcdserver/etcdserverpb
#8 4.918 github.com/coreos/etcd/cmd/vendor/github.com/coreos/etcd/alarm
#8 4.919 github.com/coreos/etcd/cmd/vendor/github.com/coreos/etcd/lease/leasehttp
#8 4.919 github.com/coreos/etcd/cmd/vendor/github.com/coreos/etcd/auth
#8 4.919 github.com/coreos/etcd/cmd/vendor/github.com/coreos/etcd/compactor
#8 5.383 github.com/coreos/etcd/cmd/vendor/github.com/coreos/etcd/client
#8 5.480 github.com/coreos/etcd/cmd/vendor/github.com/coreos/etcd/discovery
#8 5.528 github.com/coreos/etcd/cmd/vendor/github.com/coreos/etcd/etcdserver
#8 5.698 github.com/coreos/etcd/cmd/vendor/github.com/coreos/etcd/etcdserver/api
#8 5.698 github.com/coreos/etcd/cmd/vendor/github.com/coreos/etcd/etcdserver/auth
#8 5.729 github.com/coreos/etcd/cmd/vendor/github.com/coreos/etcd/etcdserver/api/v3rpc
#8 5.761 github.com/coreos/etcd/cmd/vendor/github.com/coreos/etcd/etcdserver/api/v2http
#8 5.875 github.com/coreos/etcd/cmd/vendor/github.com/coreos/etcd/etcdmain
#8 5.984 github.com/coreos/etcd/cmd
#8 6.728 errors
#8 6.729 internal/race
#8 6.730 runtime/internal/sys
#8 6.730 encoding
#8 6.731 unicode
#8 6.731 crypto/subtle
#8 6.731 math/bits
#8 6.731 unicode/utf8
#8 6.732 unicode/utf16
#8 6.733 container/list
#8 6.734 vendor/golang_org/x/crypto/cryptobyte/asn1
#8 6.735 internal/nettrace
#8 6.735 internal/cpu
#8 6.735 sync/atomic
#8 6.737 runtime/internal/atomic
#8 6.737 crypto/internal/cipherhw
#8 6.742 vendor/golang_org/x/crypto/curve25519
#8 6.743 github.com/coreos/etcd/cmd/vendor/google.golang.org/grpc/naming
#8 6.744 github.com/coreos/etcd/cmd/vendor/google.golang.org/grpc/internal
#8 6.747 github.com/coreos/etcd/cmd/vendor/github.com/inconshreveable/mousetrap
#8 6.758 vendor/golang_org/x/crypto/poly1305
#8 6.764 internal/testlog
#8 6.770 math
#8 6.774 runtime
#8 6.820 github.com/coreos/etcd/cmd/vendor/github.com/shurcooL/sanitized_anchor_name
#8 6.892 strconv
#8 6.892 github.com/coreos/etcd/cmd/vendor/github.com/coreos/etcd/pkg/adt
#8 6.995 github.com/coreos/etcd/cmd/vendor/golang.org/x/crypto/blowfish
#8 6.996 crypto/rc4
#8 7.407 sync
#8 7.439 io
#8 7.439 internal/singleflight
#8 7.439 math/rand
#8 7.439 reflect
#8 7.439 syscall
#8 7.483 hash
#8 7.483 bytes
#8 7.483 strings
#8 7.483 crypto/cipher
#8 7.506 hash/crc32
#8 7.509 crypto
#8 7.509 crypto/hmac
#8 7.509 hash/fnv
#8 7.543 crypto/sha512
#8 7.557 crypto/md5
#8 7.563 crypto/sha1
#8 7.563 crypto/sha256
#8 7.579 github.com/coreos/etcd/cmd/vendor/github.com/coreos/etcd/pkg/crc
#8 7.606 text/tabwriter
#8 7.608 vendor/golang_org/x/text/transform
#8 7.609 bufio
#8 7.610 crypto/aes
#8 7.669 path
#8 7.672 html
#8 7.701 internal/syscall/unix
#8 7.702 time
#8 7.757 github.com/coreos/etcd/cmd/vendor/github.com/coreos/etcd/pkg/pathutil
#8 7.855 encoding/binary
#8 7.855 sort
#8 7.860 github.com/coreos/etcd/cmd/vendor/github.com/coreos/etcd/pkg/idutil
#8 7.860 github.com/coreos/etcd/cmd/vendor/github.com/coreos/etcd/pkg/contention
#8 7.860 internal/poll
#8 7.860 github.com/coreos/etcd/cmd/vendor/github.com/jonboulle/clockwork
#8 7.946 regexp/syntax
#8 7.946 github.com/coreos/etcd/cmd/vendor/github.com/beorn7/perks/quantile
#8 7.947 github.com/coreos/etcd/cmd/vendor/bitbucket.org/ww/goautoneg
#8 7.948 container/heap
#8 7.967 encoding/base64
#8 7.967 vendor/golang_org/x/crypto/chacha20poly1305/internal/chacha20
#8 7.967 crypto/des
#8 7.994 os
#8 8.000 vendor/golang_org/x/crypto/chacha20poly1305
#8 8.020 encoding/pem
#8 8.082 regexp
#8 8.102 fmt
#8 8.103 path/filepath
#8 8.103 os/signal
#8 8.103 runtime/debug
#8 8.151 io/ioutil
#8 8.164 github.com/coreos/etcd/cmd/vendor/github.com/mattn/go-runewidth
#8 8.187 github.com/coreos/etcd/cmd/vendor/github.com/coreos/etcd/pkg/runtime
#8 8.202 flag
#8 8.204 go/token
#8 8.204 text/template/parse
#8 8.204 github.com/coreos/etcd/cmd/vendor/github.com/bgentry/speakeasy
#8 8.204 net/url
#8 8.204 context
#8 8.204 encoding/json
#8 8.204 log
#8 8.204 encoding/gob
#8 8.205 encoding/hex
#8 8.205 compress/flate
#8 8.206 math/big
#8 8.207 vendor/golang_org/x/net/http2/hpack
#8 8.208 vendor/golang_org/x/text/unicode/norm
#8 8.209 mime
#8 8.212 mime/quotedprintable
#8 8.271 net/http/internal
#8 8.276 net
#8 8.282 github.com/coreos/etcd/cmd/vendor/golang.org/x/net/context
#8 8.283 go/scanner
#8 8.290 github.com/coreos/etcd/cmd/vendor/golang.org/x/net/http2/hpack
#8 8.293 github.com/coreos/etcd/cmd/vendor/google.golang.org/grpc/codes
#8 8.300 os/exec
#8 8.314 vendor/golang_org/x/text/unicode/bidi
#8 8.327 github.com/coreos/etcd/cmd/vendor/golang.org/x/net/internal/timeseries
#8 8.329 github.com/coreos/etcd/cmd/vendor/google.golang.org/grpc/grpclog
#8 8.330 github.com/coreos/etcd/cmd/vendor/github.com/boltdb/bolt
#8 8.362 github.com/coreos/etcd/cmd/vendor/gopkg.in/yaml.v2
#8 8.363 github.com/coreos/etcd/cmd/vendor/github.com/google/btree
#8 8.377 go/ast
#8 8.378 github.com/coreos/etcd/cmd/vendor/github.com/coreos/go-semver/semver
#8 8.396 github.com/coreos/etcd/cmd/vendor/github.com/coreos/etcd/pkg/wait
#8 8.400 github.com/coreos/etcd/cmd/vendor/google.golang.org/grpc/metadata
#8 8.419 github.com/coreos/etcd/cmd/vendor/golang.org/x/time/rate
#8 8.447 github.com/coreos/etcd/cmd/vendor/github.com/coreos/etcd/pkg/schedule
#8 8.449 encoding/csv
#8 8.457 github.com/coreos/etcd/cmd/vendor/github.com/russross/blackfriday
#8 8.485 compress/gzip
#8 8.489 github.com/coreos/etcd/cmd/vendor/github.com/golang/protobuf/proto
#8 8.499 github.com/coreos/etcd/cmd/vendor/github.com/gogo/protobuf/proto
#8 8.500 github.com/coreos/etcd/cmd/vendor/github.com/prometheus/common/model
#8 8.521 text/template
#8 8.528 vendor/golang_org/x/text/secure/bidirule
#8 8.562 github.com/coreos/etcd/cmd/vendor/github.com/olekukonko/tablewriter
#8 8.599 vendor/golang_org/x/net/idna
#8 8.695 crypto/rand
#8 8.696 crypto/elliptic
#8 8.697 crypto/dsa
#8 8.697 encoding/asn1
#8 8.697 github.com/coreos/etcd/cmd/vendor/github.com/dustin/go-humanize
#8 8.712 go/printer
#8 8.712 go/parser
#8 8.730 github.com/coreos/etcd/cmd/vendor/github.com/cpuguy83/go-md2man/md2man
#8 8.748 github.com/coreos/etcd/cmd/vendor/github.com/codegangsta/cli
#8 8.751 html/template
#8 8.816 github.com/coreos/etcd/cmd/vendor/golang.org/x/crypto/bcrypt
#8 8.817 crypto/rsa
#8 8.867 github.com/coreos/etcd/cmd/vendor/github.com/ghodss/yaml
#8 8.889 crypto/x509/pkix
#8 8.889 vendor/golang_org/x/crypto/cryptobyte
#8 8.909 crypto/ecdsa
#8 8.944 github.com/coreos/etcd/cmd/vendor/github.com/prometheus/client_model/go
#8 8.945 github.com/coreos/etcd/cmd/vendor/github.com/matttproud/golang_protobuf_extensions/pbutil
#8 8.960 github.com/coreos/etcd/cmd/vendor/github.com/coreos/etcd/auth/authpb
#8 8.960 github.com/coreos/etcd/cmd/vendor/github.com/coreos/etcd/mvcc/mvccpb
#8 8.962 github.com/coreos/etcd/cmd/vendor/github.com/coreos/etcd/raft/raftpb
#8 8.962 github.com/coreos/etcd/cmd/vendor/github.com/coreos/etcd/snap/snappb
#8 8.963 github.com/coreos/etcd/cmd/vendor/github.com/coreos/etcd/wal/walpb
#8 8.964 github.com/coreos/etcd/cmd/vendor/github.com/coreos/etcd/lease/leasepb
#8 8.986 go/format
#8 8.993 github.com/coreos/etcd/cmd/vendor/github.com/coreos/etcd/pkg/types
#8 8.994 crypto/x509
#8 8.995 vendor/golang_org/x/net/lex/httplex
#8 8.995 vendor/golang_org/x/net/proxy
#8 8.995 net/textproto
#8 8.995 github.com/coreos/etcd/cmd/vendor/github.com/coreos/go-systemd/journal
#8 8.995 log/syslog
#8 8.996 github.com/coreos/etcd/cmd/vendor/github.com/prometheus/procfs
#8 8.997 github.com/coreos/etcd/cmd/vendor/github.com/spf13/pflag
#8 9.041 github.com/coreos/etcd/cmd/vendor/github.com/coreos/etcd/raft
#8 9.066 github.com/coreos/etcd/cmd/vendor/github.com/coreos/pkg/capnslog
#8 9.069 mime/multipart
#8 9.127 github.com/coreos/etcd/cmd/vendor/github.com/spf13/cobra
#8 9.131 github.com/coreos/etcd/cmd/vendor/github.com/coreos/etcd/pkg/pbutil
#8 9.132 github.com/coreos/etcd/cmd/vendor/github.com/coreos/etcd/pkg/fileutil
#8 9.133 github.com/coreos/etcd/cmd/vendor/github.com/coreos/etcd/pkg/netutil
#8 9.133 github.com/coreos/etcd/cmd/vendor/github.com/coreos/etcd/pkg/logutil
#8 9.167 crypto/tls
#8 9.175 github.com/coreos/etcd/cmd/vendor/github.com/coreos/etcd/version
#8 9.176 github.com/coreos/etcd/cmd/vendor/github.com/coreos/etcd/pkg/ioutil
#8 9.180 github.com/coreos/etcd/cmd/vendor/github.com/coreos/etcd/etcdserver/stats
#8 9.309 net/http/httptrace
#8 9.309 github.com/coreos/etcd/cmd/vendor/github.com/coreos/etcd/pkg/tlsutil
#8 9.309 github.com/coreos/etcd/cmd/vendor/google.golang.org/grpc/credentials
#8 9.335 net/http
#8 9.341 github.com/coreos/etcd/cmd/vendor/google.golang.org/grpc/peer
#8 9.711 net/rpc
#8 9.711 expvar
#8 9.711 github.com/coreos/etcd/cmd/vendor/golang.org/x/net/trace
#8 9.711 github.com/coreos/etcd/cmd/vendor/github.com/coreos/etcd/error
#8 9.711 github.com/coreos/etcd/cmd/vendor/github.com/prometheus/common/expfmt
#8 9.711 github.com/coreos/etcd/cmd/vendor/github.com/coreos/etcd/pkg/transport
#8 9.712 github.com/coreos/etcd/cmd/vendor/github.com/coreos/etcd/etcdserver/api/v2http/httptypes
#8 9.712 github.com/coreos/etcd/cmd/vendor/golang.org/x/net/http2
#8 9.713 github.com/coreos/etcd/cmd/vendor/github.com/coreos/etcd/pkg/httputil
#8 9.716 github.com/coreos/etcd/cmd/vendor/github.com/xiang90/probing
#8 9.808 github.com/coreos/etcd/cmd/vendor/github.com/ugorji/go/codec
#8 9.819 github.com/coreos/etcd/cmd/vendor/github.com/coreos/etcd/pkg/flags
#8 9.830 github.com/coreos/etcd/cmd/vendor/github.com/prometheus/client_golang/prometheus
#8 9.958 github.com/coreos/etcd/cmd/vendor/google.golang.org/grpc/transport
#8 9.962 github.com/coreos/etcd/cmd/vendor/github.com/coreos/etcd/snap
#8 9.962 github.com/coreos/etcd/cmd/vendor/github.com/coreos/etcd/mvcc/backend
#8 9.962 github.com/coreos/etcd/cmd/vendor/github.com/coreos/etcd/wal
#8 9.962 github.com/coreos/etcd/cmd/vendor/github.com/coreos/etcd/store
#8 10.01 github.com/coreos/etcd/cmd/vendor/github.com/coreos/etcd/rafthttp
#8 10.03 github.com/coreos/etcd/cmd/vendor/github.com/coreos/etcd/lease
#8 10.06 github.com/coreos/etcd/cmd/vendor/github.com/coreos/etcd/etcdserver/membership
#8 10.06 github.com/coreos/etcd/cmd/vendor/github.com/coreos/etcd/mvcc
#8 10.10 github.com/coreos/etcd/cmd/vendor/google.golang.org/grpc
#8 10.21 github.com/coreos/etcd/cmd/vendor/github.com/coreos/etcd/etcdserver/api/v3rpc/rpctypes
#8 10.21 github.com/coreos/etcd/cmd/vendor/github.com/coreos/etcd/etcdserver/etcdserverpb
#8 10.49 github.com/coreos/etcd/cmd/vendor/github.com/coreos/etcd/alarm
#8 10.49 github.com/coreos/etcd/cmd/vendor/github.com/coreos/etcd/compactor
#8 10.49 github.com/coreos/etcd/cmd/vendor/github.com/coreos/etcd/auth
#8 10.49 github.com/coreos/etcd/cmd/vendor/github.com/coreos/etcd/lease/leasehttp
#8 10.49 github.com/coreos/etcd/cmd/vendor/github.com/coreos/etcd/clientv3
#8 10.66 github.com/coreos/etcd/cmd/vendor/github.com/coreos/etcd/clientv3/mirror
#8 10.66 github.com/coreos/etcd/cmd/vendor/github.com/coreos/etcd/clientv3/concurrency
#8 11.01 github.com/coreos/etcd/cmd/vendor/github.com/coreos/etcd/client
#8 11.11 github.com/coreos/etcd/cmd/vendor/github.com/coreos/etcd/discovery
#8 11.11 github.com/coreos/etcd/cmd/vendor/github.com/coreos/etcd/etcdctl/ctlv2/command
#8 11.16 github.com/coreos/etcd/cmd/vendor/github.com/coreos/etcd/etcdserver
#8 11.22 github.com/coreos/etcd/cmd/vendor/github.com/coreos/etcd/etcdctl/ctlv2
#8 11.34 github.com/coreos/etcd/cmd/vendor/github.com/coreos/etcd/etcdctl/ctlv3/command
#8 11.47 github.com/coreos/etcd/cmd/vendor/github.com/coreos/etcd/etcdctl/ctlv3
#8 11.50 github.com/coreos/etcd/cmd/etcdctl
#8 12.08 Checking package dependencies...
#8 12.15 Running integration tests...
#8 DONE 15.5s

#9 exporting to image
#9 exporting layers
#9 exporting layers 2.8s done
#9 exporting manifest sha256:5bec22926e4cd92dcdfec7df2f7aff7a7cf9bc80a5318a6233b04c2aa9305524 done
#9 exporting config sha256:ddc13ed7003b90347c3f153fe6805a398a53c268aa84480d075e00e474ede017 done
#9 exporting attestation manifest sha256:04ae0085497abd6620333f05aad1b3e926e66c8bb7f5a9cadc143f0df5ebb2a9 0.0s done
#9 exporting manifest list sha256:ffc618679d85e331c3b957c1af0ad561118bf488460dd5f80baeb10187800b26 done
#9 naming to docker.io/library/etcd5509-fix:latest done
#9 unpacking to docker.io/library/etcd5509-fix:latest
#9 unpacking to docker.io/library/etcd5509-fix:latest 0.6s done
#9 DONE 3.4s
FIX_EXIT:0
