#0 building with "desktop-linux" instance using docker driver

#1 [internal] load build definition from bug.Dockerfile
#1 DONE 0.0s

#1 [internal] load build definition from bug.Dockerfile
#1 transferring dockerfile: 911B done
#1 DONE 0.0s

#2 [internal] load metadata for docker.io/library/golang:1.10
#2 DONE 2.4s

#3 [internal] load .dockerignore
#3 transferring context: 2B done
#3 DONE 0.0s

#4 [internal] load build context
#4 transferring context: 917B done
#4 DONE 0.0s

#5 [1/9] FROM docker.io/library/golang:1.10@sha256:6d5e79878a3e4f1b30b7aa4d24fb6ee6184e905a9b172fc72593935633be4c46
#5 resolve docker.io/library/golang:1.10@sha256:6d5e79878a3e4f1b30b7aa4d24fb6ee6184e905a9b172fc72593935633be4c46 0.0s done
#5 DONE 0.1s

#5 [1/9] FROM docker.io/library/golang:1.10@sha256:6d5e79878a3e4f1b30b7aa4d24fb6ee6184e905a9b172fc72593935633be4c46
#5 sha256:d3d9c96611f1f779cd0bf0d343ff910d5bc1aafb180b4e3aac7190db8269a829 0B / 126B 0.2s
#5 sha256:d3d9c96611f1f779cd0bf0d343ff910d5bc1aafb180b4e3aac7190db8269a829 126B / 126B 0.2s done
#5 sha256:c0eaf021aeaf304faaa8b6cb5a967532e83d0c9af364ab091bb947943e31c874 0B / 102.19MB 0.3s
#5 sha256:d35724ed4672cc1ac62dca685634f02297e306fd1920dd76996799c00b728cbb 0B / 57.62MB 0.2s
#5 sha256:7f0334c36886bd4619e8d05ccf68003e53b0b6098b2166a216bd009dba678ed8 0B / 50.06MB 0.2s
#5 sha256:0a108aa2667933b852b8d003f97b344d014fcd7e06a0c0e6e04f2d6906738388 0B / 4.34MB 0.2s
#5 sha256:0a108aa2667933b852b8d003f97b344d014fcd7e06a0c0e6e04f2d6906738388 1.05MB / 4.34MB 0.8s
#5 sha256:0a108aa2667933b852b8d003f97b344d014fcd7e06a0c0e6e04f2d6906738388 2.10MB / 4.34MB 0.9s
#5 sha256:0a108aa2667933b852b8d003f97b344d014fcd7e06a0c0e6e04f2d6906738388 3.15MB / 4.34MB 2.1s
#5 sha256:d35724ed4672cc1ac62dca685634f02297e306fd1920dd76996799c00b728cbb 3.15MB / 57.62MB 2.7s
#5 sha256:0a108aa2667933b852b8d003f97b344d014fcd7e06a0c0e6e04f2d6906738388 4.34MB / 4.34MB 3.3s done
#5 sha256:34d8874714d74b636739b8a52204650a664fca8ff9741dd66810f30196f103e2 0B / 10.78MB 0.2s
#5 sha256:7f0334c36886bd4619e8d05ccf68003e53b0b6098b2166a216bd009dba678ed8 3.15MB / 50.06MB 4.5s
#5 sha256:c0eaf021aeaf304faaa8b6cb5a967532e83d0c9af364ab091bb947943e31c874 2.10MB / 102.19MB 5.4s
#5 sha256:34d8874714d74b636739b8a52204650a664fca8ff9741dd66810f30196f103e2 1.05MB / 10.78MB 2.1s
#5 sha256:d35724ed4672cc1ac62dca685634f02297e306fd1920dd76996799c00b728cbb 6.29MB / 57.62MB 6.3s
#5 sha256:34d8874714d74b636739b8a52204650a664fca8ff9741dd66810f30196f103e2 2.10MB / 10.78MB 3.2s
#5 sha256:34d8874714d74b636739b8a52204650a664fca8ff9741dd66810f30196f103e2 3.15MB / 10.78MB 4.4s
#5 sha256:7f0334c36886bd4619e8d05ccf68003e53b0b6098b2166a216bd009dba678ed8 6.29MB / 50.06MB 8.0s
#5 sha256:34d8874714d74b636739b8a52204650a664fca8ff9741dd66810f30196f103e2 4.19MB / 10.78MB 5.4s
#5 sha256:d35724ed4672cc1ac62dca685634f02297e306fd1920dd76996799c00b728cbb 9.44MB / 57.62MB 9.9s
#5 sha256:c0eaf021aeaf304faaa8b6cb5a967532e83d0c9af364ab091bb947943e31c874 6.29MB / 102.19MB 10.5s
#5 sha256:34d8874714d74b636739b8a52204650a664fca8ff9741dd66810f30196f103e2 5.24MB / 10.78MB 6.9s
#5 sha256:34d8874714d74b636739b8a52204650a664fca8ff9741dd66810f30196f103e2 6.29MB / 10.78MB 8.5s
#5 sha256:7f0334c36886bd4619e8d05ccf68003e53b0b6098b2166a216bd009dba678ed8 9.44MB / 50.06MB 12.3s
#5 sha256:34d8874714d74b636739b8a52204650a664fca8ff9741dd66810f30196f103e2 7.34MB / 10.78MB 9.4s
#5 sha256:d35724ed4672cc1ac62dca685634f02297e306fd1920dd76996799c00b728cbb 12.58MB / 57.62MB 13.8s
#5 sha256:34d8874714d74b636739b8a52204650a664fca8ff9741dd66810f30196f103e2 8.39MB / 10.78MB 10.6s
#5 sha256:34d8874714d74b636739b8a52204650a664fca8ff9741dd66810f30196f103e2 9.44MB / 10.78MB 11.5s
#5 sha256:c0eaf021aeaf304faaa8b6cb5a967532e83d0c9af364ab091bb947943e31c874 11.53MB / 102.19MB 15.4s
#5 sha256:7f0334c36886bd4619e8d05ccf68003e53b0b6098b2166a216bd009dba678ed8 12.58MB / 50.06MB 15.9s
#5 sha256:34d8874714d74b636739b8a52204650a664fca8ff9741dd66810f30196f103e2 10.49MB / 10.78MB 12.4s
#5 sha256:34d8874714d74b636739b8a52204650a664fca8ff9741dd66810f30196f103e2 10.78MB / 10.78MB 12.9s done
#5 sha256:741437d97401b83849ccbfe4ed8964049b752081647d7f1ea8aea29d989f8968 0B / 45.34MB 0.2s
#5 sha256:d35724ed4672cc1ac62dca685634f02297e306fd1920dd76996799c00b728cbb 15.73MB / 57.62MB 17.5s
#5 sha256:7f0334c36886bd4619e8d05ccf68003e53b0b6098b2166a216bd009dba678ed8 15.73MB / 50.06MB 19.0s
#5 sha256:c0eaf021aeaf304faaa8b6cb5a967532e83d0c9af364ab091bb947943e31c874 15.73MB / 102.19MB 20.5s
#5 sha256:741437d97401b83849ccbfe4ed8964049b752081647d7f1ea8aea29d989f8968 3.15MB / 45.34MB 4.8s
#5 sha256:7f0334c36886bd4619e8d05ccf68003e53b0b6098b2166a216bd009dba678ed8 18.87MB / 50.06MB 21.6s
#5 sha256:d35724ed4672cc1ac62dca685634f02297e306fd1920dd76996799c00b728cbb 18.87MB / 57.62MB 21.7s
#5 sha256:741437d97401b83849ccbfe4ed8964049b752081647d7f1ea8aea29d989f8968 6.29MB / 45.34MB 8.6s
#5 sha256:c0eaf021aeaf304faaa8b6cb5a967532e83d0c9af364ab091bb947943e31c874 19.92MB / 102.19MB 25.6s
#5 sha256:d35724ed4672cc1ac62dca685634f02297e306fd1920dd76996799c00b728cbb 22.02MB / 57.62MB 25.5s
#5 sha256:7f0334c36886bd4619e8d05ccf68003e53b0b6098b2166a216bd009dba678ed8 22.02MB / 50.06MB 25.9s
#5 sha256:d35724ed4672cc1ac62dca685634f02297e306fd1920dd76996799c00b728cbb 25.17MB / 57.62MB 28.9s
#5 sha256:741437d97401b83849ccbfe4ed8964049b752081647d7f1ea8aea29d989f8968 9.44MB / 45.34MB 12.6s
#5 sha256:c0eaf021aeaf304faaa8b6cb5a967532e83d0c9af364ab091bb947943e31c874 25.17MB / 102.19MB 30.1s
#5 sha256:7f0334c36886bd4619e8d05ccf68003e53b0b6098b2166a216bd009dba678ed8 25.17MB / 50.06MB 30.0s
#5 sha256:741437d97401b83849ccbfe4ed8964049b752081647d7f1ea8aea29d989f8968 12.58MB / 45.34MB 15.9s
#5 sha256:d35724ed4672cc1ac62dca685634f02297e306fd1920dd76996799c00b728cbb 28.31MB / 57.62MB 32.5s
#5 sha256:7f0334c36886bd4619e8d05ccf68003e53b0b6098b2166a216bd009dba678ed8 28.31MB / 50.06MB 33.6s
#5 sha256:c0eaf021aeaf304faaa8b6cb5a967532e83d0c9af364ab091bb947943e31c874 29.36MB / 102.19MB 35.2s
#5 sha256:741437d97401b83849ccbfe4ed8964049b752081647d7f1ea8aea29d989f8968 15.73MB / 45.34MB 19.2s
#5 sha256:d35724ed4672cc1ac62dca685634f02297e306fd1920dd76996799c00b728cbb 31.46MB / 57.62MB 36.0s
#5 sha256:7f0334c36886bd4619e8d05ccf68003e53b0b6098b2166a216bd009dba678ed8 31.46MB / 50.06MB 36.9s
#5 sha256:741437d97401b83849ccbfe4ed8964049b752081647d7f1ea8aea29d989f8968 18.87MB / 45.34MB 22.7s
#5 sha256:d35724ed4672cc1ac62dca685634f02297e306fd1920dd76996799c00b728cbb 34.60MB / 57.62MB 39.1s
#5 sha256:7f0334c36886bd4619e8d05ccf68003e53b0b6098b2166a216bd009dba678ed8 34.60MB / 50.06MB 40.0s
#5 sha256:c0eaf021aeaf304faaa8b6cb5a967532e83d0c9af364ab091bb947943e31c874 32.51MB / 102.19MB 40.3s
#5 sha256:741437d97401b83849ccbfe4ed8964049b752081647d7f1ea8aea29d989f8968 22.02MB / 45.34MB 26.5s
#5 sha256:d35724ed4672cc1ac62dca685634f02297e306fd1920dd76996799c00b728cbb 37.75MB / 57.62MB 43.1s
#5 sha256:7f0334c36886bd4619e8d05ccf68003e53b0b6098b2166a216bd009dba678ed8 37.75MB / 50.06MB 43.1s
#5 sha256:c0eaf021aeaf304faaa8b6cb5a967532e83d0c9af364ab091bb947943e31c874 37.75MB / 102.19MB 44.2s
#5 sha256:741437d97401b83849ccbfe4ed8964049b752081647d7f1ea8aea29d989f8968 25.17MB / 45.34MB 30.0s
#5 sha256:d35724ed4672cc1ac62dca685634f02297e306fd1920dd76996799c00b728cbb 40.89MB / 57.62MB 46.7s
#5 sha256:7f0334c36886bd4619e8d05ccf68003e53b0b6098b2166a216bd009dba678ed8 40.89MB / 50.06MB 46.7s
#5 sha256:c0eaf021aeaf304faaa8b6cb5a967532e83d0c9af364ab091bb947943e31c874 41.94MB / 102.19MB 49.3s
#5 sha256:d35724ed4672cc1ac62dca685634f02297e306fd1920dd76996799c00b728cbb 44.04MB / 57.62MB 49.1s
#5 sha256:741437d97401b83849ccbfe4ed8964049b752081647d7f1ea8aea29d989f8968 28.31MB / 45.34MB 33.6s
#5 sha256:7f0334c36886bd4619e8d05ccf68003e53b0b6098b2166a216bd009dba678ed8 44.04MB / 50.06MB 50.8s
#5 sha256:741437d97401b83849ccbfe4ed8964049b752081647d7f1ea8aea29d989f8968 31.46MB / 45.34MB 36.7s
#5 sha256:d35724ed4672cc1ac62dca685634f02297e306fd1920dd76996799c00b728cbb 47.19MB / 57.62MB 53.2s
#5 sha256:c0eaf021aeaf304faaa8b6cb5a967532e83d0c9af364ab091bb947943e31c874 46.14MB / 102.19MB 54.4s
#5 sha256:7f0334c36886bd4619e8d05ccf68003e53b0b6098b2166a216bd009dba678ed8 47.19MB / 50.06MB 54.5s
#5 sha256:d35724ed4672cc1ac62dca685634f02297e306fd1920dd76996799c00b728cbb 50.33MB / 57.62MB 56.6s
#5 sha256:7f0334c36886bd4619e8d05ccf68003e53b0b6098b2166a216bd009dba678ed8 50.06MB / 50.06MB 57.1s done
#5 sha256:741437d97401b83849ccbfe4ed8964049b752081647d7f1ea8aea29d989f8968 34.60MB / 45.34MB 40.6s
#5 sha256:c0eaf021aeaf304faaa8b6cb5a967532e83d0c9af364ab091bb947943e31c874 51.38MB / 102.19MB 58.1s
#5 sha256:d35724ed4672cc1ac62dca685634f02297e306fd1920dd76996799c00b728cbb 53.48MB / 57.62MB 59.6s
#5 sha256:741437d97401b83849ccbfe4ed8964049b752081647d7f1ea8aea29d989f8968 37.75MB / 45.34MB 43.5s
#5 sha256:741437d97401b83849ccbfe4ed8964049b752081647d7f1ea8aea29d989f8968 40.89MB / 45.34MB 45.6s
#5 sha256:c0eaf021aeaf304faaa8b6cb5a967532e83d0c9af364ab091bb947943e31c874 56.62MB / 102.19MB 62.5s
#5 sha256:d35724ed4672cc1ac62dca685634f02297e306fd1920dd76996799c00b728cbb 56.62MB / 57.62MB 62.5s
#5 sha256:d35724ed4672cc1ac62dca685634f02297e306fd1920dd76996799c00b728cbb 57.62MB / 57.62MB 63.3s done
#5 sha256:741437d97401b83849ccbfe4ed8964049b752081647d7f1ea8aea29d989f8968 44.04MB / 45.34MB 48.6s
#5 sha256:741437d97401b83849ccbfe4ed8964049b752081647d7f1ea8aea29d989f8968 45.34MB / 45.34MB 49.1s done
#5 extracting sha256:741437d97401b83849ccbfe4ed8964049b752081647d7f1ea8aea29d989f8968
#5 sha256:c0eaf021aeaf304faaa8b6cb5a967532e83d0c9af364ab091bb947943e31c874 61.87MB / 102.19MB 65.8s
#5 extracting sha256:741437d97401b83849ccbfe4ed8964049b752081647d7f1ea8aea29d989f8968 1.3s done
#5 extracting sha256:34d8874714d74b636739b8a52204650a664fca8ff9741dd66810f30196f103e2
#5 extracting sha256:34d8874714d74b636739b8a52204650a664fca8ff9741dd66810f30196f103e2 0.3s done
#5 extracting sha256:0a108aa2667933b852b8d003f97b344d014fcd7e06a0c0e6e04f2d6906738388 0.1s done
#5 extracting sha256:7f0334c36886bd4619e8d05ccf68003e53b0b6098b2166a216bd009dba678ed8
#5 sha256:c0eaf021aeaf304faaa8b6cb5a967532e83d0c9af364ab091bb947943e31c874 67.11MB / 102.19MB 67.4s
#5 extracting sha256:7f0334c36886bd4619e8d05ccf68003e53b0b6098b2166a216bd009dba678ed8 1.4s done
#5 extracting sha256:d35724ed4672cc1ac62dca685634f02297e306fd1920dd76996799c00b728cbb
#5 sha256:c0eaf021aeaf304faaa8b6cb5a967532e83d0c9af364ab091bb947943e31c874 72.35MB / 102.19MB 68.8s
#5 extracting sha256:d35724ed4672cc1ac62dca685634f02297e306fd1920dd76996799c00b728cbb 0.9s done
#5 sha256:c0eaf021aeaf304faaa8b6cb5a967532e83d0c9af364ab091bb947943e31c874 77.59MB / 102.19MB 70.1s
#5 sha256:c0eaf021aeaf304faaa8b6cb5a967532e83d0c9af364ab091bb947943e31c874 82.84MB / 102.19MB 71.3s
#5 sha256:c0eaf021aeaf304faaa8b6cb5a967532e83d0c9af364ab091bb947943e31c874 88.08MB / 102.19MB 72.5s
#5 sha256:c0eaf021aeaf304faaa8b6cb5a967532e83d0c9af364ab091bb947943e31c874 93.32MB / 102.19MB 74.0s
#5 sha256:c0eaf021aeaf304faaa8b6cb5a967532e83d0c9af364ab091bb947943e31c874 98.57MB / 102.19MB 75.3s
#5 sha256:c0eaf021aeaf304faaa8b6cb5a967532e83d0c9af364ab091bb947943e31c874 102.19MB / 102.19MB 76.4s done
#5 extracting sha256:c0eaf021aeaf304faaa8b6cb5a967532e83d0c9af364ab091bb947943e31c874
#5 extracting sha256:c0eaf021aeaf304faaa8b6cb5a967532e83d0c9af364ab091bb947943e31c874 2.5s done
#5 DONE 79.0s

#5 [1/9] FROM docker.io/library/golang:1.10@sha256:6d5e79878a3e4f1b30b7aa4d24fb6ee6184e905a9b172fc72593935633be4c46
#5 extracting sha256:d3d9c96611f1f779cd0bf0d343ff910d5bc1aafb180b4e3aac7190db8269a829 0.0s done
#5 DONE 79.0s

#6 [2/9] RUN git clone https://github.com/etcd-io/etcd.git /go/src/github.com/coreos/etcd
#6 0.211 Cloning into '/go/src/github.com/coreos/etcd'...
#6 DONE 34.8s

#7 [3/9] WORKDIR /go/src/github.com/coreos/etcd
#7 DONE 0.0s

#8 [4/9] RUN git reset --hard 9ed3b446cadd9f43734d9eed9dcb03f3b12567a5
#8 0.594 HEAD is now at 9ed3b446c Merge pull request #5509 from heyitsanthony/clientv3-fix-concurrent-close
#8 DONE 0.6s

#9 [5/9] COPY ./bug_patch.diff github.com/coreos/etcd/bug_patch.diff
#9 DONE 0.0s

#10 [6/9] RUN git apply github.com/coreos/etcd/bug_patch.diff
#10 0.226 github.com/coreos/etcd/bug_patch.diff:17: trailing whitespace.
#10 0.226 		r.mu.Lock()
#10 0.226 github.com/coreos/etcd/bug_patch.diff:27: trailing whitespace.
#10 0.226 		if match {
#10 0.226 github.com/coreos/etcd/bug_patch.diff:28: trailing whitespace.
#10 0.226 			return nil
#10 0.226 github.com/coreos/etcd/bug_patch.diff:29: trailing whitespace.
#10 0.226 		}
#10 0.226 github.com/coreos/etcd/bug_patch.diff:30: trailing whitespace.
#10 0.226 		r.client.mu.RUnlock()
#10 0.226 error: patch failed: clientv3/remote_client.go:80
#10 0.227 error: clientv3/remote_client.go: patch does not apply
#10 ERROR: process "/bin/sh -c git apply github.com/coreos/etcd/bug_patch.diff" did not complete successfully: exit code: 1
------
 > [6/9] RUN git apply github.com/coreos/etcd/bug_patch.diff:
rror: patch failed: clientv3/remote_client.go:80
0.227 error: clientv3/remote_client.go: patch does not apply
------
bug.Dockerfile:15
--------------------
  13 |     # Apply the revert patch to this bug
  14 |     COPY ./bug_patch.diff github.com/coreos/etcd/bug_patch.diff
  15 | >>> RUN git apply github.com/coreos/etcd/bug_patch.diff
  16 |     
  17 |     # Pred-build
--------------------
ERROR: failed to build: failed to solve: process "/bin/sh -c git apply github.com/coreos/etcd/bug_patch.diff" did not complete successfully: exit code: 1
