#0 building with "desktop-linux" instance using docker driver

#1 [internal] load build definition from bug.Dockerfile
#1 transferring dockerfile: 911B done
#1 DONE 0.0s

#2 [internal] load metadata for docker.io/library/golang:1.10
#2 DONE 0.6s

#3 [internal] load .dockerignore
#3 transferring context: 2B done
#3 DONE 0.0s

#4 [1/9] FROM docker.io/library/golang:1.10@sha256:6d5e79878a3e4f1b30b7aa4d24fb6ee6184e905a9b172fc72593935633be4c46
#4 resolve docker.io/library/golang:1.10@sha256:6d5e79878a3e4f1b30b7aa4d24fb6ee6184e905a9b172fc72593935633be4c46 0.0s done
#4 DONE 0.0s

#5 [internal] load build context
#5 transferring context: 884B done
#5 DONE 0.0s

#6 [2/9] RUN git clone https://github.com/etcd-io/etcd.git /go/src/github.com/coreos/etcd
#6 CACHED

#7 [3/9] WORKDIR /go/src/github.com/coreos/etcd
#7 CACHED

#8 [4/9] RUN git reset --hard 9ed3b446cadd9f43734d9eed9dcb03f3b12567a5
#8 CACHED

#9 [5/9] COPY ./bug_patch.diff github.com/coreos/etcd/bug_patch.diff
#9 DONE 0.0s

#10 [6/9] RUN git apply github.com/coreos/etcd/bug_patch.diff
#10 DONE 0.2s

#11 [7/9] RUN sed -i '167s/fmt_tests/# fmt_tests/' test &&     sed -i '170s/unit_tests/# unit_tests/' test &&     sed -i '73,74d' test &&     sed -i '72 igo test \${REPO_PATH}/clientv3/integration -c -o /go/gobench.test' test &&     sed -i '73 iexit 0' test &&     sed -i '66,71d' test
#11 DONE 0.2s

#12 [8/9] RUN INTEGRATION=1 ./test
#12 0.721 errors
#12 0.722 math/bits
#12 0.722 encoding
#12 0.722 unicode/utf8
#12 0.723 runtime/internal/sys
#12 0.723 container/list
#12 0.724 internal/race
#12 0.725 vendor/golang_org/x/crypto/cryptobyte/asn1
#12 0.725 crypto/subtle
#12 0.725 unicode
#12 0.726 internal/nettrace
#12 0.727 runtime/internal/atomic
#12 0.727 vendor/golang_org/x/crypto/curve25519
#12 0.728 crypto/internal/cipherhw
#12 0.728 sync/atomic
#12 0.729 internal/cpu
#12 0.733 unicode/utf16
#12 0.735 github.com/coreos/etcd/cmd/vendor/google.golang.org/grpc/internal
#12 0.738 github.com/coreos/etcd/cmd/vendor/google.golang.org/grpc/naming
#12 0.740 github.com/coreos/etcd/cmd/vendor/github.com/inconshreveable/mousetrap
#12 0.746 vendor/golang_org/x/crypto/poly1305
#12 0.753 internal/testlog
#12 0.757 math
#12 0.759 runtime
#12 0.811 github.com/coreos/etcd/cmd/vendor/github.com/shurcooL/sanitized_anchor_name
#12 0.857 github.com/coreos/etcd/cmd/vendor/github.com/coreos/etcd/pkg/adt
#12 0.857 strconv
#12 0.899 crypto/rc4
#12 0.899 github.com/coreos/etcd/cmd/vendor/golang.org/x/crypto/blowfish
#12 1.164 sync
#12 1.185 io
#12 1.186 reflect
#12 1.186 internal/singleflight
#12 1.186 math/rand
#12 1.186 syscall
#12 1.214 hash
#12 1.214 bytes
#12 1.214 crypto/cipher
#12 1.214 strings
#12 1.215 runtime/trace
#12 1.226 crypto
#12 1.226 crypto/hmac
#12 1.227 hash/crc32
#12 1.227 hash/fnv
#12 1.245 crypto/sha512
#12 1.245 crypto/md5
#12 1.245 crypto/sha1
#12 1.245 crypto/sha256
#12 1.270 crypto/aes
#12 1.272 github.com/coreos/etcd/cmd/vendor/github.com/coreos/etcd/pkg/crc
#12 1.281 bufio
#12 1.282 vendor/golang_org/x/text/transform
#12 1.293 text/tabwriter
#12 1.312 path
#12 1.313 html
#12 1.335 github.com/coreos/etcd/cmd/vendor/github.com/coreos/etcd/pkg/pathutil
#12 1.344 internal/syscall/unix
#12 1.344 time
#12 1.417 github.com/coreos/etcd/cmd/vendor/github.com/jonboulle/clockwork
#12 1.417 github.com/coreos/etcd/cmd/vendor/github.com/coreos/etcd/pkg/contention
#12 1.417 github.com/coreos/etcd/cmd/vendor/github.com/coreos/etcd/pkg/idutil
#12 1.417 internal/poll
#12 1.433 encoding/binary
#12 1.433 sort
#12 1.454 os
#12 1.459 github.com/coreos/etcd/cmd/vendor/github.com/beorn7/perks/quantile
#12 1.459 container/heap
#12 1.459 github.com/coreos/etcd/cmd/vendor/bitbucket.org/ww/goautoneg
#12 1.459 regexp/syntax
#12 1.471 vendor/golang_org/x/crypto/chacha20poly1305/internal/chacha20
#12 1.471 encoding/base64
#12 1.471 crypto/des
#12 1.489 vendor/golang_org/x/crypto/chacha20poly1305
#12 1.497 encoding/pem
#12 1.521 runtime/debug
#12 1.521 path/filepath
#12 1.521 os/signal
#12 1.522 fmt
#12 1.523 github.com/coreos/etcd/cmd/vendor/github.com/coreos/go-systemd/util
#12 1.538 regexp
#12 1.552 io/ioutil
#12 1.578 github.com/coreos/etcd/cmd/vendor/github.com/coreos/etcd/pkg/runtime
#12 1.595 encoding/hex
#12 1.595 context
#12 1.595 net/url
#12 1.596 math/big
#12 1.597 flag
#12 1.597 encoding/json
#12 1.597 log
#12 1.597 github.com/coreos/etcd/cmd/vendor/golang.org/x/net/http2/hpack
#12 1.598 compress/flate
#12 1.598 vendor/golang_org/x/net/http2/hpack
#12 1.598 mime
#12 1.598 mime/quotedprintable
#12 1.598 net/http/internal
#12 1.599 go/token
#12 1.600 vendor/golang_org/x/text/unicode/norm
#12 1.607 encoding/gob
#12 1.647 text/template/parse
#12 1.653 github.com/coreos/etcd/cmd/vendor/golang.org/x/net/context
#12 1.664 vendor/golang_org/x/text/unicode/bidi
#12 1.679 github.com/coreos/etcd/cmd/vendor/golang.org/x/net/internal/timeseries
#12 1.688 github.com/coreos/etcd/cmd/vendor/google.golang.org/grpc/codes
#12 1.689 github.com/coreos/etcd/cmd/vendor/google.golang.org/grpc/grpclog
#12 1.695 net
#12 1.702 github.com/coreos/etcd/cmd/vendor/github.com/boltdb/bolt
#12 1.706 github.com/coreos/etcd/cmd/vendor/github.com/google/btree
#12 1.712 os/exec
#12 1.714 github.com/coreos/etcd/cmd/vendor/github.com/coreos/go-semver/semver
#12 1.717 github.com/coreos/etcd/cmd/vendor/google.golang.org/grpc/metadata
#12 1.731 github.com/coreos/etcd/cmd/vendor/github.com/coreos/etcd/pkg/schedule
#12 1.750 go/scanner
#12 1.751 github.com/coreos/etcd/cmd/vendor/github.com/coreos/etcd/pkg/wait
#12 1.752 encoding/csv
#12 1.787 github.com/coreos/etcd/cmd/vendor/gopkg.in/yaml.v2
#12 1.795 github.com/coreos/etcd/cmd/vendor/github.com/russross/blackfriday
#12 1.838 compress/gzip
#12 1.848 vendor/golang_org/x/text/secure/bidirule
#12 1.892 github.com/coreos/etcd/cmd/vendor/github.com/gogo/protobuf/proto
#12 1.893 github.com/coreos/etcd/cmd/vendor/github.com/golang/protobuf/proto
#12 1.895 github.com/coreos/etcd/cmd/vendor/github.com/prometheus/common/model
#12 1.899 go/ast
#12 1.905 runtime/pprof
#12 1.907 text/template
#12 1.913 vendor/golang_org/x/net/idna
#12 1.967 encoding/asn1
#12 1.969 crypto/rand
#12 1.970 crypto/dsa
#12 1.976 crypto/elliptic
#12 2.005 github.com/coreos/etcd/cmd/vendor/github.com/cpuguy83/go-md2man/md2man
#12 2.075 crypto/rsa
#12 2.076 crypto/x509/pkix
#12 2.076 vendor/golang_org/x/crypto/cryptobyte
#12 2.079 github.com/coreos/etcd/cmd/vendor/golang.org/x/crypto/bcrypt
#12 2.130 go/parser
#12 2.137 go/printer
#12 2.141 html/template
#12 2.155 crypto/ecdsa
#12 2.161 github.com/coreos/etcd/cmd/vendor/github.com/ghodss/yaml
#12 2.220 github.com/coreos/etcd/cmd/vendor/github.com/prometheus/client_model/go
#12 2.220 github.com/coreos/etcd/cmd/vendor/github.com/matttproud/golang_protobuf_extensions/pbutil
#12 2.244 github.com/coreos/etcd/cmd/vendor/github.com/coreos/etcd/auth/authpb
#12 2.244 github.com/coreos/etcd/cmd/vendor/github.com/coreos/etcd/mvcc/mvccpb
#12 2.245 github.com/coreos/etcd/cmd/vendor/github.com/coreos/etcd/lease/leasepb
#12 2.246 github.com/coreos/etcd/cmd/vendor/github.com/coreos/etcd/raft/raftpb
#12 2.246 github.com/coreos/etcd/cmd/vendor/github.com/coreos/etcd/snap/snappb
#12 2.247 github.com/coreos/etcd/cmd/vendor/github.com/coreos/etcd/wal/walpb
#12 2.270 go/format
#12 2.295 vendor/golang_org/x/net/lex/httplex
#12 2.295 vendor/golang_org/x/net/proxy
#12 2.295 net/textproto
#12 2.295 github.com/coreos/etcd/cmd/vendor/github.com/coreos/etcd/pkg/types
#12 2.295 crypto/x509
#12 2.295 github.com/coreos/etcd/cmd/vendor/github.com/coreos/go-systemd/journal
#12 2.296 log/syslog
#12 2.297 github.com/coreos/etcd/cmd/vendor/github.com/prometheus/procfs
#12 2.297 github.com/coreos/etcd/cmd/vendor/github.com/coreos/go-systemd/daemon
#12 2.298 github.com/coreos/etcd/cmd/vendor/github.com/spf13/pflag
#12 2.308 github.com/coreos/etcd/cmd/vendor/github.com/coreos/etcd/raft
#12 2.345 github.com/coreos/etcd/cmd/vendor/github.com/coreos/pkg/capnslog
#12 2.361 mime/multipart
#12 2.410 github.com/coreos/etcd/cmd/vendor/github.com/coreos/etcd/pkg/netutil
#12 2.410 github.com/coreos/etcd/cmd/vendor/github.com/coreos/etcd/pkg/fileutil
#12 2.412 github.com/coreos/etcd/cmd/vendor/github.com/coreos/etcd/pkg/pbutil
#12 2.413 github.com/coreos/etcd/cmd/vendor/github.com/coreos/etcd/pkg/logutil
#12 2.413 github.com/coreos/etcd/cmd/vendor/github.com/coreos/etcd/pkg/osutil
#12 2.413 github.com/coreos/etcd/cmd/vendor/github.com/coreos/etcd/proxy/tcpproxy
#12 2.420 github.com/coreos/etcd/cmd/vendor/github.com/spf13/cobra
#12 2.437 github.com/coreos/etcd/cmd/vendor/github.com/coreos/etcd/etcdserver/stats
#12 2.457 github.com/coreos/etcd/cmd/vendor/github.com/coreos/etcd/version
#12 2.457 github.com/coreos/etcd/cmd/vendor/github.com/coreos/etcd/pkg/ioutil
#12 2.460 crypto/tls
#12 2.574 net/http/httptrace
#12 2.574 github.com/coreos/etcd/cmd/vendor/github.com/coreos/etcd/pkg/tlsutil
#12 2.574 github.com/coreos/etcd/cmd/vendor/google.golang.org/grpc/credentials
#12 2.596 net/http
#12 2.600 github.com/coreos/etcd/cmd/vendor/google.golang.org/grpc/peer
#12 2.963 expvar
#12 2.963 net/rpc
#12 2.964 github.com/coreos/etcd/cmd/vendor/golang.org/x/net/trace
#12 2.964 github.com/coreos/etcd/cmd/vendor/github.com/prometheus/common/expfmt
#12 2.964 github.com/coreos/etcd/cmd/vendor/golang.org/x/net/http2
#12 2.965 github.com/coreos/etcd/cmd/vendor/github.com/coreos/etcd/etcdserver/api/v2http/httptypes
#12 2.965 github.com/coreos/etcd/cmd/vendor/github.com/coreos/etcd/error
#12 2.966 github.com/coreos/etcd/cmd/vendor/github.com/coreos/etcd/pkg/httputil
#12 2.967 github.com/coreos/etcd/cmd/vendor/github.com/xiang90/probing
#12 2.967 net/http/pprof
#12 2.967 github.com/coreos/etcd/cmd/vendor/github.com/coreos/etcd/pkg/transport
#12 2.969 github.com/coreos/etcd/cmd/vendor/github.com/coreos/etcd/pkg/cors
#12 3.066 github.com/coreos/etcd/cmd/vendor/github.com/prometheus/client_golang/prometheus
#12 3.067 github.com/coreos/etcd/cmd/vendor/github.com/coreos/etcd/pkg/flags
#12 3.068 github.com/coreos/etcd/cmd/vendor/github.com/ugorji/go/codec
#12 3.193 github.com/coreos/etcd/cmd/vendor/github.com/coreos/etcd/mvcc/backend
#12 3.193 github.com/coreos/etcd/cmd/vendor/github.com/coreos/etcd/snap
#12 3.193 github.com/coreos/etcd/cmd/vendor/github.com/coreos/etcd/wal
#12 3.193 github.com/coreos/etcd/cmd/vendor/github.com/coreos/etcd/store
#12 3.195 github.com/coreos/etcd/cmd/vendor/github.com/cockroachdb/cmux
#12 3.196 github.com/coreos/etcd/cmd/vendor/github.com/coreos/etcd/proxy/httpproxy
#12 3.196 github.com/coreos/etcd/cmd/vendor/google.golang.org/grpc/transport
#12 3.232 github.com/coreos/etcd/cmd/vendor/github.com/coreos/etcd/rafthttp
#12 3.273 github.com/coreos/etcd/cmd/vendor/github.com/coreos/etcd/lease
#12 3.284 github.com/coreos/etcd/cmd/vendor/github.com/coreos/etcd/etcdserver/membership
#12 3.300 github.com/coreos/etcd/cmd/vendor/github.com/coreos/etcd/mvcc
#12 3.335 github.com/coreos/etcd/cmd/vendor/google.golang.org/grpc
#12 3.427 github.com/coreos/etcd/cmd/vendor/github.com/coreos/etcd/etcdserver/api/v3rpc/rpctypes
#12 3.428 github.com/coreos/etcd/cmd/vendor/github.com/coreos/etcd/etcdserver/etcdserverpb
#12 3.696 github.com/coreos/etcd/cmd/vendor/github.com/coreos/etcd/alarm
#12 3.696 github.com/coreos/etcd/cmd/vendor/github.com/coreos/etcd/auth
#12 3.696 github.com/coreos/etcd/cmd/vendor/github.com/coreos/etcd/compactor
#12 3.696 github.com/coreos/etcd/cmd/vendor/github.com/coreos/etcd/lease/leasehttp
#12 4.089 github.com/coreos/etcd/cmd/vendor/github.com/coreos/etcd/client
#12 4.194 github.com/coreos/etcd/cmd/vendor/github.com/coreos/etcd/discovery
#12 4.237 github.com/coreos/etcd/cmd/vendor/github.com/coreos/etcd/etcdserver
#12 4.407 github.com/coreos/etcd/cmd/vendor/github.com/coreos/etcd/etcdserver/api
#12 4.407 github.com/coreos/etcd/cmd/vendor/github.com/coreos/etcd/etcdserver/auth
#12 4.440 github.com/coreos/etcd/cmd/vendor/github.com/coreos/etcd/etcdserver/api/v3rpc
#12 4.470 github.com/coreos/etcd/cmd/vendor/github.com/coreos/etcd/etcdserver/api/v2http
#12 4.582 github.com/coreos/etcd/cmd/vendor/github.com/coreos/etcd/etcdmain
#12 4.687 github.com/coreos/etcd/cmd
#12 5.420 errors
#12 5.421 internal/race
#12 5.422 runtime/internal/sys
#12 5.424 unicode/utf8
#12 5.424 unicode/utf16
#12 5.424 sync/atomic
#12 5.425 container/list
#12 5.426 unicode
#12 5.427 crypto/internal/cipherhw
#12 5.427 math/bits
#12 5.427 encoding
#12 5.427 crypto/subtle
#12 5.428 internal/nettrace
#12 5.429 runtime/internal/atomic
#12 5.430 vendor/golang_org/x/crypto/cryptobyte/asn1
#12 5.433 internal/cpu
#12 5.438 github.com/coreos/etcd/cmd/vendor/google.golang.org/grpc/internal
#12 5.440 vendor/golang_org/x/crypto/curve25519
#12 5.450 github.com/coreos/etcd/cmd/vendor/google.golang.org/grpc/naming
#12 5.451 github.com/coreos/etcd/cmd/vendor/github.com/inconshreveable/mousetrap
#12 5.454 vendor/golang_org/x/crypto/poly1305
#12 5.460 internal/testlog
#12 5.466 math
#12 5.467 runtime
#12 5.522 github.com/coreos/etcd/cmd/vendor/github.com/shurcooL/sanitized_anchor_name
#12 5.578 github.com/coreos/etcd/cmd/vendor/github.com/coreos/etcd/pkg/adt
#12 5.578 strconv
#12 5.640 crypto/rc4
#12 5.640 github.com/coreos/etcd/cmd/vendor/golang.org/x/crypto/blowfish
#12 5.974 sync
#12 5.995 io
#12 5.995 internal/singleflight
#12 5.995 reflect
#12 5.996 syscall
#12 5.996 math/rand
#12 6.031 hash
#12 6.031 strings
#12 6.032 bytes
#12 6.032 crypto/cipher
#12 6.043 crypto
#12 6.043 hash/crc32
#12 6.045 crypto/hmac
#12 6.045 hash/fnv
#12 6.060 crypto/sha512
#12 6.060 crypto/md5
#12 6.064 crypto/sha1
#12 6.065 crypto/sha256
#12 6.088 crypto/aes
#12 6.124 github.com/coreos/etcd/cmd/vendor/github.com/coreos/etcd/pkg/crc
#12 6.133 path
#12 6.134 html
#12 6.134 bufio
#12 6.136 text/tabwriter
#12 6.137 vendor/golang_org/x/text/transform
#12 6.184 github.com/coreos/etcd/cmd/vendor/github.com/coreos/etcd/pkg/pathutil
#12 6.220 time
#12 6.221 internal/syscall/unix
#12 6.327 github.com/coreos/etcd/cmd/vendor/github.com/coreos/etcd/pkg/idutil
#12 6.327 github.com/coreos/etcd/cmd/vendor/github.com/jonboulle/clockwork
#12 6.327 github.com/coreos/etcd/cmd/vendor/github.com/coreos/etcd/pkg/contention
#12 6.327 internal/poll
#12 6.335 encoding/binary
#12 6.335 sort
#12 6.391 github.com/coreos/etcd/cmd/vendor/github.com/beorn7/perks/quantile
#12 6.393 container/heap
#12 6.393 regexp/syntax
#12 6.396 github.com/coreos/etcd/cmd/vendor/bitbucket.org/ww/goautoneg
#12 6.398 os
#12 6.421 crypto/des
#12 6.423 vendor/golang_org/x/crypto/chacha20poly1305/internal/chacha20
#12 6.424 encoding/base64
#12 6.460 vendor/golang_org/x/crypto/chacha20poly1305
#12 6.504 encoding/pem
#12 6.548 fmt
#12 6.551 path/filepath
#12 6.551 os/signal
#12 6.551 runtime/debug
#12 6.602 regexp
#12 6.636 io/ioutil
#12 6.677 github.com/coreos/etcd/cmd/vendor/github.com/coreos/etcd/pkg/runtime
#12 6.745 flag
#12 6.746 text/template/parse
#12 6.746 net/url
#12 6.747 encoding/json
#12 6.748 github.com/coreos/etcd/cmd/vendor/github.com/bgentry/speakeasy
#12 6.749 context
#12 6.752 go/token
#12 6.752 log
#12 6.754 encoding/hex
#12 6.756 mime
#12 6.757 encoding/gob
#12 6.757 math/big
#12 6.762 compress/flate
#12 6.762 vendor/golang_org/x/net/http2/hpack
#12 6.764 vendor/golang_org/x/text/unicode/norm
#12 6.796 mime/quotedprintable
#12 6.839 net/http/internal
#12 6.887 vendor/golang_org/x/text/unicode/bidi
#12 6.896 net
#12 6.898 go/scanner
#12 6.904 github.com/coreos/etcd/cmd/vendor/golang.org/x/net/context
#12 6.909 github.com/coreos/etcd/cmd/vendor/golang.org/x/net/http2/hpack
#12 6.920 github.com/coreos/etcd/cmd/vendor/golang.org/x/net/internal/timeseries
#12 6.940 github.com/coreos/etcd/cmd/vendor/google.golang.org/grpc/codes
#12 6.953 github.com/coreos/etcd/cmd/vendor/google.golang.org/grpc/grpclog
#12 6.964 os/exec
#12 6.965 github.com/coreos/etcd/cmd/vendor/github.com/boltdb/bolt
#12 7.018 github.com/coreos/etcd/cmd/vendor/gopkg.in/yaml.v2
#12 7.042 github.com/coreos/etcd/cmd/vendor/github.com/google/btree
#12 7.043 github.com/coreos/etcd/cmd/vendor/github.com/coreos/go-semver/semver
#12 7.058 text/template
#12 7.060 github.com/coreos/etcd/cmd/vendor/github.com/coreos/etcd/pkg/wait
#12 7.105 github.com/coreos/etcd/cmd/vendor/google.golang.org/grpc/metadata
#12 7.108 github.com/coreos/etcd/cmd/vendor/golang.org/x/time/rate
#12 7.116 go/ast
#12 7.144 github.com/coreos/etcd/cmd/vendor/github.com/coreos/etcd/pkg/schedule
#12 7.161 encoding/csv
#12 7.180 github.com/coreos/etcd/cmd/vendor/github.com/mattn/go-runewidth
#12 7.187 github.com/coreos/etcd/cmd/vendor/github.com/russross/blackfriday
#12 7.213 compress/gzip
#12 7.252 vendor/golang_org/x/text/secure/bidirule
#12 7.257 github.com/coreos/etcd/cmd/vendor/github.com/golang/protobuf/proto
#12 7.260 github.com/coreos/etcd/cmd/vendor/github.com/prometheus/common/model
#12 7.277 github.com/coreos/etcd/cmd/vendor/github.com/gogo/protobuf/proto
#12 7.301 github.com/coreos/etcd/cmd/vendor/github.com/olekukonko/tablewriter
#12 7.362 vendor/golang_org/x/net/idna
#12 7.459 crypto/rand
#12 7.460 crypto/elliptic
#12 7.461 encoding/asn1
#12 7.464 crypto/dsa
#12 7.469 github.com/coreos/etcd/cmd/vendor/github.com/dustin/go-humanize
#12 7.469 go/parser
#12 7.469 go/printer
#12 7.541 html/template
#12 7.552 github.com/coreos/etcd/cmd/vendor/github.com/cpuguy83/go-md2man/md2man
#12 7.553 github.com/coreos/etcd/cmd/vendor/github.com/codegangsta/cli
#12 7.592 crypto/rsa
#12 7.594 github.com/coreos/etcd/cmd/vendor/golang.org/x/crypto/bcrypt
#12 7.758 crypto/ecdsa
#12 7.759 crypto/x509/pkix
#12 7.759 vendor/golang_org/x/crypto/cryptobyte
#12 7.796 github.com/coreos/etcd/cmd/vendor/github.com/ghodss/yaml
#12 7.805 go/format
#12 7.821 github.com/coreos/etcd/cmd/vendor/github.com/prometheus/client_model/go
#12 7.822 github.com/coreos/etcd/cmd/vendor/github.com/matttproud/golang_protobuf_extensions/pbutil
#12 7.823 github.com/coreos/etcd/cmd/vendor/github.com/coreos/etcd/pkg/types
#12 7.834 vendor/golang_org/x/net/lex/httplex
#12 7.834 vendor/golang_org/x/net/proxy
#12 7.835 github.com/coreos/etcd/cmd/vendor/github.com/spf13/pflag
#12 7.836 github.com/coreos/etcd/cmd/vendor/github.com/prometheus/procfs
#12 7.836 log/syslog
#12 7.836 net/textproto
#12 7.836 github.com/coreos/etcd/cmd/vendor/github.com/coreos/go-systemd/journal
#12 7.882 crypto/x509
#12 7.883 github.com/coreos/etcd/cmd/vendor/github.com/coreos/etcd/auth/authpb
#12 7.883 github.com/coreos/etcd/cmd/vendor/github.com/coreos/etcd/raft/raftpb
#12 7.883 github.com/coreos/etcd/cmd/vendor/github.com/coreos/etcd/mvcc/mvccpb
#12 7.886 github.com/coreos/etcd/cmd/vendor/github.com/coreos/etcd/snap/snappb
#12 7.886 github.com/coreos/etcd/cmd/vendor/github.com/coreos/etcd/wal/walpb
#12 7.886 github.com/coreos/etcd/cmd/vendor/github.com/coreos/etcd/lease/leasepb
#12 7.924 github.com/coreos/etcd/cmd/vendor/github.com/coreos/pkg/capnslog
#12 7.927 mime/multipart
#12 7.985 github.com/coreos/etcd/cmd/vendor/github.com/coreos/etcd/raft
#12 8.000 github.com/coreos/etcd/cmd/vendor/github.com/coreos/etcd/pkg/pbutil
#12 8.000 github.com/coreos/etcd/cmd/vendor/github.com/coreos/etcd/pkg/fileutil
#12 8.000 github.com/coreos/etcd/cmd/vendor/github.com/coreos/etcd/pkg/netutil
#12 8.002 github.com/coreos/etcd/cmd/vendor/github.com/coreos/etcd/pkg/logutil
#12 8.015 github.com/coreos/etcd/cmd/vendor/github.com/spf13/cobra
#12 8.061 github.com/coreos/etcd/cmd/vendor/github.com/coreos/etcd/version
#12 8.061 github.com/coreos/etcd/cmd/vendor/github.com/coreos/etcd/pkg/ioutil
#12 8.083 crypto/tls
#12 8.100 github.com/coreos/etcd/cmd/vendor/github.com/coreos/etcd/etcdserver/stats
#12 8.208 net/http/httptrace
#12 8.208 github.com/coreos/etcd/cmd/vendor/google.golang.org/grpc/credentials
#12 8.208 github.com/coreos/etcd/cmd/vendor/github.com/coreos/etcd/pkg/tlsutil
#12 8.229 net/http
#12 8.236 github.com/coreos/etcd/cmd/vendor/google.golang.org/grpc/peer
#12 8.632 net/rpc
#12 8.633 github.com/coreos/etcd/cmd/vendor/github.com/coreos/etcd/error
#12 8.633 github.com/coreos/etcd/cmd/vendor/github.com/coreos/etcd/pkg/httputil
#12 8.633 github.com/coreos/etcd/cmd/vendor/golang.org/x/net/trace
#12 8.633 github.com/coreos/etcd/cmd/vendor/github.com/coreos/etcd/pkg/transport
#12 8.633 expvar
#12 8.633 github.com/coreos/etcd/cmd/vendor/github.com/coreos/etcd/etcdserver/api/v2http/httptypes
#12 8.633 github.com/coreos/etcd/cmd/vendor/github.com/prometheus/common/expfmt
#12 8.633 github.com/coreos/etcd/cmd/vendor/golang.org/x/net/http2
#12 8.639 github.com/coreos/etcd/cmd/vendor/github.com/xiang90/probing
#12 8.754 github.com/coreos/etcd/cmd/vendor/github.com/ugorji/go/codec
#12 8.754 github.com/coreos/etcd/cmd/vendor/github.com/coreos/etcd/pkg/flags
#12 8.781 github.com/coreos/etcd/cmd/vendor/github.com/prometheus/client_golang/prometheus
#12 8.965 github.com/coreos/etcd/cmd/vendor/google.golang.org/grpc/transport
#12 8.973 github.com/coreos/etcd/cmd/vendor/github.com/coreos/etcd/wal
#12 8.973 github.com/coreos/etcd/cmd/vendor/github.com/coreos/etcd/store
#12 8.973 github.com/coreos/etcd/cmd/vendor/github.com/coreos/etcd/snap
#12 8.979 github.com/coreos/etcd/cmd/vendor/github.com/coreos/etcd/mvcc/backend
#12 9.031 github.com/coreos/etcd/cmd/vendor/github.com/coreos/etcd/rafthttp
#12 9.059 github.com/coreos/etcd/cmd/vendor/github.com/coreos/etcd/lease
#12 9.085 github.com/coreos/etcd/cmd/vendor/github.com/coreos/etcd/etcdserver/membership
#12 9.110 github.com/coreos/etcd/cmd/vendor/github.com/coreos/etcd/mvcc
#12 9.146 github.com/coreos/etcd/cmd/vendor/google.golang.org/grpc
#12 9.284 github.com/coreos/etcd/cmd/vendor/github.com/coreos/etcd/etcdserver/api/v3rpc/rpctypes
#12 9.284 github.com/coreos/etcd/cmd/vendor/github.com/coreos/etcd/etcdserver/etcdserverpb
#12 9.663 github.com/coreos/etcd/cmd/vendor/github.com/coreos/etcd/alarm
#12 9.663 github.com/coreos/etcd/cmd/vendor/github.com/coreos/etcd/auth
#12 9.664 github.com/coreos/etcd/cmd/vendor/github.com/coreos/etcd/clientv3
#12 9.664 github.com/coreos/etcd/cmd/vendor/github.com/coreos/etcd/compactor
#12 9.665 github.com/coreos/etcd/cmd/vendor/github.com/coreos/etcd/lease/leasehttp
#12 9.809 github.com/coreos/etcd/cmd/vendor/github.com/coreos/etcd/clientv3/mirror
#12 9.809 github.com/coreos/etcd/cmd/vendor/github.com/coreos/etcd/clientv3/concurrency
#12 10.09 github.com/coreos/etcd/cmd/vendor/github.com/coreos/etcd/client
#12 10.19 github.com/coreos/etcd/cmd/vendor/github.com/coreos/etcd/discovery
#12 10.19 github.com/coreos/etcd/cmd/vendor/github.com/coreos/etcd/etcdctl/ctlv2/command
#12 10.24 github.com/coreos/etcd/cmd/vendor/github.com/coreos/etcd/etcdserver
#12 10.29 github.com/coreos/etcd/cmd/vendor/github.com/coreos/etcd/etcdctl/ctlv2
#12 10.42 github.com/coreos/etcd/cmd/vendor/github.com/coreos/etcd/etcdctl/ctlv3/command
#12 10.56 github.com/coreos/etcd/cmd/vendor/github.com/coreos/etcd/etcdctl/ctlv3
#12 10.58 github.com/coreos/etcd/cmd/etcdctl
#12 11.19 Checking package dependencies...
#12 11.26 Running integration tests...
#12 DONE 15.6s

#13 [9/9] WORKDIR /go/src/github.com/coreos/etcd/./clientv3/integration
#13 DONE 0.0s

#14 exporting to image
#14 exporting layers
#14 exporting layers 3.4s done
#14 exporting manifest sha256:164c7a005cd4bdc931f6d64d231d7a79b9353792a71cfac1d30cbaf580acd2f6 0.0s done
#14 exporting config sha256:a2977ec2a1b40f01eee17403e202ec4f28e756af250b3cf0552ec8aeab6096d3 done
#14 exporting attestation manifest sha256:47747303a5c869f599edf639b54afc80fa9755c2f71441648ca39bd489053fdf 0.0s done
#14 exporting manifest list sha256:399e13203fc432de8a91473df1e91a64ea2ab1afecdb906166033d86f51589c6 done
#14 naming to docker.io/library/etcd5509-bug:latest done
#14 unpacking to docker.io/library/etcd5509-bug:latest
#14 unpacking to docker.io/library/etcd5509-bug:latest 1.8s done
#14 DONE 5.3s
BUG_EXIT:0
