#0 building with "desktop-linux" instance using docker driver

#1 [internal] load build definition from fix.Dockerfile
#1 transferring dockerfile: 837B done
#1 DONE 0.0s

#2 [internal] load metadata for docker.io/library/golang:1.13
#2 DONE 1.5s

#3 [internal] load .dockerignore
#3 transferring context: 2B done
#3 DONE 0.0s

#4 [1/6] FROM docker.io/library/golang:1.13@sha256:8ebb6d5a48deef738381b56b1d4cd33d99a5d608e0d03c5fe8dfa3f68d41a1f8
#4 resolve docker.io/library/golang:1.13@sha256:8ebb6d5a48deef738381b56b1d4cd33d99a5d608e0d03c5fe8dfa3f68d41a1f8 0.0s done
#4 CACHED

#5 [2/6] RUN git init -q /go/src/google.golang.org/grpc
#5 DONE 0.4s

#6 [3/6] WORKDIR /go/src/google.golang.org/grpc
#6 DONE 0.0s

#7 [4/6] RUN git remote add origin https://github.com/grpc/grpc-go.git &&     git fetch -q --depth 1 origin ff2aa05958775030998dbe2f9bccbe2af324adf4 &&     git checkout -q FETCH_HEAD
#7 DONE 2.3s

#8 [5/6] RUN go test ./test -c -o /go/gobench.test
#8 0.928 go: downloading golang.org/x/net v0.0.0-20180826012351-8a410e7b638d
#8 0.936 go: downloading github.com/golang/protobuf v1.2.0
#8 0.937 go: downloading google.golang.org/genproto v0.0.0-20180817151627-c66870c02cf8
#8 1.015 go: downloading golang.org/x/sys v0.0.0-20180830151530-49385e6e1522
#8 1.392 go: extracting golang.org/x/net v0.0.0-20180826012351-8a410e7b638d
#8 1.482 go: downloading github.com/golang/glog v0.0.0-20160126235308-23def4e6c14b
#8 1.496 go: downloading golang.org/x/text v0.3.0
#8 1.612 go: extracting github.com/golang/protobuf v1.2.0
#8 2.185 go: extracting google.golang.org/genproto v0.0.0-20180817151627-c66870c02cf8
#8 2.279 go: extracting github.com/golang/glog v0.0.0-20160126235308-23def4e6c14b
#8 2.317 go: extracting golang.org/x/sys v0.0.0-20180830151530-49385e6e1522
#8 4.488 go: extracting golang.org/x/text v0.3.0
#8 4.657 go: finding golang.org/x/net v0.0.0-20180826012351-8a410e7b638d
#8 4.727 go: finding golang.org/x/text v0.3.0
#8 4.784 go: finding google.golang.org/genproto v0.0.0-20180817151627-c66870c02cf8
#8 4.785 go: finding github.com/golang/protobuf v1.2.0
#8 4.786 go: finding github.com/golang/glog v0.0.0-20160126235308-23def4e6c14b
#8 4.789 go: finding golang.org/x/sys v0.0.0-20180830151530-49385e6e1522
#8 DONE 7.9s

#9 [6/6] RUN go list -m all > /go/dep_versions.txt &&     { git rev-parse HEAD; git hash-object clientconn.go test/end2end_test.go; } > /go/blob_check.txt
#9 0.220 go: finding cloud.google.com/go v0.26.0
#9 0.528 go: finding github.com/client9/misspell v0.3.4
#9 0.581 go: finding github.com/golang/lint v0.0.0-20180702182130-06c8688daad7
#9 0.681 go: finding github.com/golang/mock v1.1.1
#9 0.739 go: finding github.com/kisielk/gotool v1.0.0
#9 0.802 go: finding golang.org/x/lint v0.0.0-20180702182130-06c8688daad7
#9 0.896 go: finding golang.org/x/oauth2 v0.0.0-20180821212333-d2e6202438be
#9 0.974 go: finding golang.org/x/sync v0.0.0-20180314180146-1d60e4601c6f
#9 1.051 go: finding golang.org/x/tools v0.0.0-20180828015842-6cd1fcedba52
#9 1.143 go: finding google.golang.org/appengine v1.1.0
#9 1.233 go: finding honnef.co/go/tools v0.0.0-20180728063816-88497007e858
#9 DONE 1.3s

#10 exporting to image
#10 exporting layers
#10 exporting layers 2.5s done
#10 exporting manifest sha256:9edc35d50c888d3c8cf846930608a93b06945871f3b03a42614694d09bd7973e 0.0s done
#10 exporting config sha256:618dbfe8f5f919d0405a7fe93cd434efb62300d2a27c49fed92de1d9f047e352 0.0s done
#10 exporting attestation manifest sha256:c73e3d3b908385a67bdde091b8b8643be3db5205393cbfbe29af5657461c6bf8 0.0s done
#10 exporting manifest list sha256:65a2902bbfce1dbc8afba7cd792dfeef134ad9aba2049ad65d333808b8906510 0.0s done
#10 naming to docker.io/library/grpc2391-fix:latest done
#10 unpacking to docker.io/library/grpc2391-fix:latest
#10 unpacking to docker.io/library/grpc2391-fix:latest 1.1s done
#10 DONE 3.8s
