COMMIT=c6e9130227497ab064dd571a1409236d17aa2ef3
BLOB:go.mod=4f8277b743b57d6571b75ae5328b06389fd5df4f
BLOB:go.sum=7cf6b9921680cca56d31740fdfdea196c6d47baa
BLOB:pkg/envoy/agent.go=638578e3341536ebdf3b93e1699ce2568d05d83b
BLOB:pkg/envoy/agent_test.go=09ea287d1f94319c7284f281838a579fdc98d442
PORCELAIN= M go.mod
PORCELAIN= M go.sum
TESTFILE:pkg/envoy/agent_test.go=09ea287d1f94319c7284f281838a579fdc98d442
TESTFILE:pkg/envoy/instance_test.go=9ad105495f44a76d5ea6e1850c945efa288fa5f3
TESTFILE:pkg/envoy/options_test.go=f09e95888cd5c1d6f8bd88f59d88142372dbd5c5
TESTFILE:pkg/envoy/proxy_test.go=0866ddabcec863062073f65c063b87186e336bf4
TESTFILE:pkg/envoy/watcher_test.go=4b62fe58a59c8f07467d2d37bbd6c4dd39c0682a
BINARY_SHA256=8c7d7829251a7b2f15d26f98463894b71b5a2d484a30138cd6b935c25cd6a8fb
BINARY_BYTES=31249465
GO_VERSION=go version go1.13.15 linux/amd64
GOPATH_DEPS_DIGEST=e3b0c44298fc1c149afbf4c8996fb92427ae41e4649b934ca495991b7852b855
GOPATH_DEPS_FILES=0
DEP_VERSIONS_SHA256=e9be38d9221f33f730146dea1e0c42dd2fe8e0b39b98674fdb047cea2f026a10
MODULE_DIRS_DIGEST=e695a435d123d04ad6599284bb026e9617aac9da1c42ca07e0c75a704da4258c
MODULE_DIRS=106
GO_LIST_M_ALL_SHA256=e9be38d9221f33f730146dea1e0c42dd2fe8e0b39b98674fdb047cea2f026a10
END=1
