COMMIT=9ed3b446cadd9f43734d9eed9dcb03f3b12567a5
BLOB:clientv3/integration/kv_test.go=24252c428ac5290faa3d30ed32c4d646da06670e
BLOB:clientv3/remote_client.go=b8209b8a5e2ebefcac268b64e0a62482266b9a3d
BLOB:test=450298e284efd06677209466475b36540ce89476
PORCELAIN= M clientv3/remote_client.go
PORCELAIN= M test
PORCELAIN=?? github.com/coreos/etcd/bug_patch.diff
TESTFILE:clientv3/integration/cluster_test.go=e562d416f9b3249044b7edc676a5c9b5964293cd
TESTFILE:clientv3/integration/kv_test.go=24252c428ac5290faa3d30ed32c4d646da06670e
TESTFILE:clientv3/integration/lease_test.go=8d250fd2919c7a84d6ae6afcf9f579465936a361
TESTFILE:clientv3/integration/main_test.go=2913ce51154853beac8c379be075705a65b68fa8
TESTFILE:clientv3/integration/mirror_test.go=de74e09e6e63998a72d4a063bb82761820a8a4b7
TESTFILE:clientv3/integration/role_test.go=74ff2fd3f7411998fc34bee1e3f677b55eb3ca25
TESTFILE:clientv3/integration/txn_test.go=f381ccfad74a4642443740a559f88b45d62a5f33
TESTFILE:clientv3/integration/user_test.go=67d52a3cb7c49a2d429d528bd57746596c498735
TESTFILE:clientv3/integration/watch_test.go=93cbbc20eae953613c828d7896673467e0ad9c09
BINARY_SHA256=f334d73560d877dbaaf29eb17dc032eee92c1685ea2bc1f0ba70efcb28d86c64
BINARY_BYTES=21976877
GO_VERSION=go version go1.10.8 linux/amd64
GOPATH_DEPS_DIGEST=e3b0c44298fc1c149afbf4c8996fb92427ae41e4649b934ca495991b7852b855
GOPATH_DEPS_FILES=0
CMD_VENDOR_DIR=present
END=1
