COMMIT=ff2aa05958775030998dbe2f9bccbe2af324adf4
BLOB:clientconn.go=d04043137a7ed5bfa5fe9df401e064e693573569
BLOB:go.mod=5856dced25dfcaedcfb50b506c09a252a653a268
BLOB:go.sum=6b70e58e5812941bf189f081f355a2c2e21a4853
BLOB:test/end2end_test.go=30d8a8c8d0516165b46723900e72de61e7e242ce
PORCELAIN= M go.mod
TESTFILE:test/balancer_test.go=5eb51af0402234a42f5e606c0ec6fa88dddea2ae
TESTFILE:test/channelz_linux_go110_test.go=31ce11dbc0e1e046b69511ae42e32d5d24293b7b
TESTFILE:test/channelz_test.go=c204e35f1ec6c7b30ec2df31ccd8114724403649
TESTFILE:test/creds_test.go=f56440fa2e1071343e4acccc65e28ebbbd07f149
TESTFILE:test/end2end_test.go=30d8a8c8d0516165b46723900e72de61e7e242ce
TESTFILE:test/gracefulstop_test.go=560235859a18885906e9d10f65eb1918bc17f751
TESTFILE:test/retry_test.go=c53b66db6eafa2ff49a0763b8e9d72767bce3795
BINARY_SHA256=5564bf4d61fe4fb0c0830adbbec6877571ca8158ccbacb6d7e0ff6f6a70541b2
BINARY_BYTES=15634550
GO_VERSION=go version go1.13.15 linux/amd64
GOPATH_DEPS_DIGEST=e3b0c44298fc1c149afbf4c8996fb92427ae41e4649b934ca495991b7852b855
GOPATH_DEPS_FILES=0
DEP_VERSIONS_SHA256=b1bd4c8a81d273c5bd0911777f5c3364af7c6fc750af1f01800b4c25227a24d5
MODULE_DIRS_DIGEST=0b99f3cbcd8120f7c17b2d4afcd635bb71d00f1a3bc290449ab92e327650c511
MODULE_DIRS=9
GO_LIST_M_ALL_SHA256=b1bd4c8a81d273c5bd0911777f5c3364af7c6fc750af1f01800b4c25227a24d5
END=1
