=== RUN   TestKVGetErrConnClosed
2026-09-19 10:29:09.156259 I | integration: launching node7274421437185865197 (unix://localhost:node7274421437185865197.sock)
2026-09-19 10:29:09.158512 I | etcdserver: name = node7274421437185865197
2026-09-19 10:29:09.158541 I | etcdserver: data dir = /tmp/etcd996450995
2026-09-19 10:29:09.158545 I | etcdserver: member dir = /tmp/etcd996450995/member
2026-09-19 10:29:09.158547 I | etcdserver: heartbeat = 10ms
2026-09-19 10:29:09.158549 I | etcdserver: election = 100ms
2026-09-19 10:29:09.158551 I | etcdserver: snapshot count = 0
2026-09-19 10:29:09.158556 I | etcdserver: advertise client URLs = http://127.0.0.1:21002
2026-09-19 10:29:09.158558 I | etcdserver: initial advertise peer URLs = http://127.0.0.1:21001
2026-09-19 10:29:09.158562 I | etcdserver: initial cluster = node7274421437185865197=http://127.0.0.1:21001
2026-09-19 10:29:09.160265 I | etcdserver: starting member 577295b580b977df in cluster 7c13d0269e447344
2026-09-19 10:29:09.160304 I | raft: 577295b580b977df became follower at term 0
2026-09-19 10:29:09.160315 I | raft: newRaft 577295b580b977df [peers: [], term: 0, commit: 0, applied: 0, lastindex: 0, lastterm: 0]
2026-09-19 10:29:09.160317 I | raft: 577295b580b977df became follower at term 1
2026-09-19 10:29:09.165537 I | etcdserver: set snapshot count to default 10000
2026-09-19 10:29:09.165559 I | etcdserver: starting server... [version: 3.0.0-beta.0+git, cluster version: to_be_decided]
2026-09-19 10:29:09.167574 I | integration: launched node7274421437185865197 (unix://localhost:node7274421437185865197.sock)
2026-09-19 10:29:09.167603 I | membership: added member 577295b580b977df [http://127.0.0.1:21001] to cluster 7c13d0269e447344
2026-09-19 10:29:09.190520 I | raft: 577295b580b977df is starting a new election at term 1
2026-09-19 10:29:09.190550 I | raft: 577295b580b977df became candidate at term 2
2026-09-19 10:29:09.190556 I | raft: 577295b580b977df received vote from 577295b580b977df at term 2
2026-09-19 10:29:09.190563 I | raft: 577295b580b977df became leader at term 2
2026-09-19 10:29:09.190578 I | raft: raft.node: 577295b580b977df elected leader 577295b580b977df at term 2
2026-09-19 10:29:09.190654 I | etcdserver: setting up the initial cluster version to 3.0
2026-09-19 10:29:09.191446 N | membership: set the initial cluster version to 3.0
2026-09-19 10:29:09.191483 I | etcdserver: published {Name:node7274421437185865197 ClientURLs:[http://127.0.0.1:21002]} to cluster 7c13d0269e447344
2026-09-19 10:29:09.667276 I | api: enabled capabilities for version 3.0.0
panic: test timed out after 45s

goroutine 185 [running]:
testing.(*M).startAlarm.func1()
	/usr/local/go/src/testing/testing.go:1240 +0xfc
created by time.goFunc
	/usr/local/go/src/time/sleep.go:172 +0x44

goroutine 1 [chan receive]:
testing.(*T).Run(0xc4202f80f0, 0xce7d7b, 0x16, 0xd0e238, 0x488601)
	/usr/local/go/src/testing/testing.go:825 +0x301
testing.runTests.func1(0xc4202f8000)
	/usr/local/go/src/testing/testing.go:1063 +0x64
testing.tRunner(0xc4202f8000, 0xc4202d7dd0)
	/usr/local/go/src/testing/testing.go:777 +0xd0
testing.runTests(0xc420221be0, 0x111daa0, 0x2d, 0x2d, 0xbf47e0)
	/usr/local/go/src/testing/testing.go:1061 +0x2c4
testing.(*M).Run(0xc4201e8580, 0x0)
	/usr/local/go/src/testing/testing.go:978 +0x171
github.com/coreos/etcd/clientv3/integration.TestMain(0xc4201e8580)
	/go/src/github.com/coreos/etcd/gopath/src/github.com/coreos/etcd/clientv3/integration/main_test.go:15 +0x2b
main.main()
	_testmain.go:128 +0x151

goroutine 66 [chan receive]:
github.com/coreos/etcd/pkg/logutil.(*MergeLogger).outputLoop(0xc42015be40)
	/go/src/github.com/coreos/etcd/gopath/src/github.com/coreos/etcd/pkg/logutil/merge_logger.go:174 +0x40d
created by github.com/coreos/etcd/pkg/logutil.NewMergeLogger
	/go/src/github.com/coreos/etcd/gopath/src/github.com/coreos/etcd/pkg/logutil/merge_logger.go:92 +0x85

goroutine 42 [runnable]:
github.com/coreos/etcd/pkg/logutil.(*MergeLogger).outputLoop(0xc4202215c0)
	/go/src/github.com/coreos/etcd/gopath/src/github.com/coreos/etcd/pkg/logutil/merge_logger.go:174 +0x40d
created by github.com/coreos/etcd/pkg/logutil.NewMergeLogger
	/go/src/github.com/coreos/etcd/gopath/src/github.com/coreos/etcd/pkg/logutil/merge_logger.go:92 +0x85

goroutine 83 [chan receive]:
github.com/coreos/etcd/clientv3.(*Client).Close(0xc42025cb00, 0x0, 0x0)
	/go/src/github.com/coreos/etcd/gopath/src/github.com/coreos/etcd/clientv3/client.go:117 +0x128
github.com/coreos/etcd/clientv3/integration.TestKVGetErrConnClosed(0xc4202f80f0)
	/go/src/github.com/coreos/etcd/gopath/src/github.com/coreos/etcd/clientv3/integration/kv_test.go:300 +0x16d
testing.tRunner(0xc4202f80f0, 0xd0e238)
	/usr/local/go/src/testing/testing.go:777 +0xd0
created by testing.(*T).Run
	/usr/local/go/src/testing/testing.go:824 +0x2e0

goroutine 87 [semacquire]:
sync.runtime_Semacquire(0xc42025cbd8)
	/usr/local/go/src/runtime/sema.go:56 +0x39
sync.(*RWMutex).Lock(0xc42025cbd0)
	/usr/local/go/src/sync/rwmutex.go:98 +0x6e
github.com/coreos/etcd/clientv3.(*Client).connMonitor(0xc42025cb00)
	/go/src/github.com/coreos/etcd/gopath/src/github.com/coreos/etcd/clientv3/client.go:358 +0x287
created by github.com/coreos/etcd/clientv3.newClient
	/go/src/github.com/coreos/etcd/gopath/src/github.com/coreos/etcd/clientv3/client.go:259 +0x34e

goroutine 91 [select]:
github.com/coreos/etcd/mvcc/backend.(*backend).run(0xc42022ac00)
	/go/src/github.com/coreos/etcd/gopath/src/github.com/coreos/etcd/mvcc/backend/backend.go:184 +0x12f
created by github.com/coreos/etcd/mvcc/backend.newBackend
	/go/src/github.com/coreos/etcd/gopath/src/github.com/coreos/etcd/mvcc/backend/backend.go:119 +0x241

goroutine 92 [select]:
github.com/coreos/etcd/wal.(*filePipeline).run(0xc4202dc340)
	/go/src/github.com/coreos/etcd/gopath/src/github.com/coreos/etcd/wal/file_pipeline.go:89 +0x139
created by github.com/coreos/etcd/wal.newFilePipeline
	/go/src/github.com/coreos/etcd/gopath/src/github.com/coreos/etcd/wal/file_pipeline.go:47 +0x11a

goroutine 93 [select]:
github.com/coreos/etcd/raft.(*node).run(0xc4201eb590, 0xc4203568f0)
	/go/src/github.com/coreos/etcd/gopath/src/github.com/coreos/etcd/raft/node.go:300 +0x5bc
created by github.com/coreos/etcd/raft.StartNode
	/go/src/github.com/coreos/etcd/gopath/src/github.com/coreos/etcd/raft/node.go:203 +0x5f2

goroutine 94 [select]:
github.com/coreos/etcd/lease.(*lessor).runLoop(0xc4201eb6d0)
	/go/src/github.com/coreos/etcd/gopath/src/github.com/coreos/etcd/lease/lessor.go:360 +0x164
created by github.com/coreos/etcd/lease.newLessor
	/go/src/github.com/coreos/etcd/gopath/src/github.com/coreos/etcd/lease/lessor.go:163 +0x13f

goroutine 95 [select]:
github.com/coreos/etcd/pkg/schedule.(*fifo).run(0xc42022b260)
	/go/src/github.com/coreos/etcd/gopath/src/github.com/coreos/etcd/pkg/schedule/schedule.go:146 +0x242
created by github.com/coreos/etcd/pkg/schedule.NewFIFOScheduler
	/go/src/github.com/coreos/etcd/gopath/src/github.com/coreos/etcd/pkg/schedule/schedule.go:71 +0x156

goroutine 96 [select]:
github.com/coreos/etcd/mvcc.(*watchableStore).syncWatchersLoop(0xc4202fa510)
	/go/src/github.com/coreos/etcd/gopath/src/github.com/coreos/etcd/mvcc/watchable_store.go:280 +0x1d6
created by github.com/coreos/etcd/mvcc.newWatchableStore
	/go/src/github.com/coreos/etcd/gopath/src/github.com/coreos/etcd/mvcc/watchable_store.go:84 +0x20e

goroutine 97 [select]:
github.com/coreos/etcd/mvcc.(*watchableStore).syncVictimsLoop(0xc4202fa510)
	/go/src/github.com/coreos/etcd/gopath/src/github.com/coreos/etcd/mvcc/watchable_store.go:306 +0x18c
created by github.com/coreos/etcd/mvcc.newWatchableStore
	/go/src/github.com/coreos/etcd/gopath/src/github.com/coreos/etcd/mvcc/watchable_store.go:85 +0x230

goroutine 114 [select]:
github.com/coreos/etcd/etcdserver.(*EtcdServer).run(0xc4201ee200)
	/go/src/github.com/coreos/etcd/gopath/src/github.com/coreos/etcd/etcdserver/server.go:575 +0x452
created by github.com/coreos/etcd/etcdserver.(*EtcdServer).start
	/go/src/github.com/coreos/etcd/gopath/src/github.com/coreos/etcd/etcdserver/server.go:471 +0x271

goroutine 116 [select]:
github.com/coreos/etcd/etcdserver.(*EtcdServer).purgeFile(0xc4201ee200)
	/go/src/github.com/coreos/etcd/gopath/src/github.com/coreos/etcd/etcdserver/server.go:482 +0x166
created by github.com/coreos/etcd/etcdserver.(*EtcdServer).Start
	/go/src/github.com/coreos/etcd/gopath/src/github.com/coreos/etcd/etcdserver/server.go:448 +0x8f

goroutine 117 [select]:
github.com/coreos/etcd/etcdserver.monitorFileDescriptor(0xc42025f380)
	/go/src/github.com/coreos/etcd/gopath/src/github.com/coreos/etcd/etcdserver/metrics.go:95 +0x17e
created by github.com/coreos/etcd/etcdserver.(*EtcdServer).Start
	/go/src/github.com/coreos/etcd/gopath/src/github.com/coreos/etcd/etcdserver/server.go:449 +0xb8

goroutine 118 [select]:
github.com/coreos/etcd/etcdserver.(*EtcdServer).monitorVersions(0xc4201ee200)
	/go/src/github.com/coreos/etcd/gopath/src/github.com/coreos/etcd/etcdserver/server.go:1198 +0x159
created by github.com/coreos/etcd/etcdserver.(*EtcdServer).Start
	/go/src/github.com/coreos/etcd/gopath/src/github.com/coreos/etcd/etcdserver/server.go:450 +0xda

goroutine 119 [IO wait]:
internal/poll.runtime_pollWait(0x70b682ed4f00, 0x72, 0x0)
	/usr/local/go/src/runtime/netpoll.go:173 +0x57
internal/poll.(*pollDesc).wait(0xc4201e8618, 0x72, 0xc420099b00, 0x0, 0x0)
	/usr/local/go/src/internal/poll/fd_poll_runtime.go:85 +0x9b
internal/poll.(*pollDesc).waitRead(0xc4201e8618, 0xffffffffffffff00, 0x0, 0x0)
	/usr/local/go/src/internal/poll/fd_poll_runtime.go:90 +0x3d
internal/poll.(*FD).Accept(0xc4201e8600, 0x0, 0x0, 0x0, 0x0, 0x0, 0x0, 0x0)
	/usr/local/go/src/internal/poll/fd_unix.go:372 +0x1a8
net.(*netFD).accept(0xc4201e8600, 0x412358, 0x30, 0xc40180)
	/usr/local/go/src/net/fd_unix.go:238 +0x42
net.(*TCPListener).accept(0xc4201e2580, 0x51c4ba, 0xc40180, 0xc4204651d0)
	/usr/local/go/src/net/tcpsock_posix.go:136 +0x2e
net.(*TCPListener).Accept(0xc4201e2580, 0xc420038098, 0xba20e0, 0x11131e0, 0xcbd3e0)
	/usr/local/go/src/net/tcpsock.go:259 +0x49
net/http.(*Server).Serve(0xc420356d00, 0xd6e120, 0xc4201e2580, 0x0, 0x0)
	/usr/local/go/src/net/http/server.go:2773 +0x1a5
net/http/httptest.(*Server).goServe.func1(0xc4202cf5e0)
	/usr/local/go/src/net/http/httptest/server.go:280 +0x6d
created by net/http/httptest.(*Server).goServe
	/usr/local/go/src/net/http/httptest/server.go:278 +0x5c

goroutine 99 [select]:
github.com/coreos/etcd/etcdserver.(*raftNode).start.func1(0xc4201ee218)
	/go/src/github.com/coreos/etcd/gopath/src/github.com/coreos/etcd/etcdserver/raft.go:151 +0x220
created by github.com/coreos/etcd/etcdserver.(*raftNode).start
	/go/src/github.com/coreos/etcd/gopath/src/github.com/coreos/etcd/etcdserver/raft.go:144 +0x195

goroutine 100 [select]:
github.com/coreos/etcd/pkg/schedule.(*fifo).run(0xc420472120)
	/go/src/github.com/coreos/etcd/gopath/src/github.com/coreos/etcd/pkg/schedule/schedule.go:146 +0x242
created by github.com/coreos/etcd/pkg/schedule.NewFIFOScheduler
	/go/src/github.com/coreos/etcd/gopath/src/github.com/coreos/etcd/pkg/schedule/schedule.go:71 +0x156

goroutine 150 [select]:
github.com/coreos/etcd/etcdserver/api.runCapabilityLoop(0xc4201ee200)
	/go/src/github.com/coreos/etcd/gopath/src/github.com/coreos/etcd/etcdserver/api/capability.go:78 +0x12c
github.com/coreos/etcd/etcdserver/api.RunCapabilityLoop.func1()
	/go/src/github.com/coreos/etcd/gopath/src/github.com/coreos/etcd/etcdserver/api/capability.go:60 +0x2a
sync.(*Once).Do(0x1147818, 0xc4205080b0)
	/usr/local/go/src/sync/once.go:44 +0xbe
created by github.com/coreos/etcd/etcdserver/api.RunCapabilityLoop
	/go/src/github.com/coreos/etcd/gopath/src/github.com/coreos/etcd/etcdserver/api/capability.go:60 +0x80

goroutine 151 [IO wait]:
internal/poll.runtime_pollWait(0x70b682ed4e30, 0x72, 0x0)
	/usr/local/go/src/runtime/netpoll.go:173 +0x57
internal/poll.(*pollDesc).wait(0xc4201e8798, 0x72, 0xc4201dc100, 0x0, 0x0)
	/usr/local/go/src/internal/poll/fd_poll_runtime.go:85 +0x9b
internal/poll.(*pollDesc).waitRead(0xc4201e8798, 0xffffffffffffff00, 0x0, 0x0)
	/usr/local/go/src/internal/poll/fd_poll_runtime.go:90 +0x3d
internal/poll.(*FD).Accept(0xc4201e8780, 0x0, 0x0, 0x0, 0x0, 0x0, 0x0, 0x0)
	/usr/local/go/src/internal/poll/fd_unix.go:372 +0x1a8
net.(*netFD).accept(0xc4201e8780, 0x461737, 0xc4201046c0, 0xb99200)
	/usr/local/go/src/net/fd_unix.go:238 +0x42
net.(*TCPListener).accept(0xc4201e2588, 0x457ca0, 0xc42058fef0, 0xc42058fef8)
	/usr/local/go/src/net/tcpsock_posix.go:136 +0x2e
net.(*TCPListener).Accept(0xc4201e2588, 0xd10800, 0xc420104640, 0xd6f5a0, 0xc420465290)
	/usr/local/go/src/net/tcpsock.go:259 +0x49
net/http.(*Server).Serve(0xc42054a000, 0xd6e120, 0xc4201e2588, 0x0, 0x0)
	/usr/local/go/src/net/http/server.go:2773 +0x1a5
net/http/httptest.(*Server).goServe.func1(0xc420548000)
	/usr/local/go/src/net/http/httptest/server.go:280 +0x6d
created by net/http/httptest.(*Server).goServe
	/usr/local/go/src/net/http/httptest/server.go:278 +0x5c

goroutine 152 [select]:
github.com/coreos/etcd/etcdserver/api/v3rpc.monitorLeader.func1(0xc4201ee200, 0xc4205080f0)
	/go/src/github.com/coreos/etcd/gopath/src/github.com/coreos/etcd/etcdserver/api/v3rpc/interceptor.go:147 +0x120
created by github.com/coreos/etcd/etcdserver/api/v3rpc.monitorLeader
	/go/src/github.com/coreos/etcd/gopath/src/github.com/coreos/etcd/etcdserver/api/v3rpc/interceptor.go:142 +0x87

goroutine 131 [semacquire]:
sync.runtime_SemacquireMutex(0x114781c, 0x0)
	/usr/local/go/src/runtime/sema.go:71 +0x3d
sync.(*Mutex).Lock(0x1147818)
	/usr/local/go/src/sync/mutex.go:134 +0x108
sync.(*Once).Do(0x1147818, 0xc4203580e0)
	/usr/local/go/src/sync/once.go:40 +0x44
created by github.com/coreos/etcd/etcdserver/api.RunCapabilityLoop
	/go/src/github.com/coreos/etcd/gopath/src/github.com/coreos/etcd/etcdserver/api/capability.go:60 +0x80

goroutine 132 [IO wait]:
internal/poll.runtime_pollWait(0x70b682ed4d60, 0x72, 0x0)
	/usr/local/go/src/runtime/netpoll.go:173 +0x57
internal/poll.(*pollDesc).wait(0xc4201e8a18, 0x72, 0xc420099b00, 0x0, 0x0)
	/usr/local/go/src/internal/poll/fd_poll_runtime.go:85 +0x9b
internal/poll.(*pollDesc).waitRead(0xc4201e8a18, 0xffffffffffffff00, 0x0, 0x0)
	/usr/local/go/src/internal/poll/fd_poll_runtime.go:90 +0x3d
internal/poll.(*FD).Accept(0xc4201e8a00, 0x0, 0x0, 0x0, 0x0, 0x0, 0x0, 0x0)
	/usr/local/go/src/internal/poll/fd_unix.go:372 +0x1a8
net.(*netFD).accept(0xc4201e8a00, 0xc420564008, 0x0, 0x0)
	/usr/local/go/src/net/fd_unix.go:238 +0x42
net.(*UnixListener).accept(0xc420257710, 0x457ca0, 0xc42047ff50, 0xc42047ff58)
	/usr/local/go/src/net/unixsock_posix.go:162 +0x32
net.(*UnixListener).Accept(0xc420257710, 0xd103b8, 0xc420552000, 0xd736a0, 0xc420564008)
	/usr/local/go/src/net/unixsock.go:253 +0x49
google.golang.org/grpc.(*Server).Serve(0xc420552000, 0xd6e160, 0xc420257710, 0x0, 0x0)
	/go/src/github.com/coreos/etcd/gopath/src/google.golang.org/grpc/server.go:277 +0x161
created by github.com/coreos/etcd/integration.(*member).Launch
	/go/src/github.com/coreos/etcd/gopath/src/github.com/coreos/etcd/integration/cluster.go:623 +0x8b9
