=== RUN   TestKVGetErrConnClosed
2026-09-19 10:16:09.344444 I | integration: launching node6072239411216459925 (unix://localhost:node6072239411216459925.sock)
2026-09-19 10:16:09.349380 I | etcdserver: name = node6072239411216459925
2026-09-19 10:16:09.349406 I | etcdserver: data dir = /tmp/etcd660024706
2026-09-19 10:16:09.349416 I | etcdserver: member dir = /tmp/etcd660024706/member
2026-09-19 10:16:09.349418 I | etcdserver: heartbeat = 10ms
2026-09-19 10:16:09.349420 I | etcdserver: election = 100ms
2026-09-19 10:16:09.349422 I | etcdserver: snapshot count = 0
2026-09-19 10:16:09.349428 I | etcdserver: advertise client URLs = http://127.0.0.1:21002
2026-09-19 10:16:09.349431 I | etcdserver: initial advertise peer URLs = http://127.0.0.1:21001
2026-09-19 10:16:09.349435 I | etcdserver: initial cluster = node6072239411216459925=http://127.0.0.1:21001
2026-09-19 10:16:09.351477 I | etcdserver: starting member 577295b580b977df in cluster 7c13d0269e447344
2026-09-19 10:16:09.351524 I | raft: 577295b580b977df became follower at term 0
2026-09-19 10:16:09.351531 I | raft: newRaft 577295b580b977df [peers: [], term: 0, commit: 0, applied: 0, lastindex: 0, lastterm: 0]
2026-09-19 10:16:09.351536 I | raft: 577295b580b977df became follower at term 1
2026-09-19 10:16:09.359017 I | etcdserver: set snapshot count to default 10000
2026-09-19 10:16:09.359042 I | etcdserver: starting server... [version: 3.0.0-beta.0+git, cluster version: to_be_decided]
2026-09-19 10:16:09.360867 I | integration: launched node6072239411216459925 (unix://localhost:node6072239411216459925.sock)
2026-09-19 10:16:09.361203 I | membership: added member 577295b580b977df [http://127.0.0.1:21001] to cluster 7c13d0269e447344
2026-09-19 10:16:09.382288 I | raft: 577295b580b977df is starting a new election at term 1
2026-09-19 10:16:09.382335 I | raft: 577295b580b977df became candidate at term 2
2026-09-19 10:16:09.382342 I | raft: 577295b580b977df received vote from 577295b580b977df at term 2
2026-09-19 10:16:09.382371 I | raft: 577295b580b977df became leader at term 2
2026-09-19 10:16:09.382407 I | raft: raft.node: 577295b580b977df elected leader 577295b580b977df at term 2
2026-09-19 10:16:09.382607 I | etcdserver: published {Name:node6072239411216459925 ClientURLs:[http://127.0.0.1:21002]} to cluster 7c13d0269e447344
2026-09-19 10:16:09.382678 I | etcdserver: setting up the initial cluster version to 3.0
2026-09-19 10:16:09.383427 N | membership: set the initial cluster version to 3.0
2026-09-19 10:16:09.383656 I | integration: terminating node6072239411216459925 (unix://localhost:node6072239411216459925.sock)
2026-09-19 10:16:09.386002 I | integration: terminated node6072239411216459925 (unix://localhost:node6072239411216459925.sock)
--- PASS: TestKVGetErrConnClosed (0.05s)
PASS
