=== RUN   TestKVGetErrConnClosed
2026-09-19 10:23:48.856761 I | integration: launching node2640513370139344411 (unix://localhost:node2640513370139344411.sock)
2026-09-19 10:23:48.859731 I | etcdserver: name = node2640513370139344411
2026-09-19 10:23:48.859755 I | etcdserver: data dir = /tmp/etcd242057566
2026-09-19 10:23:48.859760 I | etcdserver: member dir = /tmp/etcd242057566/member
2026-09-19 10:23:48.859763 I | etcdserver: heartbeat = 10ms
2026-09-19 10:23:48.859765 I | etcdserver: election = 100ms
2026-09-19 10:23:48.859766 I | etcdserver: snapshot count = 0
2026-09-19 10:23:48.859780 I | etcdserver: advertise client URLs = http://127.0.0.1:21002
2026-09-19 10:23:48.859782 I | etcdserver: initial advertise peer URLs = http://127.0.0.1:21001
2026-09-19 10:23:48.859787 I | etcdserver: initial cluster = node2640513370139344411=http://127.0.0.1:21001
2026-09-19 10:23:48.861805 I | etcdserver: starting member 577295b580b977df in cluster 7c13d0269e447344
2026-09-19 10:23:48.861851 I | raft: 577295b580b977df became follower at term 0
2026-09-19 10:23:48.861859 I | raft: newRaft 577295b580b977df [peers: [], term: 0, commit: 0, applied: 0, lastindex: 0, lastterm: 0]
2026-09-19 10:23:48.861865 I | raft: 577295b580b977df became follower at term 1
2026-09-19 10:23:48.869449 I | etcdserver: set snapshot count to default 10000
2026-09-19 10:23:48.869480 I | etcdserver: starting server... [version: 3.0.0-beta.0+git, cluster version: to_be_decided]
2026-09-19 10:23:48.871140 I | membership: added member 577295b580b977df [http://127.0.0.1:21001] to cluster 7c13d0269e447344
2026-09-19 10:23:48.871465 I | integration: launched node2640513370139344411 (unix://localhost:node2640513370139344411.sock)
2026-09-19 10:23:48.892290 I | raft: 577295b580b977df is starting a new election at term 1
2026-09-19 10:23:48.892349 I | raft: 577295b580b977df became candidate at term 2
2026-09-19 10:23:48.892355 I | raft: 577295b580b977df received vote from 577295b580b977df at term 2
2026-09-19 10:23:48.892363 I | raft: 577295b580b977df became leader at term 2
2026-09-19 10:23:48.892389 I | raft: raft.node: 577295b580b977df elected leader 577295b580b977df at term 2
2026-09-19 10:23:48.892598 I | etcdserver: published {Name:node2640513370139344411 ClientURLs:[http://127.0.0.1:21002]} to cluster 7c13d0269e447344
2026-09-19 10:23:48.892630 I | etcdserver: setting up the initial cluster version to 3.0
2026-09-19 10:23:48.893250 N | membership: set the initial cluster version to 3.0
2026-09-19 10:23:49.371705 I | api: enabled capabilities for version 3.0.0
panic: test timed out after 45s

goroutine 232 [running]:
testing.(*M).startAlarm.func1()
	/usr/local/go/src/testing/testing.go:1240 +0xfc
created by time.goFunc
	/usr/local/go/src/time/sleep.go:172 +0x44

goroutine 1 [chan receive]:
testing.(*T).Run(0xc4202d40f0, 0xce7d7b, 0x16, 0xd0e238, 0x488601)
	/usr/local/go/src/testing/testing.go:825 +0x301
testing.runTests.func1(0xc4202d4000)
	/usr/local/go/src/testing/testing.go:1063 +0x64
testing.tRunner(0xc4202d4000, 0xc4202a7dd0)
	/usr/local/go/src/testing/testing.go:777 +0xd0
testing.runTests(0xc4201ad940, 0x111daa0, 0x2d, 0x2d, 0xbf47e0)
	/usr/local/go/src/testing/testing.go:1061 +0x2c4
testing.(*M).Run(0xc4201ae300, 0x0)
	/usr/local/go/src/testing/testing.go:978 +0x171
github.com/coreos/etcd/clientv3/integration.TestMain(0xc4201ae300)
	/go/src/github.com/coreos/etcd/gopath/src/github.com/coreos/etcd/clientv3/integration/main_test.go:15 +0x2b
main.main()
	_testmain.go:128 +0x151

goroutine 82 [IO wait]:
internal/poll.runtime_pollWait(0x75b14ceffc90, 0x72, 0xc42007bb78)
	/usr/local/go/src/runtime/netpoll.go:173 +0x57
internal/poll.(*pollDesc).wait(0xc4201aeb18, 0x72, 0xffffffffffffff00, 0xd68340, 0x10e2730)
	/usr/local/go/src/internal/poll/fd_poll_runtime.go:85 +0x9b
internal/poll.(*pollDesc).waitRead(0xc4201aeb18, 0xc4202e8000, 0x8000, 0x8000)
	/usr/local/go/src/internal/poll/fd_poll_runtime.go:90 +0x3d
internal/poll.(*FD).Read(0xc4201aeb00, 0xc4202e8000, 0x8000, 0x8000, 0x0, 0x0, 0x0)
	/usr/local/go/src/internal/poll/fd_unix.go:157 +0x17d
net.(*netFD).Read(0xc4201aeb00, 0xc4202e8000, 0x8000, 0x8000, 0x9, 0x0, 0x0)
	/usr/local/go/src/net/fd_unix.go:202 +0x4f
net.(*conn).Read(0xc4201b8170, 0xc4202e8000, 0x8000, 0x8000, 0x0, 0x0, 0x0)
	/usr/local/go/src/net/net.go:176 +0x6a
bufio.(*Reader).Read(0xc4201ea780, 0xc4202500f8, 0x9, 0x9, 0x30, 0x28, 0xc325c0)
	/usr/local/go/src/bufio/bufio.go:216 +0x238
io.ReadAtLeast(0xd65f00, 0xc4201ea780, 0xc4202500f8, 0x9, 0x9, 0x9, 0xc42007bdb0, 0x4018ee, 0xc42007be57)
	/usr/local/go/src/io/io.go:309 +0x86
io.ReadFull(0xd65f00, 0xc4201ea780, 0xc4202500f8, 0x9, 0x9, 0x767724, 0xc420510510, 0xc420510004)
	/usr/local/go/src/io/io.go:327 +0x58
golang.org/x/net/http2.readFrameHeader(0xc4202500f8, 0x9, 0x9, 0xd65f00, 0xc4201ea780, 0x0, 0xc400000000, 0x0, 0x0)
	/go/src/github.com/coreos/etcd/gopath/src/golang.org/x/net/http2/frame.go:236 +0x7b
golang.org/x/net/http2.(*Framer).ReadFrame(0xc4202500c0, 0xd69d00, 0xc420510510, 0x0, 0x0)
	/go/src/github.com/coreos/etcd/gopath/src/golang.org/x/net/http2/frame.go:463 +0xa4
google.golang.org/grpc/transport.(*framer).readFrame(0xc4201ee960, 0xc420510510, 0xc420510510, 0x0, 0x0)
	/go/src/github.com/coreos/etcd/gopath/src/google.golang.org/grpc/transport/http_util.go:406 +0x2f
google.golang.org/grpc/transport.(*http2Client).reader(0xc4202d42d0)
	/go/src/github.com/coreos/etcd/gopath/src/google.golang.org/grpc/transport/http2_client.go:791 +0xa2
created by google.golang.org/grpc/transport.newHTTP2Client
	/go/src/github.com/coreos/etcd/gopath/src/google.golang.org/grpc/transport/http2_client.go:174 +0x8b8

goroutine 15 [chan receive]:
github.com/coreos/etcd/pkg/logutil.(*MergeLogger).outputLoop(0xc420278320)
	/go/src/github.com/coreos/etcd/gopath/src/github.com/coreos/etcd/pkg/logutil/merge_logger.go:174 +0x40d
created by github.com/coreos/etcd/pkg/logutil.NewMergeLogger
	/go/src/github.com/coreos/etcd/gopath/src/github.com/coreos/etcd/pkg/logutil/merge_logger.go:92 +0x85

goroutine 70 [chan receive]:
github.com/coreos/etcd/pkg/logutil.(*MergeLogger).outputLoop(0xc420278840)
	/go/src/github.com/coreos/etcd/gopath/src/github.com/coreos/etcd/pkg/logutil/merge_logger.go:174 +0x40d
created by github.com/coreos/etcd/pkg/logutil.NewMergeLogger
	/go/src/github.com/coreos/etcd/gopath/src/github.com/coreos/etcd/pkg/logutil/merge_logger.go:92 +0x85

goroutine 49 [chan receive]:
github.com/coreos/etcd/clientv3.(*Client).Close(0xc4202da6e0, 0x0, 0x0)
	/go/src/github.com/coreos/etcd/gopath/src/github.com/coreos/etcd/clientv3/client.go:117 +0x128
github.com/coreos/etcd/clientv3/integration.TestKVGetErrConnClosed(0xc4202d40f0)
	/go/src/github.com/coreos/etcd/gopath/src/github.com/coreos/etcd/clientv3/integration/kv_test.go:300 +0x16d
testing.tRunner(0xc4202d40f0, 0xd0e238)
	/usr/local/go/src/testing/testing.go:777 +0xd0
created by testing.(*T).Run
	/usr/local/go/src/testing/testing.go:824 +0x2e0

goroutine 83 [select]:
google.golang.org/grpc/transport.(*http2Client).controller(0xc4202d42d0)
	/go/src/github.com/coreos/etcd/gopath/src/google.golang.org/grpc/transport/http2_client.go:869 +0x119
created by google.golang.org/grpc/transport.newHTTP2Client
	/go/src/github.com/coreos/etcd/gopath/src/google.golang.org/grpc/transport/http2_client.go:201 +0xbd3

goroutine 84 [select]:
google.golang.org/grpc.(*Conn).transportMonitor(0xc4202d41e0)
	/go/src/github.com/coreos/etcd/gopath/src/google.golang.org/grpc/clientconn.go:547 +0x126
created by google.golang.org/grpc.NewConn
	/go/src/github.com/coreos/etcd/gopath/src/google.golang.org/grpc/clientconn.go:346 +0x260

goroutine 85 [semacquire]:
sync.runtime_Semacquire(0xc4202da7b8)
	/usr/local/go/src/runtime/sema.go:56 +0x39
sync.(*RWMutex).Lock(0xc4202da7b0)
	/usr/local/go/src/sync/rwmutex.go:98 +0x6e
github.com/coreos/etcd/clientv3.(*Client).retryConnection(0xc4202da6e0, 0x0, 0x0, 0x0, 0x0, 0x0)
	/go/src/github.com/coreos/etcd/gopath/src/github.com/coreos/etcd/clientv3/client.go:286 +0x54
github.com/coreos/etcd/clientv3.(*Client).connMonitor(0xc4202da6e0)
	/go/src/github.com/coreos/etcd/gopath/src/github.com/coreos/etcd/clientv3/client.go:357 +0x24c
created by github.com/coreos/etcd/clientv3.newClient
	/go/src/github.com/coreos/etcd/gopath/src/github.com/coreos/etcd/clientv3/client.go:259 +0x34e

goroutine 89 [select]:
github.com/coreos/etcd/mvcc/backend.(*backend).run(0xc4201eac00)
	/go/src/github.com/coreos/etcd/gopath/src/github.com/coreos/etcd/mvcc/backend/backend.go:184 +0x12f
created by github.com/coreos/etcd/mvcc/backend.newBackend
	/go/src/github.com/coreos/etcd/gopath/src/github.com/coreos/etcd/mvcc/backend/backend.go:119 +0x241

goroutine 90 [select]:
github.com/coreos/etcd/wal.(*filePipeline).run(0xc4201ab380)
	/go/src/github.com/coreos/etcd/gopath/src/github.com/coreos/etcd/wal/file_pipeline.go:89 +0x139
created by github.com/coreos/etcd/wal.newFilePipeline
	/go/src/github.com/coreos/etcd/gopath/src/github.com/coreos/etcd/wal/file_pipeline.go:47 +0x11a

goroutine 91 [select]:
github.com/coreos/etcd/raft.(*node).run(0xc4201b56d0, 0xc4201e3450)
	/go/src/github.com/coreos/etcd/gopath/src/github.com/coreos/etcd/raft/node.go:300 +0x5bc
created by github.com/coreos/etcd/raft.StartNode
	/go/src/github.com/coreos/etcd/gopath/src/github.com/coreos/etcd/raft/node.go:203 +0x5f2

goroutine 92 [select]:
github.com/coreos/etcd/lease.(*lessor).runLoop(0xc4201b5810)
	/go/src/github.com/coreos/etcd/gopath/src/github.com/coreos/etcd/lease/lessor.go:360 +0x164
created by github.com/coreos/etcd/lease.newLessor
	/go/src/github.com/coreos/etcd/gopath/src/github.com/coreos/etcd/lease/lessor.go:163 +0x13f

goroutine 93 [select]:
github.com/coreos/etcd/pkg/schedule.(*fifo).run(0xc4201eb260)
	/go/src/github.com/coreos/etcd/gopath/src/github.com/coreos/etcd/pkg/schedule/schedule.go:146 +0x242
created by github.com/coreos/etcd/pkg/schedule.NewFIFOScheduler
	/go/src/github.com/coreos/etcd/gopath/src/github.com/coreos/etcd/pkg/schedule/schedule.go:71 +0x156

goroutine 94 [select]:
github.com/coreos/etcd/mvcc.(*watchableStore).syncWatchersLoop(0xc4202d6510)
	/go/src/github.com/coreos/etcd/gopath/src/github.com/coreos/etcd/mvcc/watchable_store.go:280 +0x1d6
created by github.com/coreos/etcd/mvcc.newWatchableStore
	/go/src/github.com/coreos/etcd/gopath/src/github.com/coreos/etcd/mvcc/watchable_store.go:84 +0x20e

goroutine 95 [select]:
github.com/coreos/etcd/mvcc.(*watchableStore).syncVictimsLoop(0xc4202d6510)
	/go/src/github.com/coreos/etcd/gopath/src/github.com/coreos/etcd/mvcc/watchable_store.go:306 +0x18c
created by github.com/coreos/etcd/mvcc.newWatchableStore
	/go/src/github.com/coreos/etcd/gopath/src/github.com/coreos/etcd/mvcc/watchable_store.go:85 +0x230

goroutine 96 [select]:
github.com/coreos/etcd/etcdserver.(*EtcdServer).run(0xc420450000)
	/go/src/github.com/coreos/etcd/gopath/src/github.com/coreos/etcd/etcdserver/server.go:575 +0x452
created by github.com/coreos/etcd/etcdserver.(*EtcdServer).start
	/go/src/github.com/coreos/etcd/gopath/src/github.com/coreos/etcd/etcdserver/server.go:471 +0x271

goroutine 114 [select]:
github.com/coreos/etcd/etcdserver.(*EtcdServer).purgeFile(0xc420450000)
	/go/src/github.com/coreos/etcd/gopath/src/github.com/coreos/etcd/etcdserver/server.go:482 +0x166
created by github.com/coreos/etcd/etcdserver.(*EtcdServer).Start
	/go/src/github.com/coreos/etcd/gopath/src/github.com/coreos/etcd/etcdserver/server.go:448 +0x8f

goroutine 115 [select]:
github.com/coreos/etcd/etcdserver.monitorFileDescriptor(0xc42026f380)
	/go/src/github.com/coreos/etcd/gopath/src/github.com/coreos/etcd/etcdserver/metrics.go:95 +0x17e
created by github.com/coreos/etcd/etcdserver.(*EtcdServer).Start
	/go/src/github.com/coreos/etcd/gopath/src/github.com/coreos/etcd/etcdserver/server.go:449 +0xb8

goroutine 116 [select]:
github.com/coreos/etcd/etcdserver.(*EtcdServer).monitorVersions(0xc420450000)
	/go/src/github.com/coreos/etcd/gopath/src/github.com/coreos/etcd/etcdserver/server.go:1198 +0x159
created by github.com/coreos/etcd/etcdserver.(*EtcdServer).Start
	/go/src/github.com/coreos/etcd/gopath/src/github.com/coreos/etcd/etcdserver/server.go:450 +0xda

goroutine 117 [IO wait]:
internal/poll.runtime_pollWait(0x75b14cefff00, 0x72, 0x0)
	/usr/local/go/src/runtime/netpoll.go:173 +0x57
internal/poll.(*pollDesc).wait(0xc4201ae398, 0x72, 0xc42018ec00, 0x0, 0x0)
	/usr/local/go/src/internal/poll/fd_poll_runtime.go:85 +0x9b
internal/poll.(*pollDesc).waitRead(0xc4201ae398, 0xffffffffffffff00, 0x0, 0x0)
	/usr/local/go/src/internal/poll/fd_poll_runtime.go:90 +0x3d
internal/poll.(*FD).Accept(0xc4201ae380, 0x0, 0x0, 0x0, 0x0, 0x0, 0x0, 0x0)
	/usr/local/go/src/internal/poll/fd_unix.go:372 +0x1a8
net.(*netFD).accept(0xc4201ae380, 0x412358, 0x30, 0xc40180)
	/usr/local/go/src/net/fd_unix.go:238 +0x42
net.(*TCPListener).accept(0xc4201b8158, 0x51c42a, 0xc40180, 0xc4203221b0)
	/usr/local/go/src/net/tcpsock_posix.go:136 +0x2e
net.(*TCPListener).Accept(0xc4201b8158, 0xc420038098, 0xba20e0, 0x11131e0, 0xcbd3e0)
	/usr/local/go/src/net/tcpsock.go:259 +0x49
net/http.(*Server).Serve(0xc4201e3860, 0xd6e120, 0xc4201b8158, 0x0, 0x0)
	/usr/local/go/src/net/http/server.go:2773 +0x1a5
net/http/httptest.(*Server).goServe.func1(0xc420273490)
	/usr/local/go/src/net/http/httptest/server.go:280 +0x6d
created by net/http/httptest.(*Server).goServe
	/usr/local/go/src/net/http/httptest/server.go:278 +0x5c

goroutine 79 [select]:
github.com/coreos/etcd/etcdserver.(*raftNode).start.func1(0xc420450018)
	/go/src/github.com/coreos/etcd/gopath/src/github.com/coreos/etcd/etcdserver/raft.go:151 +0x220
created by github.com/coreos/etcd/etcdserver.(*raftNode).start
	/go/src/github.com/coreos/etcd/gopath/src/github.com/coreos/etcd/etcdserver/raft.go:144 +0x195

goroutine 80 [select]:
github.com/coreos/etcd/pkg/schedule.(*fifo).run(0xc42009d500)
	/go/src/github.com/coreos/etcd/gopath/src/github.com/coreos/etcd/pkg/schedule/schedule.go:146 +0x242
created by github.com/coreos/etcd/pkg/schedule.NewFIFOScheduler
	/go/src/github.com/coreos/etcd/gopath/src/github.com/coreos/etcd/pkg/schedule/schedule.go:71 +0x156

goroutine 167 [select]:
github.com/coreos/etcd/etcdserver/api.runCapabilityLoop(0xc420450000)
	/go/src/github.com/coreos/etcd/gopath/src/github.com/coreos/etcd/etcdserver/api/capability.go:78 +0x12c
github.com/coreos/etcd/etcdserver/api.RunCapabilityLoop.func1()
	/go/src/github.com/coreos/etcd/gopath/src/github.com/coreos/etcd/etcdserver/api/capability.go:60 +0x2a
sync.(*Once).Do(0x1147818, 0xc42022d340)
	/usr/local/go/src/sync/once.go:44 +0xbe
created by github.com/coreos/etcd/etcdserver/api.RunCapabilityLoop
	/go/src/github.com/coreos/etcd/gopath/src/github.com/coreos/etcd/etcdserver/api/capability.go:60 +0x80

goroutine 168 [IO wait]:
internal/poll.runtime_pollWait(0x75b14ceffe30, 0x72, 0x0)
	/usr/local/go/src/runtime/netpoll.go:173 +0x57
internal/poll.(*pollDesc).wait(0xc4201ae518, 0x72, 0xc420174900, 0x0, 0x0)
	/usr/local/go/src/internal/poll/fd_poll_runtime.go:85 +0x9b
internal/poll.(*pollDesc).waitRead(0xc4201ae518, 0xffffffffffffff00, 0x0, 0x0)
	/usr/local/go/src/internal/poll/fd_poll_runtime.go:90 +0x3d
internal/poll.(*FD).Accept(0xc4201ae500, 0x0, 0x0, 0x0, 0x0, 0x0, 0x0, 0x0)
	/usr/local/go/src/internal/poll/fd_unix.go:372 +0x1a8
net.(*netFD).accept(0xc4201ae500, 0x461737, 0xc4202bc580, 0xb99200)
	/usr/local/go/src/net/fd_unix.go:238 +0x42
net.(*TCPListener).accept(0xc4201b8160, 0x457ca0, 0xc4202faef0, 0xc4202faef8)
	/usr/local/go/src/net/tcpsock_posix.go:136 +0x2e
net.(*TCPListener).Accept(0xc4201b8160, 0xd10800, 0xc4202bc500, 0xd6f5a0, 0xc42017b9e0)
	/usr/local/go/src/net/tcpsock.go:259 +0x49
net/http.(*Server).Serve(0xc420229790, 0xd6e120, 0xc4201b8160, 0x0, 0x0)
	/usr/local/go/src/net/http/server.go:2773 +0x1a5
net/http/httptest.(*Server).goServe.func1(0xc42029f570)
	/usr/local/go/src/net/http/httptest/server.go:280 +0x6d
created by net/http/httptest.(*Server).goServe
	/usr/local/go/src/net/http/httptest/server.go:278 +0x5c

goroutine 169 [select]:
github.com/coreos/etcd/etcdserver/api/v3rpc.monitorLeader.func1(0xc420450000, 0xc42022d380)
	/go/src/github.com/coreos/etcd/gopath/src/github.com/coreos/etcd/etcdserver/api/v3rpc/interceptor.go:147 +0x120
created by github.com/coreos/etcd/etcdserver/api/v3rpc.monitorLeader
	/go/src/github.com/coreos/etcd/gopath/src/github.com/coreos/etcd/etcdserver/api/v3rpc/interceptor.go:142 +0x87

goroutine 25 [semacquire]:
sync.runtime_SemacquireMutex(0x114781c, 0x0)
	/usr/local/go/src/runtime/sema.go:71 +0x3d
sync.(*Mutex).Lock(0x1147818)
	/usr/local/go/src/sync/mutex.go:134 +0x108
sync.(*Once).Do(0x1147818, 0xc420514080)
	/usr/local/go/src/sync/once.go:40 +0x44
created by github.com/coreos/etcd/etcdserver/api.RunCapabilityLoop
	/go/src/github.com/coreos/etcd/gopath/src/github.com/coreos/etcd/etcdserver/api/capability.go:60 +0x80

goroutine 26 [IO wait]:
internal/poll.runtime_pollWait(0x75b14ceffd60, 0x72, 0x0)
	/usr/local/go/src/runtime/netpoll.go:173 +0x57
internal/poll.(*pollDesc).wait(0xc4201ae798, 0x72, 0xc420227300, 0x0, 0x0)
	/usr/local/go/src/internal/poll/fd_poll_runtime.go:85 +0x9b
internal/poll.(*pollDesc).waitRead(0xc4201ae798, 0xffffffffffffff00, 0x0, 0x0)
	/usr/local/go/src/internal/poll/fd_poll_runtime.go:90 +0x3d
internal/poll.(*FD).Accept(0xc4201ae780, 0x0, 0x0, 0x0, 0x0, 0x0, 0x0, 0x0)
	/usr/local/go/src/internal/poll/fd_unix.go:372 +0x1a8
net.(*netFD).accept(0xc4201ae780, 0xc42045c000, 0x0, 0x0)
	/usr/local/go/src/net/fd_unix.go:238 +0x42
net.(*UnixListener).accept(0xc4201ee870, 0x457ca0, 0xc4204caf50, 0xc4204caf58)
	/usr/local/go/src/net/unixsock_posix.go:162 +0x32
net.(*UnixListener).Accept(0xc4201ee870, 0xd103b8, 0xc4204f6090, 0xd736a0, 0xc42045c000)
	/usr/local/go/src/net/unixsock.go:253 +0x49
google.golang.org/grpc.(*Server).Serve(0xc4204f6090, 0xd6e160, 0xc4201ee870, 0x0, 0x0)
	/go/src/github.com/coreos/etcd/gopath/src/google.golang.org/grpc/server.go:277 +0x161
created by github.com/coreos/etcd/integration.(*member).Launch
	/go/src/github.com/coreos/etcd/gopath/src/github.com/coreos/etcd/integration/cluster.go:623 +0x8b9

goroutine 170 [IO wait]:
internal/poll.runtime_pollWait(0x75b14ceffbc0, 0x72, 0xc4204cb998)
	/usr/local/go/src/runtime/netpoll.go:173 +0x57
internal/poll.(*pollDesc).wait(0xc4201a0098, 0x72, 0xffffffffffffff00, 0xd68340, 0x10e2730)
	/usr/local/go/src/internal/poll/fd_poll_runtime.go:85 +0x9b
internal/poll.(*pollDesc).waitRead(0xc4201a0098, 0xc420500000, 0x8000, 0x8000)
	/usr/local/go/src/internal/poll/fd_poll_runtime.go:90 +0x3d
internal/poll.(*FD).Read(0xc4201a0080, 0xc420500000, 0x8000, 0x8000, 0x0, 0x0, 0x0)
	/usr/local/go/src/internal/poll/fd_unix.go:157 +0x17d
net.(*netFD).Read(0xc4201a0080, 0xc420500000, 0x8000, 0x8000, 0x1a, 0x0, 0x0)
	/usr/local/go/src/net/fd_unix.go:202 +0x4f
net.(*conn).Read(0xc42045c000, 0xc420500000, 0x8000, 0x8000, 0x0, 0x0, 0x0)
	/usr/local/go/src/net/net.go:176 +0x6a
bufio.(*Reader).Read(0xc4201ea060, 0xc420250038, 0x9, 0x9, 0xc4201b04a0, 0x10, 0x0)
	/usr/local/go/src/bufio/bufio.go:216 +0x238
io.ReadAtLeast(0xd65f00, 0xc4201ea060, 0xc420250038, 0x9, 0x9, 0x9, 0xc4204cbbf8, 0x4058bc, 0x582349)
	/usr/local/go/src/io/io.go:309 +0x86
io.ReadFull(0xd65f00, 0xc4201ea060, 0xc420250038, 0x9, 0x9, 0xc42026e958, 0xc4204cbc98, 0x582724)
	/usr/local/go/src/io/io.go:327 +0x58
golang.org/x/net/http2.readFrameHeader(0xc420250038, 0x9, 0x9, 0xd65f00, 0xc4201ea060, 0x0, 0x0, 0xc4204cbca8, 0xc4204cbc98)
	/go/src/github.com/coreos/etcd/gopath/src/golang.org/x/net/http2/frame.go:236 +0x7b
golang.org/x/net/http2.(*Framer).ReadFrame(0xc420250000, 0xc4203441c0, 0xc4201b04a0, 0xc4203441c0, 0x1)
	/go/src/github.com/coreos/etcd/gopath/src/golang.org/x/net/http2/frame.go:463 +0xa4
google.golang.org/grpc/transport.(*framer).readFrame(0xc4200bcba0, 0xc4201b04a0, 0xc4201b04a0, 0x0, 0x0)
	/go/src/github.com/coreos/etcd/gopath/src/google.golang.org/grpc/transport/http_util.go:406 +0x2f
google.golang.org/grpc/transport.(*http2Server).HandleStreams(0xc4202d6000, 0xc4200bd4a0)
	/go/src/github.com/coreos/etcd/gopath/src/google.golang.org/grpc/transport/http2_server.go:243 +0x268
google.golang.org/grpc.(*Server).serveStreams(0xc4204f6090, 0xd72440, 0xc4202d6000)
	/go/src/github.com/coreos/etcd/gopath/src/google.golang.org/grpc/server.go:344 +0x129
google.golang.org/grpc.(*Server).serveNewHTTP2Transport(0xc4204f6090, 0xd736a0, 0xc42045c000, 0x0, 0x0)
	/go/src/github.com/coreos/etcd/gopath/src/google.golang.org/grpc/server.go:337 +0x36c
google.golang.org/grpc.(*Server).handleRawConn(0xc4204f6090, 0xd736a0, 0xc42045c000)
	/go/src/github.com/coreos/etcd/gopath/src/google.golang.org/grpc/server.go:314 +0x3fe
created by google.golang.org/grpc.(*Server).Serve
	/go/src/github.com/coreos/etcd/gopath/src/google.golang.org/grpc/server.go:286 +0x14a

goroutine 171 [select]:
google.golang.org/grpc/transport.(*http2Server).controller(0xc4202d6000)
	/go/src/github.com/coreos/etcd/gopath/src/google.golang.org/grpc/transport/http2_server.go:652 +0x119
created by google.golang.org/grpc/transport.newHTTP2Server
	/go/src/github.com/coreos/etcd/gopath/src/google.golang.org/grpc/transport/http2_server.go:134 +0x532
