=== RUN   TestKVGetErrConnClosed
2026-09-19 10:16:10.111445 I | integration: launching node7391974954790815046 (unix://localhost:node7391974954790815046.sock)
2026-09-19 10:16:10.114403 I | etcdserver: name = node7391974954790815046
2026-09-19 10:16:10.114422 I | etcdserver: data dir = /tmp/etcd201983428
2026-09-19 10:16:10.114427 I | etcdserver: member dir = /tmp/etcd201983428/member
2026-09-19 10:16:10.114429 I | etcdserver: heartbeat = 10ms
2026-09-19 10:16:10.114431 I | etcdserver: election = 100ms
2026-09-19 10:16:10.114433 I | etcdserver: snapshot count = 0
2026-09-19 10:16:10.114445 I | etcdserver: advertise client URLs = http://127.0.0.1:21002
2026-09-19 10:16:10.114447 I | etcdserver: initial advertise peer URLs = http://127.0.0.1:21001
2026-09-19 10:16:10.114451 I | etcdserver: initial cluster = node7391974954790815046=http://127.0.0.1:21001
2026-09-19 10:16:10.116199 I | etcdserver: starting member 577295b580b977df in cluster 7c13d0269e447344
2026-09-19 10:16:10.116238 I | raft: 577295b580b977df became follower at term 0
2026-09-19 10:16:10.116244 I | raft: newRaft 577295b580b977df [peers: [], term: 0, commit: 0, applied: 0, lastindex: 0, lastterm: 0]
2026-09-19 10:16:10.116246 I | raft: 577295b580b977df became follower at term 1
2026-09-19 10:16:10.123799 I | etcdserver: set snapshot count to default 10000
2026-09-19 10:16:10.123825 I | etcdserver: starting server... [version: 3.0.0-beta.0+git, cluster version: to_be_decided]
2026-09-19 10:16:10.125476 I | integration: launched node7391974954790815046 (unix://localhost:node7391974954790815046.sock)
2026-09-19 10:16:10.125545 I | membership: added member 577295b580b977df [http://127.0.0.1:21001] to cluster 7c13d0269e447344
2026-09-19 10:16:10.146632 I | raft: 577295b580b977df is starting a new election at term 1
2026-09-19 10:16:10.146680 I | raft: 577295b580b977df became candidate at term 2
2026-09-19 10:16:10.146684 I | raft: 577295b580b977df received vote from 577295b580b977df at term 2
2026-09-19 10:16:10.146691 I | raft: 577295b580b977df became leader at term 2
2026-09-19 10:16:10.146710 I | raft: raft.node: 577295b580b977df elected leader 577295b580b977df at term 2
2026-09-19 10:16:10.146960 I | etcdserver: published {Name:node7391974954790815046 ClientURLs:[http://127.0.0.1:21002]} to cluster 7c13d0269e447344
2026-09-19 10:16:10.147032 I | etcdserver: setting up the initial cluster version to 3.0
2026-09-19 10:16:10.147603 N | membership: set the initial cluster version to 3.0
2026-09-19 10:16:10.147781 I | integration: terminating node7391974954790815046 (unix://localhost:node7391974954790815046.sock)
2026-09-19 10:16:10.149762 I | integration: terminated node7391974954790815046 (unix://localhost:node7391974954790815046.sock)
--- PASS: TestKVGetErrConnClosed (0.04s)
PASS
