=== RUN   TestKVGetErrConnClosed
2026-09-19 10:12:19.403252 I | integration: launching node7323744653523227860 (unix://localhost:node7323744653523227860.sock)
2026-09-19 10:12:19.406641 I | etcdserver: name = node7323744653523227860
2026-09-19 10:12:19.406664 I | etcdserver: data dir = /tmp/etcd005304338
2026-09-19 10:12:19.406670 I | etcdserver: member dir = /tmp/etcd005304338/member
2026-09-19 10:12:19.406672 I | etcdserver: heartbeat = 10ms
2026-09-19 10:12:19.406675 I | etcdserver: election = 100ms
2026-09-19 10:12:19.406677 I | etcdserver: snapshot count = 0
2026-09-19 10:12:19.406682 I | etcdserver: advertise client URLs = http://127.0.0.1:21002
2026-09-19 10:12:19.406685 I | etcdserver: initial advertise peer URLs = http://127.0.0.1:21001
2026-09-19 10:12:19.406689 I | etcdserver: initial cluster = node7323744653523227860=http://127.0.0.1:21001
2026-09-19 10:12:19.410276 I | etcdserver: starting member 577295b580b977df in cluster 7c13d0269e447344
2026-09-19 10:12:19.410339 I | raft: 577295b580b977df became follower at term 0
2026-09-19 10:12:19.410379 I | raft: newRaft 577295b580b977df [peers: [], term: 0, commit: 0, applied: 0, lastindex: 0, lastterm: 0]
2026-09-19 10:12:19.410385 I | raft: 577295b580b977df became follower at term 1
2026-09-19 10:12:19.418241 I | etcdserver: set snapshot count to default 10000
2026-09-19 10:12:19.418280 I | etcdserver: starting server... [version: 3.0.0-beta.0+git, cluster version: to_be_decided]
2026-09-19 10:12:19.420260 I | membership: added member 577295b580b977df [http://127.0.0.1:21001] to cluster 7c13d0269e447344
2026-09-19 10:12:19.420313 I | integration: launched node7323744653523227860 (unix://localhost:node7323744653523227860.sock)
2026-09-19 10:12:19.441052 I | raft: 577295b580b977df is starting a new election at term 1
2026-09-19 10:12:19.441085 I | raft: 577295b580b977df became candidate at term 2
2026-09-19 10:12:19.441091 I | raft: 577295b580b977df received vote from 577295b580b977df at term 2
2026-09-19 10:12:19.441098 I | raft: 577295b580b977df became leader at term 2
2026-09-19 10:12:19.441154 I | raft: raft.node: 577295b580b977df elected leader 577295b580b977df at term 2
2026-09-19 10:12:19.441412 I | etcdserver: published {Name:node7323744653523227860 ClientURLs:[http://127.0.0.1:21002]} to cluster 7c13d0269e447344
2026-09-19 10:12:19.441447 I | etcdserver: setting up the initial cluster version to 3.0
2026-09-19 10:12:19.441880 N | membership: set the initial cluster version to 3.0
2026-09-19 10:12:19.442380 I | integration: terminating node7323744653523227860 (unix://localhost:node7323744653523227860.sock)
2026-09-19 10:12:19.444157 I | integration: terminated node7323744653523227860 (unix://localhost:node7323744653523227860.sock)
--- PASS: TestKVGetErrConnClosed (0.05s)
PASS
