=== RUN   TestKVGetErrConnClosed
2026-09-19 10:16:56.557756 I | integration: launching node5591194277802227765 (unix://localhost:node5591194277802227765.sock)
2026-09-19 10:16:56.560377 I | etcdserver: name = node5591194277802227765
2026-09-19 10:16:56.560397 I | etcdserver: data dir = /tmp/etcd175223030
2026-09-19 10:16:56.560401 I | etcdserver: member dir = /tmp/etcd175223030/member
2026-09-19 10:16:56.560404 I | etcdserver: heartbeat = 10ms
2026-09-19 10:16:56.560406 I | etcdserver: election = 100ms
2026-09-19 10:16:56.560408 I | etcdserver: snapshot count = 0
2026-09-19 10:16:56.560412 I | etcdserver: advertise client URLs = http://127.0.0.1:21002
2026-09-19 10:16:56.560415 I | etcdserver: initial advertise peer URLs = http://127.0.0.1:21001
2026-09-19 10:16:56.560419 I | etcdserver: initial cluster = node5591194277802227765=http://127.0.0.1:21001
2026-09-19 10:16:56.562044 I | etcdserver: starting member 577295b580b977df in cluster 7c13d0269e447344
2026-09-19 10:16:56.562092 I | raft: 577295b580b977df became follower at term 0
2026-09-19 10:16:56.562099 I | raft: newRaft 577295b580b977df [peers: [], term: 0, commit: 0, applied: 0, lastindex: 0, lastterm: 0]
2026-09-19 10:16:56.562102 I | raft: 577295b580b977df became follower at term 1
2026-09-19 10:16:56.569004 I | etcdserver: set snapshot count to default 10000
2026-09-19 10:16:56.569030 I | etcdserver: starting server... [version: 3.0.0-beta.0+git, cluster version: to_be_decided]
2026-09-19 10:16:56.570659 I | membership: added member 577295b580b977df [http://127.0.0.1:21001] to cluster 7c13d0269e447344
2026-09-19 10:16:56.571038 I | integration: launched node5591194277802227765 (unix://localhost:node5591194277802227765.sock)
2026-09-19 10:16:56.592517 I | raft: 577295b580b977df is starting a new election at term 1
2026-09-19 10:16:56.592562 I | raft: 577295b580b977df became candidate at term 2
2026-09-19 10:16:56.592566 I | raft: 577295b580b977df received vote from 577295b580b977df at term 2
2026-09-19 10:16:56.592577 I | raft: 577295b580b977df became leader at term 2
2026-09-19 10:16:56.592608 I | raft: raft.node: 577295b580b977df elected leader 577295b580b977df at term 2
2026-09-19 10:16:56.592800 I | etcdserver: setting up the initial cluster version to 3.0
2026-09-19 10:16:56.593539 N | membership: set the initial cluster version to 3.0
2026-09-19 10:16:56.593592 I | etcdserver: published {Name:node5591194277802227765 ClientURLs:[http://127.0.0.1:21002]} to cluster 7c13d0269e447344
2026-09-19 10:16:56.603855 I | integration: terminating node5591194277802227765 (unix://localhost:node5591194277802227765.sock)
2026-09-19 10:16:56.605844 I | integration: terminated node5591194277802227765 (unix://localhost:node5591194277802227765.sock)
--- PASS: TestKVGetErrConnClosed (0.05s)
PASS
