=== RUN   TestKVGetErrConnClosed
2026-09-19 10:17:01.081775 I | integration: launching node7590730192206580760 (unix://localhost:node7590730192206580760.sock)
2026-09-19 10:17:01.084139 I | etcdserver: name = node7590730192206580760
2026-09-19 10:17:01.084159 I | etcdserver: data dir = /tmp/etcd960713869
2026-09-19 10:17:01.084163 I | etcdserver: member dir = /tmp/etcd960713869/member
2026-09-19 10:17:01.084166 I | etcdserver: heartbeat = 10ms
2026-09-19 10:17:01.084168 I | etcdserver: election = 100ms
2026-09-19 10:17:01.084169 I | etcdserver: snapshot count = 0
2026-09-19 10:17:01.084174 I | etcdserver: advertise client URLs = http://127.0.0.1:21002
2026-09-19 10:17:01.084177 I | etcdserver: initial advertise peer URLs = http://127.0.0.1:21001
2026-09-19 10:17:01.084185 I | etcdserver: initial cluster = node7590730192206580760=http://127.0.0.1:21001
2026-09-19 10:17:01.085848 I | etcdserver: starting member 577295b580b977df in cluster 7c13d0269e447344
2026-09-19 10:17:01.085887 I | raft: 577295b580b977df became follower at term 0
2026-09-19 10:17:01.085896 I | raft: newRaft 577295b580b977df [peers: [], term: 0, commit: 0, applied: 0, lastindex: 0, lastterm: 0]
2026-09-19 10:17:01.085899 I | raft: 577295b580b977df became follower at term 1
2026-09-19 10:17:01.091633 I | etcdserver: set snapshot count to default 10000
2026-09-19 10:17:01.091661 I | etcdserver: starting server... [version: 3.0.0-beta.0+git, cluster version: to_be_decided]
2026-09-19 10:17:01.093304 I | integration: launched node7590730192206580760 (unix://localhost:node7590730192206580760.sock)
2026-09-19 10:17:01.093364 I | membership: added member 577295b580b977df [http://127.0.0.1:21001] to cluster 7c13d0269e447344
2026-09-19 10:17:01.116215 I | raft: 577295b580b977df is starting a new election at term 1
2026-09-19 10:17:01.116266 I | raft: 577295b580b977df became candidate at term 2
2026-09-19 10:17:01.116272 I | raft: 577295b580b977df received vote from 577295b580b977df at term 2
2026-09-19 10:17:01.116279 I | raft: 577295b580b977df became leader at term 2
2026-09-19 10:17:01.116300 I | raft: raft.node: 577295b580b977df elected leader 577295b580b977df at term 2
2026-09-19 10:17:01.116410 I | etcdserver: setting up the initial cluster version to 3.0
2026-09-19 10:17:01.117252 N | membership: set the initial cluster version to 3.0
2026-09-19 10:17:01.117339 I | etcdserver: published {Name:node7590730192206580760 ClientURLs:[http://127.0.0.1:21002]} to cluster 7c13d0269e447344
2026-09-19 10:17:01.126194 I | integration: terminating node7590730192206580760 (unix://localhost:node7590730192206580760.sock)
2026-09-19 10:17:01.128198 I | integration: terminated node7590730192206580760 (unix://localhost:node7590730192206580760.sock)
--- PASS: TestKVGetErrConnClosed (0.05s)
PASS
