=== RUN   TestKVGetErrConnClosed
2026-09-19 10:16:58.083937 I | integration: launching node7662543266523363201 (unix://localhost:node7662543266523363201.sock)
2026-09-19 10:16:58.086307 I | etcdserver: name = node7662543266523363201
2026-09-19 10:16:58.086325 I | etcdserver: data dir = /tmp/etcd697336096
2026-09-19 10:16:58.086329 I | etcdserver: member dir = /tmp/etcd697336096/member
2026-09-19 10:16:58.086335 I | etcdserver: heartbeat = 10ms
2026-09-19 10:16:58.086337 I | etcdserver: election = 100ms
2026-09-19 10:16:58.086339 I | etcdserver: snapshot count = 0
2026-09-19 10:16:58.086344 I | etcdserver: advertise client URLs = http://127.0.0.1:21002
2026-09-19 10:16:58.086347 I | etcdserver: initial advertise peer URLs = http://127.0.0.1:21001
2026-09-19 10:16:58.086353 I | etcdserver: initial cluster = node7662543266523363201=http://127.0.0.1:21001
2026-09-19 10:16:58.087995 I | etcdserver: starting member 577295b580b977df in cluster 7c13d0269e447344
2026-09-19 10:16:58.088035 I | raft: 577295b580b977df became follower at term 0
2026-09-19 10:16:58.088041 I | raft: newRaft 577295b580b977df [peers: [], term: 0, commit: 0, applied: 0, lastindex: 0, lastterm: 0]
2026-09-19 10:16:58.088044 I | raft: 577295b580b977df became follower at term 1
2026-09-19 10:16:58.095667 I | etcdserver: set snapshot count to default 10000
2026-09-19 10:16:58.095690 I | etcdserver: starting server... [version: 3.0.0-beta.0+git, cluster version: to_be_decided]
2026-09-19 10:16:58.097364 I | integration: launched node7662543266523363201 (unix://localhost:node7662543266523363201.sock)
2026-09-19 10:16:58.097708 I | membership: added member 577295b580b977df [http://127.0.0.1:21001] to cluster 7c13d0269e447344
2026-09-19 10:16:58.118450 I | raft: 577295b580b977df is starting a new election at term 1
2026-09-19 10:16:58.118486 I | raft: 577295b580b977df became candidate at term 2
2026-09-19 10:16:58.118493 I | raft: 577295b580b977df received vote from 577295b580b977df at term 2
2026-09-19 10:16:58.118500 I | raft: 577295b580b977df became leader at term 2
2026-09-19 10:16:58.118525 I | raft: raft.node: 577295b580b977df elected leader 577295b580b977df at term 2
2026-09-19 10:16:58.118698 I | etcdserver: published {Name:node7662543266523363201 ClientURLs:[http://127.0.0.1:21002]} to cluster 7c13d0269e447344
2026-09-19 10:16:58.118784 I | etcdserver: setting up the initial cluster version to 3.0
2026-09-19 10:16:58.119339 N | membership: set the initial cluster version to 3.0
2026-09-19 10:16:58.120182 I | integration: terminating node7662543266523363201 (unix://localhost:node7662543266523363201.sock)
2026-09-19 10:16:58.122035 I | integration: terminated node7662543266523363201 (unix://localhost:node7662543266523363201.sock)
--- PASS: TestKVGetErrConnClosed (0.04s)
PASS
