=== RUN   TestKVGetErrConnClosed
2026-09-19 10:16:58.829999 I | integration: launching node382189023452719666 (unix://localhost:node382189023452719666.sock)
2026-09-19 10:16:58.832312 I | etcdserver: name = node382189023452719666
2026-09-19 10:16:58.832331 I | etcdserver: data dir = /tmp/etcd698218788
2026-09-19 10:16:58.832335 I | etcdserver: member dir = /tmp/etcd698218788/member
2026-09-19 10:16:58.832337 I | etcdserver: heartbeat = 10ms
2026-09-19 10:16:58.832339 I | etcdserver: election = 100ms
2026-09-19 10:16:58.832341 I | etcdserver: snapshot count = 0
2026-09-19 10:16:58.832345 I | etcdserver: advertise client URLs = http://127.0.0.1:21002
2026-09-19 10:16:58.832348 I | etcdserver: initial advertise peer URLs = http://127.0.0.1:21001
2026-09-19 10:16:58.832352 I | etcdserver: initial cluster = node382189023452719666=http://127.0.0.1:21001
2026-09-19 10:16:58.834045 I | etcdserver: starting member 577295b580b977df in cluster 7c13d0269e447344
2026-09-19 10:16:58.834087 I | raft: 577295b580b977df became follower at term 0
2026-09-19 10:16:58.834093 I | raft: newRaft 577295b580b977df [peers: [], term: 0, commit: 0, applied: 0, lastindex: 0, lastterm: 0]
2026-09-19 10:16:58.834095 I | raft: 577295b580b977df became follower at term 1
2026-09-19 10:16:58.841089 I | etcdserver: set snapshot count to default 10000
2026-09-19 10:16:58.841112 I | etcdserver: starting server... [version: 3.0.0-beta.0+git, cluster version: to_be_decided]
2026-09-19 10:16:58.842980 I | integration: launched node382189023452719666 (unix://localhost:node382189023452719666.sock)
2026-09-19 10:16:58.843004 I | membership: added member 577295b580b977df [http://127.0.0.1:21001] to cluster 7c13d0269e447344
2026-09-19 10:16:58.864358 I | raft: 577295b580b977df is starting a new election at term 1
2026-09-19 10:16:58.864391 I | raft: 577295b580b977df became candidate at term 2
2026-09-19 10:16:58.864397 I | raft: 577295b580b977df received vote from 577295b580b977df at term 2
2026-09-19 10:16:58.864404 I | raft: 577295b580b977df became leader at term 2
2026-09-19 10:16:58.864430 I | raft: raft.node: 577295b580b977df elected leader 577295b580b977df at term 2
2026-09-19 10:16:58.864517 I | etcdserver: setting up the initial cluster version to 3.0
2026-09-19 10:16:58.865279 N | membership: set the initial cluster version to 3.0
2026-09-19 10:16:58.865317 I | etcdserver: published {Name:node382189023452719666 ClientURLs:[http://127.0.0.1:21002]} to cluster 7c13d0269e447344
2026-09-19 10:16:58.876125 I | integration: terminating node382189023452719666 (unix://localhost:node382189023452719666.sock)
2026-09-19 10:16:58.878227 I | integration: terminated node382189023452719666 (unix://localhost:node382189023452719666.sock)
--- PASS: TestKVGetErrConnClosed (0.05s)
PASS
