=== RUN   TestKVGetErrConnClosed
2026-09-19 10:29:59.526809 I | integration: launching node3217597043949610825 (unix://localhost:node3217597043949610825.sock)
2026-09-19 10:29:59.529478 I | etcdserver: name = node3217597043949610825
2026-09-19 10:29:59.529497 I | etcdserver: data dir = /tmp/etcd198182140
2026-09-19 10:29:59.529501 I | etcdserver: member dir = /tmp/etcd198182140/member
2026-09-19 10:29:59.529503 I | etcdserver: heartbeat = 10ms
2026-09-19 10:29:59.529507 I | etcdserver: election = 100ms
2026-09-19 10:29:59.529511 I | etcdserver: snapshot count = 0
2026-09-19 10:29:59.529516 I | etcdserver: advertise client URLs = http://127.0.0.1:21002
2026-09-19 10:29:59.529518 I | etcdserver: initial advertise peer URLs = http://127.0.0.1:21001
2026-09-19 10:29:59.529522 I | etcdserver: initial cluster = node3217597043949610825=http://127.0.0.1:21001
2026-09-19 10:29:59.531177 I | etcdserver: starting member 577295b580b977df in cluster 7c13d0269e447344
2026-09-19 10:29:59.531222 I | raft: 577295b580b977df became follower at term 0
2026-09-19 10:29:59.531228 I | raft: newRaft 577295b580b977df [peers: [], term: 0, commit: 0, applied: 0, lastindex: 0, lastterm: 0]
2026-09-19 10:29:59.531230 I | raft: 577295b580b977df became follower at term 1
2026-09-19 10:29:59.536819 I | etcdserver: set snapshot count to default 10000
2026-09-19 10:29:59.536846 I | etcdserver: starting server... [version: 3.0.0-beta.0+git, cluster version: to_be_decided]
2026-09-19 10:29:59.538970 I | membership: added member 577295b580b977df [http://127.0.0.1:21001] to cluster 7c13d0269e447344
2026-09-19 10:29:59.538996 I | integration: launched node3217597043949610825 (unix://localhost:node3217597043949610825.sock)
2026-09-19 10:29:59.561554 I | raft: 577295b580b977df is starting a new election at term 1
2026-09-19 10:29:59.561592 I | raft: 577295b580b977df became candidate at term 2
2026-09-19 10:29:59.561598 I | raft: 577295b580b977df received vote from 577295b580b977df at term 2
2026-09-19 10:29:59.561604 I | raft: 577295b580b977df became leader at term 2
2026-09-19 10:29:59.561624 I | raft: raft.node: 577295b580b977df elected leader 577295b580b977df at term 2
2026-09-19 10:29:59.561803 I | etcdserver: setting up the initial cluster version to 3.0
2026-09-19 10:29:59.562436 N | membership: set the initial cluster version to 3.0
2026-09-19 10:29:59.562489 I | etcdserver: published {Name:node3217597043949610825 ClientURLs:[http://127.0.0.1:21002]} to cluster 7c13d0269e447344
2026-09-19 10:29:59.572156 I | integration: terminating node3217597043949610825 (unix://localhost:node3217597043949610825.sock)
2026-09-19 10:29:59.574038 I | integration: terminated node3217597043949610825 (unix://localhost:node3217597043949610825.sock)
--- PASS: TestKVGetErrConnClosed (0.05s)
PASS
