=== RUN   TestKVGetErrConnClosed
2026-09-19 10:30:00.306296 I | integration: launching node4075624955518123977 (unix://localhost:node4075624955518123977.sock)
2026-09-19 10:30:00.308769 I | etcdserver: name = node4075624955518123977
2026-09-19 10:30:00.308796 I | etcdserver: data dir = /tmp/etcd539842333
2026-09-19 10:30:00.308802 I | etcdserver: member dir = /tmp/etcd539842333/member
2026-09-19 10:30:00.308806 I | etcdserver: heartbeat = 10ms
2026-09-19 10:30:00.308809 I | etcdserver: election = 100ms
2026-09-19 10:30:00.308813 I | etcdserver: snapshot count = 0
2026-09-19 10:30:00.308821 I | etcdserver: advertise client URLs = http://127.0.0.1:21002
2026-09-19 10:30:00.308826 I | etcdserver: initial advertise peer URLs = http://127.0.0.1:21001
2026-09-19 10:30:00.308833 I | etcdserver: initial cluster = node4075624955518123977=http://127.0.0.1:21001
2026-09-19 10:30:00.310821 I | etcdserver: starting member 577295b580b977df in cluster 7c13d0269e447344
2026-09-19 10:30:00.310863 I | raft: 577295b580b977df became follower at term 0
2026-09-19 10:30:00.310870 I | raft: newRaft 577295b580b977df [peers: [], term: 0, commit: 0, applied: 0, lastindex: 0, lastterm: 0]
2026-09-19 10:30:00.310872 I | raft: 577295b580b977df became follower at term 1
2026-09-19 10:30:00.316973 I | etcdserver: set snapshot count to default 10000
2026-09-19 10:30:00.316997 I | etcdserver: starting server... [version: 3.0.0-beta.0+git, cluster version: to_be_decided]
2026-09-19 10:30:00.318652 I | integration: launched node4075624955518123977 (unix://localhost:node4075624955518123977.sock)
2026-09-19 10:30:00.318702 I | membership: added member 577295b580b977df [http://127.0.0.1:21001] to cluster 7c13d0269e447344
2026-09-19 10:30:00.341294 I | raft: 577295b580b977df is starting a new election at term 1
2026-09-19 10:30:00.341337 I | raft: 577295b580b977df became candidate at term 2
2026-09-19 10:30:00.341344 I | raft: 577295b580b977df received vote from 577295b580b977df at term 2
2026-09-19 10:30:00.341352 I | raft: 577295b580b977df became leader at term 2
2026-09-19 10:30:00.341377 I | raft: raft.node: 577295b580b977df elected leader 577295b580b977df at term 2
2026-09-19 10:30:00.341574 I | etcdserver: setting up the initial cluster version to 3.0
2026-09-19 10:30:00.342304 N | membership: set the initial cluster version to 3.0
2026-09-19 10:30:00.342362 I | etcdserver: published {Name:node4075624955518123977 ClientURLs:[http://127.0.0.1:21002]} to cluster 7c13d0269e447344
2026-09-19 10:30:00.352560 I | integration: terminating node4075624955518123977 (unix://localhost:node4075624955518123977.sock)
2026-09-19 10:30:00.354997 I | integration: terminated node4075624955518123977 (unix://localhost:node4075624955518123977.sock)
--- PASS: TestKVGetErrConnClosed (0.05s)
PASS
