=== RUN   TestKVGetErrConnClosed
2026-09-19 10:29:58.817117 I | integration: launching node1011741830212308658 (unix://localhost:node1011741830212308658.sock)
2026-09-19 10:29:58.819326 I | etcdserver: name = node1011741830212308658
2026-09-19 10:29:58.819345 I | etcdserver: data dir = /tmp/etcd676989612
2026-09-19 10:29:58.819349 I | etcdserver: member dir = /tmp/etcd676989612/member
2026-09-19 10:29:58.819352 I | etcdserver: heartbeat = 10ms
2026-09-19 10:29:58.819354 I | etcdserver: election = 100ms
2026-09-19 10:29:58.819355 I | etcdserver: snapshot count = 0
2026-09-19 10:29:58.819360 I | etcdserver: advertise client URLs = http://127.0.0.1:21002
2026-09-19 10:29:58.819363 I | etcdserver: initial advertise peer URLs = http://127.0.0.1:21001
2026-09-19 10:29:58.819367 I | etcdserver: initial cluster = node1011741830212308658=http://127.0.0.1:21001
2026-09-19 10:29:58.820943 I | etcdserver: starting member 577295b580b977df in cluster 7c13d0269e447344
2026-09-19 10:29:58.820982 I | raft: 577295b580b977df became follower at term 0
2026-09-19 10:29:58.820988 I | raft: newRaft 577295b580b977df [peers: [], term: 0, commit: 0, applied: 0, lastindex: 0, lastterm: 0]
2026-09-19 10:29:58.820990 I | raft: 577295b580b977df became follower at term 1
2026-09-19 10:29:58.826383 I | etcdserver: set snapshot count to default 10000
2026-09-19 10:29:58.826406 I | etcdserver: starting server... [version: 3.0.0-beta.0+git, cluster version: to_be_decided]
2026-09-19 10:29:58.828166 I | membership: added member 577295b580b977df [http://127.0.0.1:21001] to cluster 7c13d0269e447344
2026-09-19 10:29:58.828197 I | integration: launched node1011741830212308658 (unix://localhost:node1011741830212308658.sock)
2026-09-19 10:29:58.851396 I | raft: 577295b580b977df is starting a new election at term 1
2026-09-19 10:29:58.851429 I | raft: 577295b580b977df became candidate at term 2
2026-09-19 10:29:58.851434 I | raft: 577295b580b977df received vote from 577295b580b977df at term 2
2026-09-19 10:29:58.851442 I | raft: 577295b580b977df became leader at term 2
2026-09-19 10:29:58.851474 I | raft: raft.node: 577295b580b977df elected leader 577295b580b977df at term 2
2026-09-19 10:29:58.851699 I | etcdserver: published {Name:node1011741830212308658 ClientURLs:[http://127.0.0.1:21002]} to cluster 7c13d0269e447344
2026-09-19 10:29:58.851764 I | etcdserver: setting up the initial cluster version to 3.0
2026-09-19 10:29:58.852322 N | membership: set the initial cluster version to 3.0
2026-09-19 10:29:58.861732 I | integration: terminating node1011741830212308658 (unix://localhost:node1011741830212308658.sock)
2026-09-19 10:29:58.863979 I | integration: terminated node1011741830212308658 (unix://localhost:node1011741830212308658.sock)
--- PASS: TestKVGetErrConnClosed (0.05s)
PASS
