=== RUN   TestKVGetErrConnClosed
2026-09-19 10:17:00.316698 I | integration: launching node1735926880995182298 (unix://localhost:node1735926880995182298.sock)
2026-09-19 10:17:00.319320 I | etcdserver: name = node1735926880995182298
2026-09-19 10:17:00.319341 I | etcdserver: data dir = /tmp/etcd587547390
2026-09-19 10:17:00.319345 I | etcdserver: member dir = /tmp/etcd587547390/member
2026-09-19 10:17:00.319347 I | etcdserver: heartbeat = 10ms
2026-09-19 10:17:00.319349 I | etcdserver: election = 100ms
2026-09-19 10:17:00.319351 I | etcdserver: snapshot count = 0
2026-09-19 10:17:00.319356 I | etcdserver: advertise client URLs = http://127.0.0.1:21002
2026-09-19 10:17:00.319358 I | etcdserver: initial advertise peer URLs = http://127.0.0.1:21001
2026-09-19 10:17:00.319362 I | etcdserver: initial cluster = node1735926880995182298=http://127.0.0.1:21001
2026-09-19 10:17:00.321023 I | etcdserver: starting member 577295b580b977df in cluster 7c13d0269e447344
2026-09-19 10:17:00.321067 I | raft: 577295b580b977df became follower at term 0
2026-09-19 10:17:00.321074 I | raft: newRaft 577295b580b977df [peers: [], term: 0, commit: 0, applied: 0, lastindex: 0, lastterm: 0]
2026-09-19 10:17:00.321080 I | raft: 577295b580b977df became follower at term 1
2026-09-19 10:17:00.330196 I | etcdserver: set snapshot count to default 10000
2026-09-19 10:17:00.330230 I | etcdserver: starting server... [version: 3.0.0-beta.0+git, cluster version: to_be_decided]
2026-09-19 10:17:00.330413 I | integration: launched node1735926880995182298 (unix://localhost:node1735926880995182298.sock)
2026-09-19 10:17:00.332369 I | membership: added member 577295b580b977df [http://127.0.0.1:21001] to cluster 7c13d0269e447344
2026-09-19 10:17:00.351426 I | raft: 577295b580b977df is starting a new election at term 1
2026-09-19 10:17:00.351465 I | raft: 577295b580b977df became candidate at term 2
2026-09-19 10:17:00.351471 I | raft: 577295b580b977df received vote from 577295b580b977df at term 2
2026-09-19 10:17:00.351493 I | raft: 577295b580b977df became leader at term 2
2026-09-19 10:17:00.351517 I | raft: raft.node: 577295b580b977df elected leader 577295b580b977df at term 2
2026-09-19 10:17:00.351755 I | etcdserver: published {Name:node1735926880995182298 ClientURLs:[http://127.0.0.1:21002]} to cluster 7c13d0269e447344
2026-09-19 10:17:00.351802 I | etcdserver: setting up the initial cluster version to 3.0
2026-09-19 10:17:00.352487 N | membership: set the initial cluster version to 3.0
2026-09-19 10:17:00.354638 I | integration: terminating node1735926880995182298 (unix://localhost:node1735926880995182298.sock)
2026-09-19 10:17:00.356496 I | integration: terminated node1735926880995182298 (unix://localhost:node1735926880995182298.sock)
--- PASS: TestKVGetErrConnClosed (0.04s)
PASS
