=== RUN   TestKVGetErrConnClosed
2026-09-19 10:17:02.567062 I | integration: launching node6493800327300307565 (unix://localhost:node6493800327300307565.sock)
2026-09-19 10:17:02.569331 I | etcdserver: name = node6493800327300307565
2026-09-19 10:17:02.569351 I | etcdserver: data dir = /tmp/etcd328415513
2026-09-19 10:17:02.569356 I | etcdserver: member dir = /tmp/etcd328415513/member
2026-09-19 10:17:02.569358 I | etcdserver: heartbeat = 10ms
2026-09-19 10:17:02.569360 I | etcdserver: election = 100ms
2026-09-19 10:17:02.569362 I | etcdserver: snapshot count = 0
2026-09-19 10:17:02.569367 I | etcdserver: advertise client URLs = http://127.0.0.1:21002
2026-09-19 10:17:02.569369 I | etcdserver: initial advertise peer URLs = http://127.0.0.1:21001
2026-09-19 10:17:02.569373 I | etcdserver: initial cluster = node6493800327300307565=http://127.0.0.1:21001
2026-09-19 10:17:02.571174 I | etcdserver: starting member 577295b580b977df in cluster 7c13d0269e447344
2026-09-19 10:17:02.571222 I | raft: 577295b580b977df became follower at term 0
2026-09-19 10:17:02.571229 I | raft: newRaft 577295b580b977df [peers: [], term: 0, commit: 0, applied: 0, lastindex: 0, lastterm: 0]
2026-09-19 10:17:02.571232 I | raft: 577295b580b977df became follower at term 1
2026-09-19 10:17:02.576695 I | etcdserver: set snapshot count to default 10000
2026-09-19 10:17:02.576719 I | etcdserver: starting server... [version: 3.0.0-beta.0+git, cluster version: to_be_decided]
2026-09-19 10:17:02.578447 I | integration: launched node6493800327300307565 (unix://localhost:node6493800327300307565.sock)
2026-09-19 10:17:02.579085 I | membership: added member 577295b580b977df [http://127.0.0.1:21001] to cluster 7c13d0269e447344
2026-09-19 10:17:02.601702 I | raft: 577295b580b977df is starting a new election at term 1
2026-09-19 10:17:02.601735 I | raft: 577295b580b977df became candidate at term 2
2026-09-19 10:17:02.601741 I | raft: 577295b580b977df received vote from 577295b580b977df at term 2
2026-09-19 10:17:02.601748 I | raft: 577295b580b977df became leader at term 2
2026-09-19 10:17:02.601764 I | raft: raft.node: 577295b580b977df elected leader 577295b580b977df at term 2
2026-09-19 10:17:02.601867 I | etcdserver: setting up the initial cluster version to 3.0
2026-09-19 10:17:02.602658 N | membership: set the initial cluster version to 3.0
2026-09-19 10:17:02.602702 I | etcdserver: published {Name:node6493800327300307565 ClientURLs:[http://127.0.0.1:21002]} to cluster 7c13d0269e447344
2026-09-19 10:17:02.611700 I | integration: terminating node6493800327300307565 (unix://localhost:node6493800327300307565.sock)
2026-09-19 10:17:02.613929 I | integration: terminated node6493800327300307565 (unix://localhost:node6493800327300307565.sock)
--- PASS: TestKVGetErrConnClosed (0.05s)
PASS
