=== RUN   TestKVGetErrConnClosed
2026-09-19 10:16:59.537631 I | integration: launching node6958524172294972227 (unix://localhost:node6958524172294972227.sock)
2026-09-19 10:16:59.540265 I | etcdserver: name = node6958524172294972227
2026-09-19 10:16:59.540284 I | etcdserver: data dir = /tmp/etcd149828232
2026-09-19 10:16:59.540289 I | etcdserver: member dir = /tmp/etcd149828232/member
2026-09-19 10:16:59.540291 I | etcdserver: heartbeat = 10ms
2026-09-19 10:16:59.540293 I | etcdserver: election = 100ms
2026-09-19 10:16:59.540295 I | etcdserver: snapshot count = 0
2026-09-19 10:16:59.540300 I | etcdserver: advertise client URLs = http://127.0.0.1:21002
2026-09-19 10:16:59.540302 I | etcdserver: initial advertise peer URLs = http://127.0.0.1:21001
2026-09-19 10:16:59.540306 I | etcdserver: initial cluster = node6958524172294972227=http://127.0.0.1:21001
2026-09-19 10:16:59.542044 I | etcdserver: starting member 577295b580b977df in cluster 7c13d0269e447344
2026-09-19 10:16:59.542084 I | raft: 577295b580b977df became follower at term 0
2026-09-19 10:16:59.542090 I | raft: newRaft 577295b580b977df [peers: [], term: 0, commit: 0, applied: 0, lastindex: 0, lastterm: 0]
2026-09-19 10:16:59.542093 I | raft: 577295b580b977df became follower at term 1
2026-09-19 10:16:59.549812 I | etcdserver: set snapshot count to default 10000
2026-09-19 10:16:59.549838 I | etcdserver: starting server... [version: 3.0.0-beta.0+git, cluster version: to_be_decided]
2026-09-19 10:16:59.551295 I | integration: launched node6958524172294972227 (unix://localhost:node6958524172294972227.sock)
2026-09-19 10:16:59.551322 I | membership: added member 577295b580b977df [http://127.0.0.1:21001] to cluster 7c13d0269e447344
2026-09-19 10:16:59.572406 I | raft: 577295b580b977df is starting a new election at term 1
2026-09-19 10:16:59.572470 I | raft: 577295b580b977df became candidate at term 2
2026-09-19 10:16:59.572476 I | raft: 577295b580b977df received vote from 577295b580b977df at term 2
2026-09-19 10:16:59.572491 I | raft: 577295b580b977df became leader at term 2
2026-09-19 10:16:59.572513 I | raft: raft.node: 577295b580b977df elected leader 577295b580b977df at term 2
2026-09-19 10:16:59.572714 I | etcdserver: published {Name:node6958524172294972227 ClientURLs:[http://127.0.0.1:21002]} to cluster 7c13d0269e447344
2026-09-19 10:16:59.572751 I | etcdserver: setting up the initial cluster version to 3.0
2026-09-19 10:16:59.573242 N | membership: set the initial cluster version to 3.0
2026-09-19 10:16:59.573608 I | integration: terminating node6958524172294972227 (unix://localhost:node6958524172294972227.sock)
2026-09-19 10:16:59.575490 I | integration: terminated node6958524172294972227 (unix://localhost:node6958524172294972227.sock)
--- PASS: TestKVGetErrConnClosed (0.04s)
PASS
