=== RUN   TestKVGetErrConnClosed
2026-09-19 10:29:55.775808 I | integration: launching node3637790272528304123 (unix://localhost:node3637790272528304123.sock)
2026-09-19 10:29:55.778385 I | etcdserver: name = node3637790272528304123
2026-09-19 10:29:55.778409 I | etcdserver: data dir = /tmp/etcd398670947
2026-09-19 10:29:55.778414 I | etcdserver: member dir = /tmp/etcd398670947/member
2026-09-19 10:29:55.778417 I | etcdserver: heartbeat = 10ms
2026-09-19 10:29:55.778420 I | etcdserver: election = 100ms
2026-09-19 10:29:55.778422 I | etcdserver: snapshot count = 0
2026-09-19 10:29:55.778427 I | etcdserver: advertise client URLs = http://127.0.0.1:21002
2026-09-19 10:29:55.778430 I | etcdserver: initial advertise peer URLs = http://127.0.0.1:21001
2026-09-19 10:29:55.778434 I | etcdserver: initial cluster = node3637790272528304123=http://127.0.0.1:21001
2026-09-19 10:29:55.782134 I | etcdserver: starting member 577295b580b977df in cluster 7c13d0269e447344
2026-09-19 10:29:55.782179 I | raft: 577295b580b977df became follower at term 0
2026-09-19 10:29:55.782186 I | raft: newRaft 577295b580b977df [peers: [], term: 0, commit: 0, applied: 0, lastindex: 0, lastterm: 0]
2026-09-19 10:29:55.782188 I | raft: 577295b580b977df became follower at term 1
2026-09-19 10:29:55.787860 I | etcdserver: set snapshot count to default 10000
2026-09-19 10:29:55.787882 I | etcdserver: starting server... [version: 3.0.0-beta.0+git, cluster version: to_be_decided]
2026-09-19 10:29:55.788098 I | membership: added member 577295b580b977df [http://127.0.0.1:21001] to cluster 7c13d0269e447344
2026-09-19 10:29:55.789577 I | integration: launched node3637790272528304123 (unix://localhost:node3637790272528304123.sock)
2026-09-19 10:29:55.812639 I | raft: 577295b580b977df is starting a new election at term 1
2026-09-19 10:29:55.812672 I | raft: 577295b580b977df became candidate at term 2
2026-09-19 10:29:55.812678 I | raft: 577295b580b977df received vote from 577295b580b977df at term 2
2026-09-19 10:29:55.812685 I | raft: 577295b580b977df became leader at term 2
2026-09-19 10:29:55.812702 I | raft: raft.node: 577295b580b977df elected leader 577295b580b977df at term 2
2026-09-19 10:29:55.812778 I | etcdserver: setting up the initial cluster version to 3.0
2026-09-19 10:29:55.813537 N | membership: set the initial cluster version to 3.0
2026-09-19 10:29:55.813584 I | etcdserver: published {Name:node3637790272528304123 ClientURLs:[http://127.0.0.1:21002]} to cluster 7c13d0269e447344
2026-09-19 10:29:55.822655 I | integration: terminating node3637790272528304123 (unix://localhost:node3637790272528304123.sock)
2026-09-19 10:29:55.824625 I | integration: terminated node3637790272528304123 (unix://localhost:node3637790272528304123.sock)
--- PASS: TestKVGetErrConnClosed (0.05s)
PASS
