=== RUN   TestKVGetErrConnClosed
2026-09-19 10:30:01.793872 I | integration: launching node4432293118054205443 (unix://localhost:node4432293118054205443.sock)
2026-09-19 10:30:01.796275 I | etcdserver: name = node4432293118054205443
2026-09-19 10:30:01.796297 I | etcdserver: data dir = /tmp/etcd471346651
2026-09-19 10:30:01.796301 I | etcdserver: member dir = /tmp/etcd471346651/member
2026-09-19 10:30:01.796304 I | etcdserver: heartbeat = 10ms
2026-09-19 10:30:01.796306 I | etcdserver: election = 100ms
2026-09-19 10:30:01.796307 I | etcdserver: snapshot count = 0
2026-09-19 10:30:01.796316 I | etcdserver: advertise client URLs = http://127.0.0.1:21002
2026-09-19 10:30:01.796318 I | etcdserver: initial advertise peer URLs = http://127.0.0.1:21001
2026-09-19 10:30:01.796323 I | etcdserver: initial cluster = node4432293118054205443=http://127.0.0.1:21001
2026-09-19 10:30:01.797947 I | etcdserver: starting member 577295b580b977df in cluster 7c13d0269e447344
2026-09-19 10:30:01.797988 I | raft: 577295b580b977df became follower at term 0
2026-09-19 10:30:01.797994 I | raft: newRaft 577295b580b977df [peers: [], term: 0, commit: 0, applied: 0, lastindex: 0, lastterm: 0]
2026-09-19 10:30:01.797996 I | raft: 577295b580b977df became follower at term 1
2026-09-19 10:30:01.803499 I | etcdserver: set snapshot count to default 10000
2026-09-19 10:30:01.803520 I | etcdserver: starting server... [version: 3.0.0-beta.0+git, cluster version: to_be_decided]
2026-09-19 10:30:01.805150 I | membership: added member 577295b580b977df [http://127.0.0.1:21001] to cluster 7c13d0269e447344
2026-09-19 10:30:01.805660 I | integration: launched node4432293118054205443 (unix://localhost:node4432293118054205443.sock)
2026-09-19 10:30:01.828294 I | raft: 577295b580b977df is starting a new election at term 1
2026-09-19 10:30:01.828328 I | raft: 577295b580b977df became candidate at term 2
2026-09-19 10:30:01.828334 I | raft: 577295b580b977df received vote from 577295b580b977df at term 2
2026-09-19 10:30:01.828341 I | raft: 577295b580b977df became leader at term 2
2026-09-19 10:30:01.828365 I | raft: raft.node: 577295b580b977df elected leader 577295b580b977df at term 2
2026-09-19 10:30:01.828494 I | etcdserver: published {Name:node4432293118054205443 ClientURLs:[http://127.0.0.1:21002]} to cluster 7c13d0269e447344
2026-09-19 10:30:01.828573 I | etcdserver: setting up the initial cluster version to 3.0
2026-09-19 10:30:01.829152 N | membership: set the initial cluster version to 3.0
2026-09-19 10:30:01.838731 I | integration: terminating node4432293118054205443 (unix://localhost:node4432293118054205443.sock)
2026-09-19 10:30:01.840953 I | integration: terminated node4432293118054205443 (unix://localhost:node4432293118054205443.sock)
--- PASS: TestKVGetErrConnClosed (0.05s)
PASS
