=== RUN   TestKVGetErrConnClosed
2026-09-19 10:29:56.569832 I | integration: launching node4257073741232104343 (unix://localhost:node4257073741232104343.sock)
2026-09-19 10:29:56.574166 I | etcdserver: name = node4257073741232104343
2026-09-19 10:29:56.574192 I | etcdserver: data dir = /tmp/etcd473865736
2026-09-19 10:29:56.574198 I | etcdserver: member dir = /tmp/etcd473865736/member
2026-09-19 10:29:56.574201 I | etcdserver: heartbeat = 10ms
2026-09-19 10:29:56.574203 I | etcdserver: election = 100ms
2026-09-19 10:29:56.574206 I | etcdserver: snapshot count = 0
2026-09-19 10:29:56.574211 I | etcdserver: advertise client URLs = http://127.0.0.1:21002
2026-09-19 10:29:56.574246 I | etcdserver: initial advertise peer URLs = http://127.0.0.1:21001
2026-09-19 10:29:56.574258 I | etcdserver: initial cluster = node4257073741232104343=http://127.0.0.1:21001
2026-09-19 10:29:56.576048 I | etcdserver: starting member 577295b580b977df in cluster 7c13d0269e447344
2026-09-19 10:29:56.576084 I | raft: 577295b580b977df became follower at term 0
2026-09-19 10:29:56.576091 I | raft: newRaft 577295b580b977df [peers: [], term: 0, commit: 0, applied: 0, lastindex: 0, lastterm: 0]
2026-09-19 10:29:56.576093 I | raft: 577295b580b977df became follower at term 1
2026-09-19 10:29:56.581520 I | etcdserver: set snapshot count to default 10000
2026-09-19 10:29:56.581542 I | etcdserver: starting server... [version: 3.0.0-beta.0+git, cluster version: to_be_decided]
2026-09-19 10:29:56.583183 I | integration: launched node4257073741232104343 (unix://localhost:node4257073741232104343.sock)
2026-09-19 10:29:56.583617 I | membership: added member 577295b580b977df [http://127.0.0.1:21001] to cluster 7c13d0269e447344
2026-09-19 10:29:56.606421 I | raft: 577295b580b977df is starting a new election at term 1
2026-09-19 10:29:56.606455 I | raft: 577295b580b977df became candidate at term 2
2026-09-19 10:29:56.606460 I | raft: 577295b580b977df received vote from 577295b580b977df at term 2
2026-09-19 10:29:56.606467 I | raft: 577295b580b977df became leader at term 2
2026-09-19 10:29:56.606483 I | raft: raft.node: 577295b580b977df elected leader 577295b580b977df at term 2
2026-09-19 10:29:56.606658 I | etcdserver: setting up the initial cluster version to 3.0
2026-09-19 10:29:56.607447 N | membership: set the initial cluster version to 3.0
2026-09-19 10:29:56.607492 I | etcdserver: published {Name:node4257073741232104343 ClientURLs:[http://127.0.0.1:21002]} to cluster 7c13d0269e447344
2026-09-19 10:29:56.617074 I | integration: terminating node4257073741232104343 (unix://localhost:node4257073741232104343.sock)
2026-09-19 10:29:56.619307 I | integration: terminated node4257073741232104343 (unix://localhost:node4257073741232104343.sock)
--- PASS: TestKVGetErrConnClosed (0.05s)
PASS
